 glpro380

 Timestamp is 4756d5dd (Wed Dec 05 11:46:21 2007)

 Preferred load address is 00400000

 Start         Length     Name                   Class
 0001:00000000 0004d9adH .text                   CODE
 0002:00000000 00000e78H .rdata                  DATA
 0002:00000e78 00000000H .edata                  DATA
 0003:00000000 00000004H .CRT$XCA                DATA
 0003:00000004 00000004H .CRT$XCZ                DATA
 0003:00000008 00000004H .CRT$XIA                DATA
 0003:0000000c 00000008H .CRT$XIC                DATA
 0003:00000014 00000004H .CRT$XIZ                DATA
 0003:00000018 00000004H .CRT$XPA                DATA
 0003:0000001c 00000004H .CRT$XPX                DATA
 0003:00000020 00000004H .CRT$XPZ                DATA
 0003:00000024 00000004H .CRT$XTA                DATA
 0003:00000028 00000004H .CRT$XTZ                DATA
 0003:00000030 000137e0H .data                   DATA
 0003:00013810 00968ff0H .bss                    DATA
 0004:00000000 0000008cH .idata$2                DATA
 0004:0000008c 00000014H .idata$3                DATA
 0004:000000a0 0000033cH .idata$4                DATA
 0004:000003dc 0000033cH .idata$5                DATA
 0004:00000718 00000cfeH .idata$6                DATA
 0005:00000000 00000340H .rsrc$01                DATA
 0005:00000340 00004f40H .rsrc$02                DATA

  Address         Publics by Value              Rva+Base     Lib:Object

 0001:00000000       _CDAudio_Play              00401000 f   cd_win.obj
 0001:000002a0       _CDAudio_Stop              004012a0 f   cd_win.obj
 0001:000002f0       _CDAudio_Pause             004012f0 f   cd_win.obj
 0001:00000350       _CDAudio_Resume            00401350 f   cd_win.obj
 0001:000003e0       _CDAudio_MessageHandler    004013e0 f   cd_win.obj
 0001:00000490       _CDAudio_Update            00401490 f   cd_win.obj
 0001:00000510       _CDAudio_Init              00401510 f   cd_win.obj
 0001:00000970       _CDAudio_Shutdown          00401970 f   cd_win.obj
 0001:000009b0       _Chase_Init                004019b0 f   chase.obj
 0001:000009f0       _TraceLine                 004019f0 f   chase.obj
 0001:00000a50       _Chase_Update              00401a50 f   chase.obj
 0001:00000c00       _CL_StopPlayback           00401c00 f   cl_demo.obj
 0001:00000c50       _CL_FixMsg                 00401c50 f   cl_demo.obj
 0001:00000d10       _CL_WriteDemoMessage       00401d10 f   cl_demo.obj
 0001:00000db0       _CL_GetMessage             00401db0 f   cl_demo.obj
 0001:00001050       _CL_Stop_f                 00402050 f   cl_demo.obj
 0001:000010c0       _CL_Record_f               004020c0 f   cl_demo.obj
 0001:000013f0       _CL_PlayDemo_f             004023f0 f   cl_demo.obj
 0001:00001540       _CL_FinishTimeDemo         00402540 f   cl_demo.obj
 0001:000015b0       _CL_TimeDemo_f             004025b0 f   cl_demo.obj
 0001:00001600       _KeyDown                   00402600 f   cl_input.obj
 0001:00001690       _KeyUp                     00402690 f   cl_input.obj
 0001:00001740       _IN_KLookDown              00402740 f   cl_input.obj
 0001:00001750       _IN_KLookUp                00402750 f   cl_input.obj
 0001:00001760       _IN_MLookDown              00402760 f   cl_input.obj
 0001:00001770       _IN_MLookUp                00402770 f   cl_input.obj
 0001:000017c0       _IN_UpDown                 004027c0 f   cl_input.obj
 0001:000017d0       _IN_UpUp                   004027d0 f   cl_input.obj
 0001:000017e0       _IN_DownDown               004027e0 f   cl_input.obj
 0001:000017f0       _IN_DownUp                 004027f0 f   cl_input.obj
 0001:00001800       _IN_LeftDown               00402800 f   cl_input.obj
 0001:00001810       _IN_LeftUp                 00402810 f   cl_input.obj
 0001:00001820       _IN_RightDown              00402820 f   cl_input.obj
 0001:00001830       _IN_RightUp                00402830 f   cl_input.obj
 0001:00001840       _IN_ForwardDown            00402840 f   cl_input.obj
 0001:00001850       _IN_ForwardUp              00402850 f   cl_input.obj
 0001:00001860       _IN_BackDown               00402860 f   cl_input.obj
 0001:00001870       _IN_BackUp                 00402870 f   cl_input.obj
 0001:00001880       _IN_LookupDown             00402880 f   cl_input.obj
 0001:00001890       _IN_LookupUp               00402890 f   cl_input.obj
 0001:000018a0       _IN_LookdownDown           004028a0 f   cl_input.obj
 0001:000018b0       _IN_LookdownUp             004028b0 f   cl_input.obj
 0001:000018c0       _IN_MoveleftDown           004028c0 f   cl_input.obj
 0001:000018d0       _IN_MoveleftUp             004028d0 f   cl_input.obj
 0001:000018e0       _IN_MoverightDown          004028e0 f   cl_input.obj
 0001:000018f0       _IN_MoverightUp            004028f0 f   cl_input.obj
 0001:00001900       _IN_SpeedDown              00402900 f   cl_input.obj
 0001:00001910       _IN_SpeedUp                00402910 f   cl_input.obj
 0001:00001920       _IN_StrafeDown             00402920 f   cl_input.obj
 0001:00001930       _IN_StrafeUp               00402930 f   cl_input.obj
 0001:00001940       _IN_AttackDown             00402940 f   cl_input.obj
 0001:00001950       _IN_AttackUp               00402950 f   cl_input.obj
 0001:00001960       _IN_UseDown                00402960 f   cl_input.obj
 0001:00001970       _IN_UseUp                  00402970 f   cl_input.obj
 0001:00001980       _IN_JumpDown               00402980 f   cl_input.obj
 0001:00001990       _IN_JumpUp                 00402990 f   cl_input.obj
 0001:000019a0       _IN_Impulse                004029a0 f   cl_input.obj
 0001:000019c0       _IN_BestWeapon             004029c0 f   cl_input.obj
 0001:00001a30       _CL_KeyState               00402a30 f   cl_input.obj
 0001:00001ab0       _CL_AdjustAngles           00402ab0 f   cl_input.obj
 0001:00001cc0       _CL_BaseMove               00402cc0 f   cl_input.obj
 0001:00001de0       _CL_SendLagMove            00402de0 f   cl_input.obj
 0001:00001eb0       _CL_SendMove               00402eb0 f   cl_input.obj
 0001:00002040       _CL_InitInput              00403040 f   cl_input.obj
 0001:00002280       _CL_ClearState             00403280 f   cl_main.obj
 0001:00002330       _CL_Disconnect             00403330 f   cl_main.obj
 0001:000023f0       _CL_Disconnect_f           004033f0 f   cl_main.obj
 0001:00002410       _CL_EstablishConnection    00403410 f   cl_main.obj
 0001:000024f0       _CL_SignonReply            004034f0 f   cl_main.obj
 0001:000027d0       _CL_NextDemo               004037d0 f   cl_main.obj
 0001:00002870       _CL_PrintEntities_f        00403870 f   cl_main.obj
 0001:00002910       _CL_AllocDlight            00403910 f   cl_main.obj
 0001:00002980       _CL_DecayLights            00403980 f   cl_main.obj
 0001:000029e0       _CL_LerpPoint              004039e0 f   cl_main.obj
 0001:00002b30       _CL_RelinkEntities         00403b30 f   cl_main.obj
 0001:00002fe0       _CL_ReadFromServer         00403fe0 f   cl_main.obj
 0001:00003080       _CL_SendCmd                00404080 f   cl_main.obj
 0001:00003130       _CL_SaveFOV_f              00404130 f   cl_main.obj
 0001:00003140       _CL_RestoreFOV_f           00404140 f   cl_main.obj
 0001:00003180       _CL_SaveSensitivity_f      00404180 f   cl_main.obj
 0001:00003190       _CL_RestoreSensitivity_f   00404190 f   cl_main.obj
 0001:000031d0       _CL_Viewpos_f              004041d0 f   cl_main.obj
 0001:00003240       _CL_Init                   00404240 f   cl_main.obj
 0001:00003440       _CL_EntityNum              00404440 f   cl_parse.obj
 0001:000034a0       _CL_ParseStartSoundPacket  004044a0 f   cl_parse.obj
 0001:00003570       _CL_KeepaliveMessage       00404570 f   cl_parse.obj
 0001:000036b0       _CL_ParseServerInfo        004046b0 f   cl_parse.obj
 0001:00003960       _CL_ParseUpdate            00404960 f   cl_parse.obj
 0001:00003c50       _CL_ParseBaseline          00404c50 f   cl_parse.obj
 0001:00003ca0       _CL_ParseClientdata        00404ca0 f   cl_parse.obj
 0001:00003f00       _CL_NewTranslation         00404f00 f   cl_parse.obj
 0001:00004040       _CL_ParseStatic            00405040 f   cl_parse.obj
 0001:000040f0       _CL_ParseStaticSound       004050f0 f   cl_parse.obj
 0001:00004150       _MSG_ReadBytePQ            00405150 f   cl_parse.obj
 0001:00004170       _MSG_ReadShortPQ           00405170 f   cl_parse.obj
 0001:00004190       _CL_ParseProQuakeMessage   00405190 f   cl_parse.obj
 0001:00004360       _VersionString             00405360 f   cl_parse.obj
 0001:00004390       _Q_Version                 00405390 f   cl_parse.obj
 0001:000043f0       _CL_ParseProQuakeString    004053f0 f   cl_parse.obj
 0001:00004a20       _CL_ParseServerMessage     00405a20 f   cl_parse.obj
 0001:00005090       _CL_InitTEnts              00406090 f   cl_tent.obj
 0001:00005100       _CL_ParseBeam              00406100 f   cl_tent.obj
 0001:00005220       _CL_ParseTEnt              00406220 f   cl_tent.obj
 0001:00005710       _CL_NewTempEntity          00406710 f   cl_tent.obj
 0001:00005780       _CL_UpdateTEnts            00406780 f   cl_tent.obj
 0001:000059e0       _Cmd_Wait_f                004069e0 f   cmd.obj
 0001:000059f0       _Cbuf_Init                 004069f0 f   cmd.obj
 0001:00005a10       _Cbuf_AddText              00406a10 f   cmd.obj
 0001:00005a60       _Cbuf_InsertText           00406a60 f   cmd.obj
 0001:00005ac0       _Cbuf_Execute              00406ac0 f   cmd.obj
 0001:00005ba0       _Cmd_StuffCmds_f           00406ba0 f   cmd.obj
 0001:00005dd0       _Cmd_Exec_f                00406dd0 f   cmd.obj
 0001:00005e50       _Cmd_Echo_f                00406e50 f   cmd.obj
 0001:00005e90       _CopyString                00406e90 f   cmd.obj
 0001:00005ed0       _Cmd_Alias_f               00406ed0 f   cmd.obj
 0001:000060d0       _Cmd_List_f                004070d0 f   cmd.obj
 0001:00006180       _Cmd_Argc                  00407180 f   cmd.obj
 0001:00006190       _Cmd_Argv                  00407190 f   cmd.obj
 0001:000061b0       _Cmd_Args                  004071b0 f   cmd.obj
 0001:000061c0       _Cmd_TokenizeString        004071c0 f   cmd.obj
 0001:00006290       _Cmd_AddCommand            00407290 f   cmd.obj
 0001:000063c0       _Cmd_Exists                004073c0 f   cmd.obj
 0001:00006400       _Cmd_CompleteCommand       00407400 f   cmd.obj
 0001:000065a0       _Cmd_ExecuteString         004075a0 f   cmd.obj
 0001:00006650       _Cmd_ForwardToServer       00407650 f   cmd.obj
 0001:00006b90       _Cmd_Init                  00407b90 f   cmd.obj
 0001:00006c10       _ClearLink                 00407c10 f   common.obj
 0001:00006c20       _RemoveLink                00407c20 f   common.obj
 0001:00006c40       _InsertLinkBefore          00407c40 f   common.obj
 0001:00006c60       _Q_memset                  00407c60 f   common.obj
 0001:00006cc0       _Q_memcpy                  00407cc0 f   common.obj
 0001:00006d10       _Q_strcpy                  00407d10 f   common.obj
 0001:00006d40       _Q_strncpy                 00407d40 f   common.obj
 0001:00006d70       _Q_strlen                  00407d70 f   common.obj
 0001:00006d90       _Q_strrchr                 00407d90 f   common.obj
 0001:00006dd0       _Q_strcat                  00407dd0 f   common.obj
 0001:00006df0       _Q_strcmp                  00407df0 f   common.obj
 0001:00006e20       _Q_strncmp                 00407e20 f   common.obj
 0001:00006e50       _Q_strncasecmp             00407e50 f   common.obj
 0001:00006eb0       _Q_strcasecmp              00407eb0 f   common.obj
 0001:00006ed0       _Q_atoi                    00407ed0 f   common.obj
 0001:00006f70       _Q_atof                    00407f70 f   common.obj
 0001:00007080       _Q_strncpyz                00408080 f   common.obj
 0001:000070b0       _Q_snprintfz               004080b0 f   common.obj
 0001:000070e0       _ShortSwap                 004080e0 f   common.obj
 0001:00007100       _ShortNoSwap               00408100 f   common.obj
 0001:00007110       _LongSwap                  00408110 f   common.obj
 0001:00007150       _LongNoSwap                00408150 f   common.obj
 0001:00007160       _FloatSwap                 00408160 f   common.obj
 0001:00007190       _FloatNoSwap               00408190 f   common.obj
 0001:000071a0       _MSG_WriteByte             004081a0 f   common.obj
 0001:000071a0       _MSG_WriteChar             004081a0 f   common.obj
 0001:000071c0       _MSG_WriteShort            004081c0 f   common.obj
 0001:000071e0       _MSG_WriteLong             004081e0 f   common.obj
 0001:00007210       _MSG_WriteFloat            00408210 f   common.obj
 0001:00007240       _MSG_WriteString           00408240 f   common.obj
 0001:00007280       _MSG_WriteCoord            00408280 f   common.obj
 0001:000072a0       _MSG_WriteAngle            004082a0 f   common.obj
 0001:000072e0       _MSG_WritePreciseAngle     004082e0 f   common.obj
 0001:00007320       _MSG_BeginReading          00408320 f   common.obj
 0001:00007330       _MSG_ReadChar              00408330 f   common.obj
 0001:00007370       _MSG_ReadByte              00408370 f   common.obj
 0001:000073b0       _MSG_PeekByte              004083b0 f   common.obj
 0001:000073e0       _MSG_ReadShort             004083e0 f   common.obj
 0001:00007430       _MSG_ReadLong              00408430 f   common.obj
 0001:00007490       _MSG_ReadFloat             00408490 f   common.obj
 0001:000074e0       _MSG_ReadString            004084e0 f   common.obj
 0001:00007520       _MSG_ReadCoord             00408520 f   common.obj
 0001:00007540       _MSG_ReadAngle             00408540 f   common.obj
 0001:00007560       _MSG_ReadPreciseAngle      00408560 f   common.obj
 0001:00007580       _SZ_Alloc                  00408580 f   common.obj
 0001:000075c0       _SZ_Clear                  004085c0 f   common.obj
 0001:000075d0       _SZ_GetSpace               004085d0 f   common.obj
 0001:00007640       _SZ_Write                  00408640 f   common.obj
 0001:00007670       _SZ_Print                  00408670 f   common.obj
 0001:000076d0       _COM_StripExtension        004086d0 f   common.obj
 0001:00007700       _COM_FileExtension         00408700 f   common.obj
 0001:00007740       _COM_FileBase              00408740 f   common.obj
 0001:000077c0       _COM_ForceExtension        004087c0 f   common.obj
 0001:00007840       _COM_DefaultExtension      00408840 f   common.obj
 0001:000078a0       _COM_Parse                 004088a0 f   common.obj
 0001:00007990       _COM_CheckParm             00408990 f   common.obj
 0001:000079e0       _COM_CheckRegistered       004089e0 f   common.obj
 0001:00007ad0       _COM_InitArgv              00408ad0 f   common.obj
 0001:00007bf0       _COM_Init                  00408bf0 f   common.obj
 0001:00007cc0       _va                        00408cc0 f   common.obj
 0001:00007ce0       _COM_Path_f                00408ce0 f   common.obj
 0001:00007d40       _COM_WriteFile             00408d40 f   common.obj
 0001:00007dd0       _COM_CreatePath            00408dd0 f   common.obj
 0001:00007e00       _COM_CopyFile              00408e00 f   common.obj
 0001:00007e90       _COM_FindFile              00408e90 f   common.obj
 0001:00008240       _COM_OpenFile              00409240 f   common.obj
 0001:00008260       _COM_FOpenFile             00409260 f   common.obj
 0001:00008280       _COM_CloseFile             00409280 f   common.obj
 0001:000082c0       _COM_LoadFile              004092c0 f   common.obj
 0001:000083d0       _COM_LoadHunkFile          004093d0 f   common.obj
 0001:000083e0       _COM_LoadTempFile          004093e0 f   common.obj
 0001:000083f0       _COM_LoadStackFile         004093f0 f   common.obj
 0001:00008420       _COM_LoadPackFile          00409420 f   common.obj
 0001:00008640       _COM_AddGameDirectory      00409640 f   common.obj
 0001:00008730       _COM_InitFilesystem        00409730 f   common.obj
 0001:00008a40       _COM_ModelCRC              00409a40 f   common.obj
 0001:00008ad0       _InitConProc               00409ad0 f   conproc.obj
 0001:00008b90       _DeinitConProc             00409b90 f   conproc.obj
 0001:00008bb0       _RequestProc               00409bb0 f   conproc.obj
 0001:00008c90       _GetMappedBuffer           00409c90 f   conproc.obj
 0001:00008cb0       _ReleaseMappedBuffer       00409cb0 f   conproc.obj
 0001:00008cc0       _GetScreenBufferLines      00409cc0 f   conproc.obj
 0001:00008cf0       _SetScreenBufferLines      00409cf0 f   conproc.obj
 0001:00008d10       _ReadText                  00409d10 f   conproc.obj
 0001:00008d60       _WriteText                 00409d60 f   conproc.obj
 0001:00008e50       _CharToCode                00409e50 f   conproc.obj
 0001:00008ee0       _SetConsoleCXCY            00409ee0 f   conproc.obj
 0001:00009080       _Con_ToggleConsole_f       0040a080 f   console.obj
 0001:00009100       _Con_Clear_f               0040a100 f   console.obj
 0001:00009120       _Con_Showtime_f            0040a120 f   console.obj
 0001:00009160       _Con_Dump_f                0040a160 f   console.obj
 0001:000092d0       _Con_ClearNotify           0040a2d0 f   console.obj
 0001:000092f0       _Con_MessageMode_f         0040a2f0 f   console.obj
 0001:00009310       _Con_MessageMode2_f        0040a310 f   console.obj
 0001:00009330       _Con_CheckResize           0040a330 f   console.obj
 0001:00009460       _Con_Init                  0040a460 f   console.obj
 0001:00009720       _Con_Linefeed              0040a720 f   console.obj
 0001:00009770       _Con_Print                 0040a770 f   console.obj
 0001:00009cb0       _Con_DebugLog              0040acb0 f   console.obj
 0001:00009d20       _Con_Printf                0040ad20 f   console.obj
 0001:00009dd0       _Con_DPrintf               0040add0 f   console.obj
 0001:00009e20       _Con_SafePrintf            0040ae20 f   console.obj
 0001:00009e70       _Con_DrawInput             0040ae70 f   console.obj
 0001:00009f40       _Con_DrawNotify            0040af40 f   console.obj
 0001:0000a130       _Con_DrawConsole           0040b130 f   console.obj
 0001:0000a1f0       _CRC_Init                  0040b1f0 f   crc.obj
 0001:0000a200       _CRC_ProcessByte           0040b200 f   crc.obj
 0001:0000a240       _CRC_Block                 0040b240 f   crc.obj
 0001:0000a280       _Cvar_List_f               0040b280 f   cvar.obj
 0001:0000a330       _Cvar_Toggle_f             0040b330 f   cvar.obj
 0001:0000a3a0       _Cvar_Reset_f              0040b3a0 f   cvar.obj
 0001:0000a3d0       _Cvar_ResetAll_f           0040b3d0 f   cvar.obj
 0001:0000a3f0       _Cvar_Init                 0040b3f0 f   cvar.obj
 0001:0000a430       _Cvar_FindVar              0040b430 f   cvar.obj
 0001:0000a470       _Cvar_VariableValue        0040b470 f   cvar.obj
 0001:0000a4a0       _Cvar_VariableString       0040b4a0 f   cvar.obj
 0001:0000a4c0       _Cvar_Reset                0040b4c0 f   cvar.obj
 0001:0000a500       _Cvar_Set                  0040b500 f   cvar.obj
 0001:0000a700       _Cvar_SetValue             0040b700 f   cvar.obj
 0001:0000a730       _Cvar_RegisterVariable     0040b730 f   cvar.obj
 0001:0000a870       _Cvar_Command              0040b870 f   cvar.obj
 0001:0000a8d0       _Cvar_WriteVariables       0040b8d0 f   cvar.obj
 0001:0000a920       _GL_Bind                   0040b920 f   gl_draw.obj
 0001:0000a960       _Scrap_AllocBlock          0040b960 f   gl_draw.obj
 0001:0000aa50       _Scrap_Upload              0040ba50 f   gl_draw.obj
 0001:0000aab0       _Draw_PicFromWad           0040bab0 f   gl_draw.obj
 0001:0000ac10       _Draw_CachePic             0040bc10 f   gl_draw.obj
 0001:0000ad70       _Draw_CharToConback        0040bd70 f   gl_draw.obj
 0001:0000add0       _Draw_TextureMode_f        0040bdd0 f   gl_draw.obj
 0001:0000aef0       _Draw_Init                 0040bef0 f   gl_draw.obj
 0001:0000b120       _Draw_Character            0040c120 f   gl_draw.obj
 0001:0000b250       _Draw_String               0040c250 f   gl_draw.obj
 0001:0000b290       _Draw_AlphaPic             0040c290 f   gl_draw.obj
 0001:0000b3e0       _Draw_Pic                  0040c3e0 f   gl_draw.obj
 0001:0000b4e0       _Draw_TransPic             0040c4e0 f   gl_draw.obj
 0001:0000b530       _Draw_TransPicTranslate    0040c530 f   gl_draw.obj
 0001:0000b720       _Draw_ConsoleBackground    0040c720 f   gl_draw.obj
 0001:0000b780       _Draw_TileClear            0040c780 f   gl_draw.obj
 0001:0000b8a0       _Draw_Fill                 0040c8a0 f   gl_draw.obj
 0001:0000b9b0       _Draw_FadeScreen           0040c9b0 f   gl_draw.obj
 0001:0000baa0       _Draw_BeginDisc            0040caa0 f   gl_draw.obj
 0001:0000bae0       _GL_Set2D                  0040cae0 f   gl_draw.obj
 0001:0000bbc0       _GL_ResampleTexture        0040cbc0 f   gl_draw.obj
 0001:0000bc90       _GL_Resample8BitTexture    0040cc90 f   gl_draw.obj
 0001:0000bd80       _GL_MipMap                 0040cd80 f   gl_draw.obj
 0001:0000bee0       _GL_MipMap8Bit             0040cee0 f   gl_draw.obj
 0001:0000c030       _GL_Upload32               0040d030 f   gl_draw.obj
 0001:0000c240       _GL_Upload8_EXT            0040d240 f   gl_draw.obj
 0001:0000c440       _GL_Upload8                0040d440 f   gl_draw.obj
 0001:0000c560       _GL_LoadTexture            0040d560 f   gl_draw.obj
 0001:0000c6d0       _GL_LoadPicTexture         0040d6d0 f   gl_draw.obj
 0001:0000c700       _GL_SelectTexture          0040d700 f   gl_draw.obj
 0001:0000c740       _StripLength               0040d740 f   gl_mesh.obj
 0001:0000c8e0       _FanLength                 0040d8e0 f   gl_mesh.obj
 0001:0000ca70       _BuildTris                 0040da70 f   gl_mesh.obj
 0001:0000ccc0       _GL_MakeAliasModelDisplayLists 0040dcc0 f   gl_mesh.obj
 0001:0000cf40       _Mod_Init                  0040df40 f   gl_model.obj
 0001:0000cf60       _Mod_Extradata             0040df60 f   gl_model.obj
 0001:0000cfa0       _Mod_PointInLeaf           0040dfa0 f   gl_model.obj
 0001:0000d010       _Mod_DecompressVis         0040e010 f   gl_model.obj
 0001:0000d0a0       _Mod_LeafPVS               0040e0a0 f   gl_model.obj
 0001:0000d0d0       _Mod_ClearAll              0040e0d0 f   gl_model.obj
 0001:0000d100       _Mod_FindName              0040e100 f   gl_model.obj
 0001:0000d1c0       _Mod_TouchModel            0040e1c0 f   gl_model.obj
 0001:0000d1f0       _Mod_LoadModel             0040e1f0 f   gl_model.obj
 0001:0000d2e0       _Mod_ForName               0040e2e0 f   gl_model.obj
 0001:0000d300       _Mod_LoadTextures          0040e300 f   gl_model.obj
 0001:0000d780       _Mod_LoadLighting          0040e780 f   gl_model.obj
 0001:0000d7f0       _Mod_LoadVisibility        0040e7f0 f   gl_model.obj
 0001:0000d860       _Mod_LoadEntities          0040e860 f   gl_model.obj
 0001:0000d8d0       _Mod_LoadVertexes          0040e8d0 f   gl_model.obj
 0001:0000d980       _Mod_LoadSubmodels         0040e980 f   gl_model.obj
 0001:0000dac0       _Mod_LoadEdges             0040eac0 f   gl_model.obj
 0001:0000db50       _Mod_LoadTexinfo           0040eb50 f   gl_model.obj
 0001:0000dd00       _CalcSurfaceExtents        0040ed00 f   gl_model.obj
 0001:0000de80       _Mod_LoadFaces             0040ee80 f   gl_model.obj
 0001:0000e050       _Mod_SetParent             0040f050 f   gl_model.obj
 0001:0000e080       _Mod_LoadNodes             0040f080 f   gl_model.obj
 0001:0000e230       _Mod_LoadLeafs             0040f230 f   gl_model.obj
 0001:0000e3e0       _Mod_LoadClipnodes         0040f3e0 f   gl_model.obj
 0001:0000e520       _Mod_MakeHull0             0040f520 f   gl_model.obj
 0001:0000e600       _Mod_LoadMarksurfaces      0040f600 f   gl_model.obj
 0001:0000e6c0       _Mod_LoadSurfedges         0040f6c0 f   gl_model.obj
 0001:0000e740       _Mod_LoadPlanes            0040f740 f   gl_model.obj
 0001:0000e850       _RadiusFromBounds          0040f850 f   gl_model.obj
 0001:0000e8b0       _Mod_LoadBrushModel        0040f8b0 f   gl_model.obj
 0001:0000ead0       _Mod_LoadAliasFrame        0040fad0 f   gl_model.obj
 0001:0000eb60       _Mod_LoadAliasGroup        0040fb60 f   gl_model.obj
 0001:0000ebf0       _Mod_FloodFillSkin         0040fbf0 f   gl_model.obj
 0001:0000edb0       _Mod_LoadAllSkins          0040fdb0 f   gl_model.obj
 0001:0000f030       _Mod_LoadAliasModel        00410030 f   gl_model.obj
 0001:0000f460       _Mod_LoadSpriteFrame       00410460 f   gl_model.obj
 0001:0000f540       _Mod_LoadSpriteGroup       00410540 f   gl_model.obj
 0001:0000f600       _Mod_LoadSpriteModel       00410600 f   gl_model.obj
 0001:0000f770       _Mod_Print                 00410770 f   gl_model.obj
 0001:0000f7c0       _R_RemoveEfrags            004107c0 f   gl_refrag.obj
 0001:0000f820       _R_SplitEntityOnNode       00410820 f   gl_refrag.obj
 0001:0000f940       _R_AddEfrags               00410940 f   gl_refrag.obj
 0001:0000f9c0       _R_StoreEfrags             004109c0 f   gl_refrag.obj
 0001:0000fa30       _R_AnimateLight            00410a30 f   gl_rlight.obj
 0001:0000fa90       _AddLightBlend             00410a90 f   gl_rlight.obj
 0001:0000fb00       _R_RenderDlight            00410b00 f   gl_rlight.obj
 0001:0000fc40       _R_RenderDlights           00410c40 f   gl_rlight.obj
 0001:0000fd20       _R_MarkLights              00410d20 f   gl_rlight.obj
 0001:0000fdf0       _R_PushDlights             00410df0 f   gl_rlight.obj
 0001:0000fe70       _RecursiveLightPoint       00410e70 f   gl_rlight.obj
 0001:00010130       _R_LightPoint              00411130 f   gl_rlight.obj
 0001:00010190       _R_CullBox                 00411190 f   gl_rmain.obj
 0001:000101d0       _R_RotateForEntity         004111d0 f   gl_rmain.obj
 0001:00010230       _R_GetSpriteFrame          00411230 f   gl_rmain.obj
 0001:000102d0       _R_DrawSpriteModel         004112d0 f   gl_rmain.obj
 0001:00010480       _GL_DrawAliasFrame         00411480 f   gl_rmain.obj
 0001:00010600       _GL_DrawAliasShadow        00411600 f   gl_rmain.obj
 0001:000106f0       _R_SetupAliasFrame         004116f0 f   gl_rmain.obj
 0001:00010760       _R_DrawAliasModel          00411760 f   gl_rmain.obj
 0001:00010db0       _R_DrawEntitiesOnList      00411db0 f   gl_rmain.obj
 0001:00010e50       _R_DrawViewModel           00411e50 f   gl_rmain.obj
 0001:00011000       _R_PolyBlend               00412000 f   gl_rmain.obj
 0001:00011110       _SignbitsForPlane          00412110 f   gl_rmain.obj
 0001:00011140       _TurnVector                00412140 f   gl_rmain.obj
 0001:000111a0       _R_SetFrustum              004121a0 f   gl_rmain.obj
 0001:000112a0       _R_SetupFrame              004122a0 f   gl_rmain.obj
 0001:00011350       _MYgluPerspective          00412350 f   gl_rmain.obj
 0001:000113c0       _R_SetupGL                 004123c0 f   gl_rmain.obj
 0001:00011620       _R_RenderScene             00412620 f   gl_rmain.obj
 0001:00011660       _R_Clear                   00412660 f   gl_rmain.obj
 0001:00011780       _R_Mirror                  00412780 f   gl_rmain.obj
 0001:00011a40       _R_RenderView              00412a40 f   gl_rmain.obj
 0001:00011b40       _R_InitTextures            00412b40 f   gl_rmisc.obj
 0001:00011c30       _R_InitParticleTexture     00412c30 f   gl_rmisc.obj
 0001:00011d00       _R_Envmap_f                00412d00 f   gl_rmisc.obj
 0001:00011fe0       _R_Init                    00412fe0 f   gl_rmisc.obj
 0001:00012160       _R_TranslatePlayerSkin     00413160 f   gl_rmisc.obj
 0001:000125d0       _R_NewMap                  004135d0 f   gl_rmisc.obj
 0001:000126d0       _R_TimeRefresh_f           004136d0 f   gl_rmisc.obj
 0001:00012760       _R_AddDynamicLights        00413760 f   gl_rsurf.obj
 0001:000129a0       _R_BuildLightMap           004139a0 f   gl_rsurf.obj
 0001:00012bb0       _R_TextureAnimation        00413bb0 f   gl_rsurf.obj
 0001:00012c30       _GL_DisableMultitexture    00413c30 f   gl_rsurf.obj
 0001:00012c60       _GL_EnableMultitexture     00413c60 f   gl_rsurf.obj
 0001:00012c90       _R_DrawSequentialPoly      00413c90 f   gl_rsurf.obj
 0001:000131d0       _DrawGLWaterPoly           004141d0 f   gl_rsurf.obj
 0001:00013290       _DrawGLWaterPolyLightmap   00414290 f   gl_rsurf.obj
 0001:00013350       _DrawGLPoly                00414350 f   gl_rsurf.obj
 0001:000133a0       _R_BlendLightmaps          004143a0 f   gl_rsurf.obj
 0001:000135f0       _R_RenderBrushPoly         004145f0 f   gl_rsurf.obj
 0001:00013800       _R_RenderDynamicLightmaps  00414800 f   gl_rsurf.obj
 0001:000139a0       _R_MirrorChain             004149a0 f   gl_rsurf.obj
 0001:000139d0       _R_DrawWaterSurfaces       004149d0 f   gl_rsurf.obj
 0001:00013b70       _DrawTextureChains         00414b70 f   gl_rsurf.obj
 0001:00013c60       _R_DrawBrushModel          00414c60 f   gl_rsurf.obj
 0001:00013fb0       _R_RecursiveWorldNode      00414fb0 f   gl_rsurf.obj
 0001:00014200       _R_DrawWorld               00415200 f   gl_rsurf.obj
 0001:000142a0       _R_MarkLeaves              004152a0 f   gl_rsurf.obj
 0001:000143d0       _AllocBlock                004153d0 f   gl_rsurf.obj
 0001:000144c0       _BuildSurfaceDisplayList   004154c0 f   gl_rsurf.obj
 0001:00014830       _GL_CreateSurfaceLightmap  00415830 f   gl_rsurf.obj
 0001:00014890       _GL_BuildLightmaps         00415890 f   gl_rsurf.obj
 0001:00014b30       _SCR_CenterPrint           00415b30 f   gl_screen.obj
 0001:00014b90       _SCR_DrawCenterString      00415b90 f   gl_screen.obj
 0001:00014c90       _SCR_CheckDrawCenterString 00415c90 f   gl_screen.obj
 0001:00014cf0       _CalcFov                   00415cf0 f   gl_screen.obj
 0001:00014d60       _SCR_SizeUp_f              00415d60 f   gl_screen.obj
 0001:00014d90       _SCR_SizeDown_f            00415d90 f   gl_screen.obj
 0001:00014dc0       _SCR_Init                  00415dc0 f   gl_screen.obj
 0001:00014ea0       _SCR_DrawRam               00415ea0 f   gl_screen.obj
 0001:00014ee0       _SCR_DrawTurtle            00415ee0 f   gl_screen.obj
 0001:00014f40       _SCR_DrawNet               00415f40 f   gl_screen.obj
 0001:00014f90       _SCR_DrawFPS               00415f90 f   gl_screen.obj
 0001:00015080       _SCR_DrawSpeed             00416080 f   gl_screen.obj
 0001:000151d0       _SCR_DrawPause             004161d0 f   gl_screen.obj
 0001:00015220       _SCR_DrawLoading           00416220 f   gl_screen.obj
 0001:00015260       _SCR_SetUpToDrawConsole    00416260 f   gl_screen.obj
 0001:000153c0       _SCR_DrawConsole           004163c0 f   gl_screen.obj
 0001:00015420       _SCR_ScreenShot_f          00416420 f   gl_screen.obj
 0001:000155d0       _SCR_BeginLoadingPlaque    004165d0 f   gl_screen.obj
 0001:00015650       _SCR_EndLoadingPlaque      00416650 f   gl_screen.obj
 0001:00015670       _SCR_DrawNotifyString      00416670 f   gl_screen.obj
 0001:00015720       _SCR_ModalMessage          00416720 f   gl_screen.obj
 0001:000157b0       _SCR_TileClear             004167b0 f   gl_screen.obj
 0001:00015860       _SCR_UpdateScreen          00416860 f   gl_screen.obj
 0001:00015d60       _CheckExtension            00416d60 f   gl_vidnt.obj
 0001:00015e00       _CheckVsyncControlExtensions 00416e00 f   gl_vidnt.obj
 0001:00015e50       _OnChange_vid_vsync        00416e50 f   gl_vidnt.obj
 0001:00015e60       _CenterWindow              00416e60 f   gl_vidnt.obj
 0001:00015ec0       _VID_UpdateWindowStatus    00416ec0 f   gl_vidnt.obj
 0001:00015f20       _VID_SetWindowedMode       00416f20 f   gl_vidnt.obj
 0001:00016130       _VID_SetFullDIBMode        00417130 f   gl_vidnt.obj
 0001:00016370       _VID_SetMode               00417370 f   gl_vidnt.obj
 0001:00016570       _CheckTextureExtensions    00417570 f   gl_vidnt.obj
 0001:00016630       _CheckMultiTextureExtensions 00417630 f   gl_vidnt.obj
 0001:00016690       _GL_Init                   00417690 f   gl_vidnt.obj
 0001:00016820       _GL_BeginRendering         00417820 f   gl_vidnt.obj
 0001:00016860       _GL_EndRendering           00417860 f   gl_vidnt.obj
 0001:00016950       _VID_SetPalette            00417950 f   gl_vidnt.obj
 0001:00016a80       _VCR_Close                 00417a80 f   gl_vidnt.obj
 0001:00016a80       _Loop_Shutdown             00417a80 f   gl_vidnt.obj
 0001:00016a80       _VCR_Shutdown              00417a80 f   gl_vidnt.obj
 0001:00016a80       _VCR_SearchForHosts        00417a80 f   gl_vidnt.obj
 0001:00016a80       _D_FlushCaches             00417a80 f   gl_vidnt.obj
 0001:00016a80       _M_Search_Key              00417a80 f   gl_vidnt.obj
 0001:00016a80       _VID_UnlockBuffer          00417a80 f   gl_vidnt.obj
 0001:00016a80       _VID_ShiftPalette          00417a80 f   gl_vidnt.obj
 0001:00016a80       _VID_HandlePause           00417a80 f   gl_vidnt.obj
 0001:00016a80       _VID_LockBuffer            00417a80 f   gl_vidnt.obj
 0001:00016a80       _Draw_EndDisc              00417a80 f   gl_vidnt.obj
 0001:00016a80       _S_EndPrecaching           00417a80 f   gl_vidnt.obj
 0001:00016a80       _VID_ForceLockState        00417a80 f   gl_vidnt.obj
 0001:00016a80       _S_BeginPrecaching         00417a80 f   gl_vidnt.obj
 0001:00016a80       _SetPal                    00417a80 f   gl_vidnt.obj
 0001:00016a80       _Loop_Listen               00417a80 f   gl_vidnt.obj
 0001:00016a90       _VID_SetDefaultMode        00417a90 f   gl_vidnt.obj
 0001:00016aa0       _VID_Shutdown              00417aa0 f   gl_vidnt.obj
 0001:00016b30       _bSetupPixelFormat         00417b30 f   gl_vidnt.obj
 0001:00016b90       _AppActivate               00417b90 f   gl_vidnt.obj
 0001:00016cd0       _MainWndProc@16            00417cd0 f   gl_vidnt.obj
 0001:00017060       _VID_NumModes              00418060 f   gl_vidnt.obj
 0001:00017070       _VID_GetModePtr            00418070 f   gl_vidnt.obj
 0001:000170a0       _VID_GetModeDescription    004180a0 f   gl_vidnt.obj
 0001:000170f0       _VID_GetExtModeDescription 004180f0 f   gl_vidnt.obj
 0001:000171c0       _VID_DescribeCurrentMode_f 004181c0 f   gl_vidnt.obj
 0001:000171e0       _VID_NumModes_f            004181e0 f   gl_vidnt.obj
 0001:00017210       _VID_DescribeMode_f        00418210 f   gl_vidnt.obj
 0001:00017250       _VID_DescribeModes_f       00418250 f   gl_vidnt.obj
 0001:000172a0       _VID_InitDIB               004182a0 f   gl_vidnt.obj
 0001:00017440       _VID_InitFullDIB           00418440 f   gl_vidnt.obj
 0001:000177b0       _VID_Is8bit                004187b0 f   gl_vidnt.obj
 0001:000177c0       _VID_Init8bitPalette       004187c0 f   gl_vidnt.obj
 0001:00017880       _VID_Init                  00418880 f   gl_vidnt.obj
 0001:00018050       _VID_MenuDraw              00419050 f   gl_vidnt.obj
 0001:000181b0       _VID_MenuKey               004191b0 f   gl_vidnt.obj
 0001:000181d0       _BoundPoly                 004191d0 f   gl_warp.obj
 0001:00018250       _SubdividePolygon          00419250 f   gl_warp.obj
 0001:000185d0       _GL_SubdivideSurface       004195d0 f   gl_warp.obj
 0001:00018680       _EmitWaterPolys            00419680 f   gl_warp.obj
 0001:00018740       _EmitSkyPolys              00419740 f   gl_warp.obj
 0001:00018820       _EmitBothSkyLayers         00419820 f   gl_warp.obj
 0001:000188c0       _R_DrawSkyChain            004198c0 f   gl_warp.obj
 0001:00018980       _R_InitSky                 00419980 f   gl_warp.obj
 0001:00018b90       _Host_EndGame              00419b90 f   host.obj
 0001:00018c20       _Host_Error                00419c20 f   host.obj
 0001:00018cd0       _Host_FindMaxClients       00419cd0 f   host.obj
 0001:00018e10       _Host_InitDeQuake          00419e10 f   host.obj
 0001:00018ef0       _Host_InitLocal            00419ef0 f   host.obj
 0001:00019030       _Host_WriteConfig          0041a030 f   host.obj
 0001:00019180       _Host_WriteConfiguration   0041a180 f   host.obj
 0001:000191b0       _Host_WriteConfig_f        0041a1b0 f   host.obj
 0001:00019220       _SV_ClientPrintf           0041a220 f   host.obj
 0001:00019270       _SV_BroadcastPrintf        0041a270 f   host.obj
 0001:00019300       _Host_ClientCommands       0041a300 f   host.obj
 0001:00019350       _SV_DropClient             0041a350 f   host.obj
 0001:00019560       _Host_ShutdownServer       0041a560 f   host.obj
 0001:00019710       _Host_ClearMemory          0041a710 f   host.obj
 0001:00019760       _Host_FilterTime           0041a760 f   host.obj
 0001:00019850       _Host_GetConsoleCommands   0041a850 f   host.obj
 0001:00019870       _Host_ServerFrame          0041a870 f   host.obj
 0001:00019920       __Host_Frame               0041a920 f   host.obj
 0001:00019af0       _Host_Frame                0041aaf0 f   host.obj
 0001:00019bc0       _Host_InitVCR              0041abc0 f   host.obj
 0001:00019e10       _Host_Init                 0041ae10 f   host.obj
 0001:0001a050       _Host_Shutdown             0041b050 f   host.obj
 0001:0001a0b0       _Host_Quit_f               0041b0b0 f   host_cmd.obj
 0001:0001a0f0       _Host_Status_f             0041b0f0 f   host_cmd.obj
 0001:0001a300       _Host_Cheatfree_f          0041b300 f   host_cmd.obj
 0001:0001a340       _Host_God_f                0041b340 f   host_cmd.obj
 0001:0001a3d0       _Host_Notarget_f           0041b3d0 f   host_cmd.obj
 0001:0001a460       _Host_Noclip_f             0041b460 f   host_cmd.obj
 0001:0001a4f0       _Host_Fly_f                0041b4f0 f   host_cmd.obj
 0001:0001a560       _Host_Ping_f               0041b560 f   host_cmd.obj
 0001:0001a640       _Host_Map_f                0041b640 f   host_cmd.obj
 0001:0001a860       _Host_Changelevel_f        0041b860 f   host_cmd.obj
 0001:0001a8f0       _Host_Restart_f            0041b8f0 f   host_cmd.obj
 0001:0001a950       _Host_Reconnect_f          0041b950 f   host_cmd.obj
 0001:0001a960       _Host_Connect_f            0041b960 f   host_cmd.obj
 0001:0001a9f0       _Host_SavegameComment      0041b9f0 f   host_cmd.obj
 0001:0001aa90       _Host_Savegame_f           0041ba90 f   host_cmd.obj
 0001:0001ad20       _Host_Loadgame_f           0041bd20 f   host_cmd.obj
 0001:0001b0e0       _Host_Name_f               0041c0e0 f   host_cmd.obj
 0001:0001b310       _Host_Version_f            0041c310 f   host_cmd.obj
 0001:0001b340       _Host_Say                  0041c340 f   host_cmd.obj
 0001:0001b660       _Host_Say_f                0041c660 f   host_cmd.obj
 0001:0001b670       _Host_Say_Team_f           0041c670 f   host_cmd.obj
 0001:0001b680       _Host_Tell_f               0041c680 f   host_cmd.obj
 0001:0001b820       _Host_Color_f              0041c820 f   host_cmd.obj
 0001:0001b990       _Host_Kill_f               0041c990 f   host_cmd.obj
 0001:0001ba00       _Host_Pause_f              0041ca00 f   host_cmd.obj
 0001:0001bab0       _Host_PreSpawn_f           0041cab0 f   host_cmd.obj
 0001:0001bb40       _Host_Spawn_f              0041cb40 f   host_cmd.obj
 0001:0001c160       _Host_Begin_f              0041d160 f   host_cmd.obj
 0001:0001c1a0       _Host_Kick_f               0041d1a0 f   host_cmd.obj
 0001:0001c3b0       _Host_Give_f               0041d3b0 f   host_cmd.obj
 0001:0001c9a0       _FindViewthing             0041d9a0 f   host_cmd.obj
 0001:0001ca30       _Host_Viewmodel_f          0041da30 f   host_cmd.obj
 0001:0001ca90       _Host_Viewframe_f          0041da90 f   host_cmd.obj
 0001:0001cae0       _PrintFrameName            0041dae0 f   host_cmd.obj
 0001:0001cb10       _Host_Viewnext_f           0041db10 f   host_cmd.obj
 0001:0001cb80       _Host_Viewprev_f           0041db80 f   host_cmd.obj
 0001:0001cbe0       _Host_Startdemos_f         0041dbe0 f   host_cmd.obj
 0001:0001cca0       _Host_Demos_f              0041dca0 f   host_cmd.obj
 0001:0001ccd0       _Host_Stopdemo_f           0041dcd0 f   host_cmd.obj
 0001:0001ccf0       _unfun_match               0041dcf0 f   host_cmd.obj
 0001:0001cd50       _Host_Identify_f           0041dd50 f   host_cmd.obj
 0001:0001d020       _Host_Say_Rand_f           0041e020 f   host_cmd.obj
 0001:0001d150       _Host_InitCommands         0041e150 f   host_cmd.obj
 0001:0001d4b0       _OnChange_m_directinput    0041e4b0 f   in_win.obj
 0001:0001d4e0       _IN_DirectInputON          0041e4e0 f   in_win.obj
 0001:0001d4f0       _IN_SMouseProc@4           0041e4f0 f   in_win.obj
 0001:0001d7d0       _IN_SMouseRead             0041e7d0 f   in_win.obj
 0001:0001daf0       _IN_SMouseInit             0041eaf0 f   in_win.obj
 0001:0001db90       _Force_CenterView_f        0041eb90 f   in_win.obj
 0001:0001dba0       _IN_UpdateClipCursor       0041eba0 f   in_win.obj
 0001:0001dbe0       _IN_ShowMouse              0041ebe0 f   in_win.obj
 0001:0001dc00       _IN_HideMouse              0041ec00 f   in_win.obj
 0001:0001dc20       _IN_ActivateMouse          0041ec20 f   in_win.obj
 0001:0001dcd0       _IN_DeactivateMouse        0041ecd0 f   in_win.obj
 0001:0001dd50       _IN_InitDInput             0041ed50 f   in_win.obj
 0001:0001dec0       _IN_StartupMouse           0041eec0 f   in_win.obj
 0001:0001e030       _IN_SetGlobals             0041f030 f   in_win.obj
 0001:0001e050       _IN_Init                   0041f050 f   in_win.obj
 0001:0001e0f0       _IN_Shutdown               0041f0f0 f   in_win.obj
 0001:0001e130       _IN_MouseEvent             0041f130 f   in_win.obj
 0001:0001e1c0       _IN_MouseMove              0041f1c0 f   in_win.obj
 0001:0001e810       _IN_Move                   0041f810 f   in_win.obj
 0001:0001e840       _IN_Accumulate             0041f840 f   in_win.obj
 0001:0001e8a0       _IN_StartupJoystick        0041f8a0 f   in_win.obj
 0001:0001ead0       _RawValuePointer           0041fad0 f   in_win.obj
 0001:0001eb20       _Joy_AdvancedUpdate_f      0041fb20 f   in_win.obj
 0001:0001eca0       _IN_Commands               0041fca0 f   in_win.obj
 0001:0001edf0       _IN_ReadJoystick           0041fdf0 f   in_win.obj
 0001:0001ee50       _IN_JoyMove                0041fe50 f   in_win.obj
 0001:0001f2f0       _IN_MapKey                 004202f0 f   in_win.obj
 0001:0001f450       _IPLog_Init                00420450 f   iplog.obj
 0001:0001f560       _IPLog_Import              00420560 f   iplog.obj
 0001:0001f640       _IPLog_WriteLog            00420640 f   iplog.obj
 0001:0001f790       _IPLog_Add                 00420790 f   iplog.obj
 0001:0001f9b0       _IPLog_Delete              004209b0 f   iplog.obj
 0001:0001f9f0       _IPLog_Merge               004209f0 f   iplog.obj
 0001:0001fa50       _IPLog_Identify            00420a50 f   iplog.obj
 0001:0001fab0       _IPLog_DumpTree            00420ab0 f   iplog.obj
 0001:0001fb80       _IPLog_Dump                00420b80 f   iplog.obj
 0001:0001fbf0       _Key_Console               00420bf0 f   keys.obj
 0001:00020360       _Key_Message               00421360 f   keys.obj
 0001:000204f0       _Key_StringToKeynum        004214f0 f   keys.obj
 0001:00020550       _Key_KeynumToString        00421550 f   keys.obj
 0001:000205b0       _Key_SetBinding            004215b0 f   keys.obj
 0001:00020610       _Key_Unbind_f              00421610 f   keys.obj
 0001:00020670       _Key_Unbindall_f           00421670 f   keys.obj
 0001:000206a0       _Key_Bindlist_f            004216a0 f   keys.obj
 0001:000206f0       _Key_Bind_f                004216f0 f   keys.obj
 0001:00020840       _Key_WriteBindings         00421840 f   keys.obj
 0001:00020890       _Key_Init                  00421890 f   keys.obj
 0001:00020ad0       _Key_Event                 00421ad0 f   keys.obj
 0001:00020e40       _Key_ClearAllStates        00421e40 f   keys.obj
 0001:00020e50       _Key_ClearStates           00421e50 f   keys.obj
 0001:00020e70       _LOC_LoadLocations         00421e70 f   location.obj
 0001:00021070       _LOC_GetLocation           00422070 f   location.obj
 0001:00021120       _anglemod                  00422120 f   mathlib.obj
 0001:00021150       _BOPS_Error                00422150 f   mathlib.obj
 0001:00021160       _AngleVectors              00422160 f   mathlib.obj
 0001:00021250       _VectorMA                  00422250 f   mathlib.obj
 0001:00021290       _CrossProduct              00422290 f   mathlib.obj
 0001:000212d0       _Length                    004222d0 f   mathlib.obj
 0001:00021300       _VectorLength              00422300 f   mathlib.obj
 0001:00021330       _VectorNormalize           00422330 f   mathlib.obj
 0001:00021380       _VectorScale               00422380 f   mathlib.obj
 0001:000213b0       _Mat_Init                  004223b0 f   matrix.obj
 0001:00021600       _Mat_Update                00422600 f   matrix.obj
 0001:000218b0       _M_DrawCharacter           004228b0 f   menu.obj
 0001:000218e0       _M_Print                   004228e0 f   menu.obj
 0001:00021920       _M_PrintWhite              00422920 f   menu.obj
 0001:00021960       _M_DrawTransPic            00422960 f   menu.obj
 0001:00021990       _M_DrawPic                 00422990 f   menu.obj
 0001:000219c0       _M_BuildTranslationTable   004229c0 f   menu.obj
 0001:00021a90       _M_DrawTransPicTranslate   00422a90 f   menu.obj
 0001:00021ac0       _M_DrawTextBox             00422ac0 f   menu.obj
 0001:00021c20       _M_ToggleMenu_f            00422c20 f   menu.obj
 0001:00021c60       _M_Menu_Main_f             00422c60 f   menu.obj
 0001:00021ca0       _M_Main_Draw               00422ca0 f   menu.obj
 0001:00021d30       _M_Main_Key                00422d30 f   menu.obj
 0001:00021eb0       _M_Menu_SinglePlayer_f     00422eb0 f   menu.obj
 0001:00021ed0       _M_SinglePlayer_Draw       00422ed0 f   menu.obj
 0001:00021f60       _M_SinglePlayer_Key        00422f60 f   menu.obj
 0001:000220e0       _M_ScanSaves               004230e0 f   menu.obj
 0001:000221c0       _M_Menu_Load_f             004231c0 f   menu.obj
 0001:000221e0       _M_Menu_Save_f             004231e0 f   menu.obj
 0001:00022220       _M_Load_Draw               00423220 f   menu.obj
 0001:000222a0       _M_Save_Draw               004232a0 f   menu.obj
 0001:00022320       _M_Load_Key                00423320 f   menu.obj
 0001:00022470       _M_Save_Key                00423470 f   menu.obj
 0001:000225a0       _M_Menu_MultiPlayer_f      004235a0 f   menu.obj
 0001:000225c0       _M_MultiPlayer_Draw        004235c0 f   menu.obj
 0001:00022680       _M_MultiPlayer_Key         00423680 f   menu.obj
 0001:000227e0       _M_Menu_Setup_f            004237e0 f   menu.obj
 0001:00022850       _M_Setup_Draw              00423850 f   menu.obj
 0001:00022a40       _M_Setup_Key               00423a40 f   menu.obj
 0001:00022dc0       _M_Menu_Net_f              00423dc0 f   menu.obj
 0001:00022e10       _M_Net_Draw                00423e10 f   menu.obj
 0001:00022fe0       _M_Net_Key                 00423fe0 f   menu.obj
 0001:00023180       _M_Menu_Options_f          00424180 f   menu.obj
 0001:000231c0       _M_AdjustSliders           004241c0 f   menu.obj
 0001:00023670       _M_DrawSlider              00424670 f   menu.obj
 0001:00023720       _M_DrawCheckbox            00424720 f   menu.obj
 0001:00023760       _M_Options_Draw            00424760 f   menu.obj
 0001:00023a50       _M_Options_Key             00424a50 f   menu.obj
 0001:00023c60       _M_Menu_Keys_f             00424c60 f   menu.obj
 0001:00023c80       _M_FindKeysForCommand      00424c80 f   menu.obj
 0001:00023cf0       _M_UnbindCommand           00424cf0 f   menu.obj
 0001:00023d50       _M_Keys_Draw               00424d50 f   menu.obj
 0001:00023ec0       _M_Keys_Key                00424ec0 f   menu.obj
 0001:000240d0       _M_Menu_Preferences_f      004250d0 f   menu.obj
 0001:000240f0       _M_Pref_AdjustSliders      004250f0 f   menu.obj
 0001:00024720       _M_Pref_Options_Draw       00425720 f   menu.obj
 0001:00024b80       _M_Pref_Options_Key        00425b80 f   menu.obj
 0001:00024d10       _M_Menu_Video_f            00425d10 f   menu.obj
 0001:00024d30       _M_Video_Draw              00425d30 f   menu.obj
 0001:00024d40       _M_Video_Key               00425d40 f   menu.obj
 0001:00024d50       _M_Menu_Help_f             00425d50 f   menu.obj
 0001:00024d80       _M_Help_Draw               00425d80 f   menu.obj
 0001:00024ea0       _M_Help_Key                00425ea0 f   menu.obj
 0001:00024f90       _M_Menu_Quit_f             00425f90 f   menu.obj
 0001:00024ff0       _M_Quit_Key                00425ff0 f   menu.obj
 0001:000250c0       _M_Quit_Draw               004260c0 f   menu.obj
 0001:00025250       _M_Menu_SerialConfig_f     00426250 f   menu.obj
 0001:00025330       _M_SerialConfig_Draw       00426330 f   menu.obj
 0001:000255f0       _M_SerialConfig_Key        004265f0 f   menu.obj
 0001:00025a70       _M_Menu_ModemConfig_f      00426a70 f   menu.obj
 0001:00025ab0       _M_ModemConfig_Draw        00426ab0 f   menu.obj
 0001:00025d10       _M_ModemConfig_Key         00426d10 f   menu.obj
 0001:00025ff0       _M_Menu_LanConfig_f        00426ff0 f   menu.obj
 0001:00026080       _M_LanConfig_Draw          00427080 f   menu.obj
 0001:000262d0       _M_LanConfig_Key           004272d0 f   menu.obj
 0001:000265b0       _M_Menu_GameOptions_f      004275b0 f   menu.obj
 0001:00026600       _M_GameOptions_Draw        00427600 f   menu.obj
 0001:00026ab0       _M_NetStart_Change         00427ab0 f   menu.obj
 0001:00026e30       _M_GameOptions_Key         00427e30 f   menu.obj
 0001:00027090       _M_Menu_Search_f           00428090 f   menu.obj
 0001:000270d0       _M_Search_Draw             004280d0 f   menu.obj
 0001:00027190       _M_Menu_ServerList_f       00428190 f   menu.obj
 0001:000271d0       _M_ServerList_Draw         004281d0 f   menu.obj
 0001:000273a0       _M_ServerList_Key          004283a0 f   menu.obj
 0001:00027510       _M_Init                    00428510 f   menu.obj
 0001:000275e0       _M_Draw                    004285e0 f   menu.obj
 0001:00027780       _M_Keydown                 00428780 f   menu.obj
 0001:00027960       _M_ConfigureNetSubsystem   00428960 f   menu.obj
 0001:000279b0       _NET_Ban_f                 004289b0 f   net_dgrm.obj
 0001:00027b10       _Datagram_SendMessage      00428b10 f   net_dgrm.obj
 0001:00027bf0       _SendMessageNext           00428bf0 f   net_dgrm.obj
 0001:00027cb0       _ReSendMessage             00428cb0 f   net_dgrm.obj
 0001:00027d70       _Datagram_CanSendMessage   00428d70 f   net_dgrm.obj
 0001:00027d90       _Datagram_CanSendUnreliableMessage 00428d90 f   net_dgrm.obj
 0001:00027d90       _Loop_CanSendUnreliableMessage 00428d90 f   net_dgrm.obj
 0001:00027da0       _Datagram_SendUnreliableMessage 00428da0 f   net_dgrm.obj
 0001:00027e40       _Datagram_GetMessage       00428e40 f   net_dgrm.obj
 0001:00028210       _PrintStats                00429210 f   net_dgrm.obj
 0001:00028260       _NET_Stats_f               00429260 f   net_dgrm.obj
 0001:000283e0       _Strip_Port                004293e0 f   net_dgrm.obj
 0001:00028900       _Datagram_Init             00429900 f   net_dgrm.obj
 0001:000290d0       _Datagram_Shutdown         0042a0d0 f   net_dgrm.obj
 0001:00029100       _Datagram_Close            0042a100 f   net_dgrm.obj
 0001:00029120       _Datagram_Listen           0042a120 f   net_dgrm.obj
 0001:00029160       _Datagram_Reject           0042a160 f   net_dgrm.obj
 0001:00029200       _Datagram_CheckNewConnections 0042a200 f   net_dgrm.obj
 0001:00029dd0       _Datagram_SearchForHosts   0042add0 f   net_dgrm.obj
 0001:0002a1f0       _Datagram_Connect          0042b1f0 f   net_dgrm.obj
 0001:0002a7d0       _Loop_Init                 0042b7d0 f   net_loop.obj
 0001:0002a7e0       _Loop_SearchForHosts       0042b7e0 f   net_loop.obj
 0001:0002a870       _Loop_Connect              0042b870 f   net_loop.obj
 0001:0002a9a0       _Loop_CheckNewConnections  0042b9a0 f   net_loop.obj
 0001:0002aa00       _Loop_GetMessage           0042ba00 f   net_loop.obj
 0001:0002aab0       _Loop_SendMessage          0042bab0 f   net_loop.obj
 0001:0002ab50       _Loop_SendUnreliableMessage 0042bb50 f   net_loop.obj
 0001:0002abd0       _Loop_CanSendMessage       0042bbd0 f   net_loop.obj
 0001:0002abf0       _Loop_Close                0042bbf0 f   net_loop.obj
 0001:0002ac30       _SetNetTime                0042bc30 f   net_main.obj
 0001:0002ac40       _NET_NewQSocket            0042bc40 f   net_main.obj
 0001:0002ad00       _NET_FreeQSocket           0042bd00 f   net_main.obj
 0001:0002ad60       _NET_Slist_f               0042bd60 f   net_main.obj
 0001:0002aff0       _NET_Connect               0042bff0 f   net_main.obj
 0001:0002b180       _NET_CheckNewConnections   0042c180 f   net_main.obj
 0001:0002b290       _NET_Close                 0042c290 f   net_main.obj
 0001:0002b2d0       _NET_GetMessage            0042c2d0 f   net_main.obj
 0001:0002b520       _NET_SendMessage           0042c520 f   net_main.obj
 0001:0002b650       _NET_SendUnreliableMessage 0042c650 f   net_main.obj
 0001:0002b780       _NET_CanSendMessage        0042c780 f   net_main.obj
 0001:0002b810       _NET_SendToAll             0042c810 f   net_main.obj
 0001:0002b970       _NET_Init                  0042c970 f   net_main.obj
 0001:0002be60       _NET_Shutdown              0042ce60 f   net_main.obj
 0001:0002bf00       _NET_Poll                  0042cf00 f   net_main.obj
 0001:0002bfd0       _SchedulePollProcedure     0042cfd0 f   net_main.obj
 0001:0002c030       _VCR_Init                  0042d030 f   net_vcr.obj
 0001:0002c0b0       _VCR_ReadNext              0042d0b0 f   net_vcr.obj
 0001:0002c100       _VCR_GetMessage            0042d100 f   net_vcr.obj
 0001:0002c1a0       _VCR_SendMessage           0042d1a0 f   net_vcr.obj
 0001:0002c200       _VCR_CanSendMessage        0042d200 f   net_vcr.obj
 0001:0002c260       _VCR_Connect               0042d260 f   net_vcr.obj
 0001:0002c260       _VID_ForceUnlockedAndReturnState 0042d260 f   net_vcr.obj
 0001:0002c260       _WINS_Connect              0042d260 f   net_vcr.obj
 0001:0002c260       _WIPX_Connect              0042d260 f   net_vcr.obj
 0001:0002c270       _VCR_CheckNewConnections   0042d270 f   net_vcr.obj
 0001:0002c2e0       _BlockingHook@0            0042d2e0 f   net_wins.obj
 0001:0002c340       _WINS_GetLocalAddress      0042d340 f   net_wins.obj
 0001:0002c3e0       _WINS_Init                 0042d3e0 f   net_wins.obj
 0001:0002c830       _WINS_Shutdown             0042d830 f   net_wins.obj
 0001:0002c860       _WINS_Listen               0042d860 f   net_wins.obj
 0001:0002c8c0       _WINS_OpenSocket           0042d8c0 f   net_wins.obj
 0001:0002c960       _WINS_CloseSocket          0042d960 f   net_wins.obj
 0001:0002c980       _WINS_CheckNewConnections  0042d980 f   net_wins.obj
 0001:0002c9d0       _WINS_Read                 0042d9d0 f   net_wins.obj
 0001:0002ca20       _WINS_MakeSocketBroadcastCapable 0042da20 f   net_wins.obj
 0001:0002ca60       _WINS_Broadcast            0042da60 f   net_wins.obj
 0001:0002cac0       _WINS_Write                0042dac0 f   net_wins.obj
 0001:0002cb00       _WINS_AddrToString         0042db00 f   net_wins.obj
 0001:0002cb60       _WINS_StringToAddr         0042db60 f   net_wins.obj
 0001:0002cbe0       _WINS_GetSocketAddr        0042dbe0 f   net_wins.obj
 0001:0002cc40       _WINS_GetNameFromAddr      0042dc40 f   net_wins.obj
 0001:0002cc60       _WINS_GetAddrFromName      0042dc60 f   net_wins.obj
 0001:0002cdd0       _WINS_AddrCompare          0042ddd0 f   net_wins.obj
 0001:0002ce10       _WINS_GetSocketPort        0042de10 f   net_wins.obj
 0001:0002ce30       _WINS_SetSocketPort        0042de30 f   net_wins.obj
 0001:0002ce50       _WIPX_Init                 0042de50 f   net_wipx.obj
 0001:0002d020       _WIPX_Shutdown             0042e020 f   net_wipx.obj
 0001:0002d050       _WIPX_Listen               0042e050 f   net_wipx.obj
 0001:0002d0b0       _WIPX_OpenSocket           0042e0b0 f   net_wipx.obj
 0001:0002d1a0       _WIPX_CloseSocket          0042e1a0 f   net_wipx.obj
 0001:0002d1c0       _WIPX_CheckNewConnections  0042e1c0 f   net_wipx.obj
 0001:0002d210       _WIPX_Read                 0042e210 f   net_wipx.obj
 0001:0002d290       _WIPX_Broadcast            0042e290 f   net_wipx.obj
 0001:0002d2b0       _WIPX_Write                0042e2b0 f   net_wipx.obj
 0001:0002d330       _WIPX_AddrToString         0042e330 f   net_wipx.obj
 0001:0002d3a0       _WIPX_StringToAddr         0042e3a0 f   net_wipx.obj
 0001:0002d620       _WIPX_GetSocketAddr        0042e620 f   net_wipx.obj
 0001:0002d670       _WIPX_GetNameFromAddr      0042e670 f   net_wipx.obj
 0001:0002d690       _WIPX_GetAddrFromName      0042e690 f   net_wipx.obj
 0001:0002d730       _WIPX_AddrCompare          0042e730 f   net_wipx.obj
 0001:0002d790       _WIPX_GetSocketPort        0042e790 f   net_wipx.obj
 0001:0002d7b0       _WIPX_SetSocketPort        0042e7b0 f   net_wipx.obj
 0001:0002d7d0       _PF_VarString              0042e7d0 f   pr_cmds.obj
 0001:0002d850       _PF_error                  0042e850 f   pr_cmds.obj
 0001:0002d8a0       _PF_objerror               0042e8a0 f   pr_cmds.obj
 0001:0002d8f0       _PF_makevectors            0042e8f0 f   pr_cmds.obj
 0001:0002d920       _PF_setorigin              0042e920 f   pr_cmds.obj
 0001:0002d960       _SetMinMaxSize             0042e960 f   pr_cmds.obj
 0001:0002da40       _PF_setsize                0042ea40 f   pr_cmds.obj
 0001:0002da70       _PF_setmodel               0042ea70 f   pr_cmds.obj
 0001:0002db60       _PF_bprint                 0042eb60 f   pr_cmds.obj
 0001:0002db80       _PF_sprint                 0042eb80 f   pr_cmds.obj
 0001:0002dc00       _PF_centerprint            0042ec00 f   pr_cmds.obj
 0001:0002dc80       _PF_normalize              0042ec80 f   pr_cmds.obj
 0001:0002dd20       _PF_vlen                   0042ed20 f   pr_cmds.obj
 0001:0002dd50       _PF_vectoyaw               0042ed50 f   pr_cmds.obj
 0001:0002ddc0       _PF_vectoangles            0042edc0 f   pr_cmds.obj
 0001:0002dea0       _PF_random                 0042eea0 f   pr_cmds.obj
 0001:0002ded0       _PF_particle               0042eed0 f   pr_cmds.obj
 0001:0002df00       _PF_ambientsound           0042ef00 f   pr_cmds.obj
 0001:0002e010       _PF_sound                  0042f010 f   pr_cmds.obj
 0001:0002e0e0       _PF_break                  0042f0e0 f   pr_cmds.obj
 0001:0002e100       _PF_traceline              0042f100 f   pr_cmds.obj
 0001:0002e240       _PF_newcheckclient         0042f240 f   pr_cmds.obj
 0001:0002e340       _PF_checkclient            0042f340 f   pr_cmds.obj
 0001:0002e4a0       _PF_stuffcmd               0042f4a0 f   pr_cmds.obj
 0001:0002e530       _PF_localcmd               0042f530 f   pr_cmds.obj
 0001:0002e550       _PF_cvar                   0042f550 f   pr_cmds.obj
 0001:0002e580       _PF_cvar_set               0042f580 f   pr_cmds.obj
 0001:0002e5f0       _PF_findradius             0042f5f0 f   pr_cmds.obj
 0001:0002e6e0       _PF_dprint                 0042f6e0 f   pr_cmds.obj
 0001:0002e700       _PF_ftos                   0042f700 f   pr_cmds.obj
 0001:0002e770       _PF_fabs                   0042f770 f   pr_cmds.obj
 0001:0002e780       _PF_vtos                   0042f780 f   pr_cmds.obj
 0001:0002e7d0       _PF_Spawn                  0042f7d0 f   pr_cmds.obj
 0001:0002e7f0       _PF_Remove                 0042f7f0 f   pr_cmds.obj
 0001:0002e810       _PF_Find                   0042f810 f   pr_cmds.obj
 0001:0002e8f0       _PR_CheckEmptyString       0042f8f0 f   pr_cmds.obj
 0001:0002e910       _PF_precache_file          0042f910 f   pr_cmds.obj
 0001:0002e920       _PF_precache_sound         0042f920 f   pr_cmds.obj
 0001:0002e9c0       _PF_precache_model         0042f9c0 f   pr_cmds.obj
 0001:0002ea70       _PF_coredump               0042fa70 f   pr_cmds.obj
 0001:0002ea80       _PF_traceon                0042fa80 f   pr_cmds.obj
 0001:0002ea90       _PF_traceoff               0042fa90 f   pr_cmds.obj
 0001:0002eaa0       _PF_eprint                 0042faa0 f   pr_cmds.obj
 0001:0002eac0       _PF_walkmove               0042fac0 f   pr_cmds.obj
 0001:0002eb70       _PF_droptofloor            0042fb70 f   pr_cmds.obj
 0001:0002ec80       _PF_lightstyle             0042fc80 f   pr_cmds.obj
 0001:0002ed10       _PF_rint                   0042fd10 f   pr_cmds.obj
 0001:0002ed60       _PF_floor                  0042fd60 f   pr_cmds.obj
 0001:0002ed80       _PF_ceil                   0042fd80 f   pr_cmds.obj
 0001:0002eda0       _PF_checkbottom            0042fda0 f   pr_cmds.obj
 0001:0002edd0       _PF_pointcontents          0042fdd0 f   pr_cmds.obj
 0001:0002ee00       _PF_nextent                0042fe00 f   pr_cmds.obj
 0001:0002ee60       _PF_aim                    0042fe60 f   pr_cmds.obj
 0001:0002f240       _PF_changeyaw              00430240 f   pr_cmds.obj
 0001:0002f320       _WriteDest                 00430320 f   pr_cmds.obj
 0001:0002f3d0       _PF_WriteByte              004303d0 f   pr_cmds.obj
 0001:0002f3d0       _PF_WriteChar              004303d0 f   pr_cmds.obj
 0001:0002f3f0       _PF_WriteShort             004303f0 f   pr_cmds.obj
 0001:0002f410       _PF_WriteLong              00430410 f   pr_cmds.obj
 0001:0002f430       _PF_WriteAngle             00430430 f   pr_cmds.obj
 0001:0002f450       _PF_WriteCoord             00430450 f   pr_cmds.obj
 0001:0002f470       _PF_WriteString            00430470 f   pr_cmds.obj
 0001:0002f490       _PF_WriteEntity            00430490 f   pr_cmds.obj
 0001:0002f4c0       _PF_makestatic             004304c0 f   pr_cmds.obj
 0001:0002f580       _PF_setspawnparms          00430580 f   pr_cmds.obj
 0001:0002f600       _PF_changelevel            00430600 f   pr_cmds.obj
 0001:0002f640       _PF_Fixme                  00430640 f   pr_cmds.obj
 0001:0002f650       _ED_ClearEdict             00430650 f   pr_edict.obj
 0001:0002f680       _ED_Alloc                  00430680 f   pr_edict.obj
 0001:0002f720       _ED_Free                   00430720 f   pr_edict.obj
 0001:0002f7c0       _ED_GlobalAtOfs            004307c0 f   pr_edict.obj
 0001:0002f7f0       _ED_FieldAtOfs             004307f0 f   pr_edict.obj
 0001:0002f820       _ED_FindField              00430820 f   pr_edict.obj
 0001:0002f8a0       _ED_FindGlobal             004308a0 f   pr_edict.obj
 0001:0002f920       _ED_FindFunction           00430920 f   pr_edict.obj
 0001:0002f9a0       _GetEdictFieldValue        004309a0 f   pr_edict.obj
 0001:0002fa80       _PR_ValueString            00430a80 f   pr_edict.obj
 0001:0002fc20       _PR_UglyValueString        00430c20 f   pr_edict.obj
 0001:0002fda0       _PR_GlobalString           00430da0 f   pr_edict.obj
 0001:0002fe80       _PR_GlobalStringNoContents 00430e80 f   pr_edict.obj
 0001:0002ff50       _ED_Print                  00430f50 f   pr_edict.obj
 0001:00030080       _ED_Write                  00431080 f   pr_edict.obj
 0001:00030170       _ED_PrintNum               00431170 f   pr_edict.obj
 0001:00030190       _ED_PrintEdicts            00431190 f   pr_edict.obj
 0001:000301d0       _ED_PrintEdict_f           004311d0 f   pr_edict.obj
 0001:00030200       _ED_Count                  00431200 f   pr_edict.obj
 0001:000302b0       _ED_WriteGlobals           004312b0 f   pr_edict.obj
 0001:00030360       _ED_ParseGlobals           00431360 f   pr_edict.obj
 0001:00030450       _ED_NewString              00431450 f   pr_edict.obj
 0001:000304b0       _ED_ParseEpair             004314b0 f   pr_edict.obj
 0001:00030690       _ED_ParseEdict             00431690 f   pr_edict.obj
 0001:00030930       _ED_LoadFromFile           00431930 f   pr_edict.obj
 0001:00030ac0       _PR_LoadProgs              00431ac0 f   pr_edict.obj
 0001:00030e90       _PR_Init                   00431e90 f   pr_edict.obj
 0001:00030f50       _EDICT_NUM                 00431f50 f   pr_edict.obj
 0001:00030f90       _NUM_FOR_EDICT             00431f90 f   pr_edict.obj
 0001:00030fd0       _PR_PrintStatement         00431fd0 f   pr_exec.obj
 0001:00031140       _PR_StackTrace             00432140 f   pr_exec.obj
 0001:000311c0       _PR_Profile_f              004321c0 f   pr_exec.obj
 0001:00031230       _PR_RunError               00432230 f   pr_exec.obj
 0001:00031290       _PR_EnterFunction          00432290 f   pr_exec.obj
 0001:000313a0       _PR_LeaveFunction          004323a0 f   pr_exec.obj
 0001:00031430       _PR_ExecuteProgram         00432430 f   pr_exec.obj
 0001:00031cf0       _R_InitParticles           00432cf0 f   r_part.obj
 0001:00031d50       _R_EntityParticles         00432d50 f   r_part.obj
 0001:00031ea0       _R_ClearParticles          00432ea0 f   r_part.obj
 0001:00031f00       _R_ReadPointFile_f         00432f00 f   r_part.obj
 0001:00032060       _R_ParseParticleEffect     00433060 f   r_part.obj
 0001:000320e0       _R_ParticleExplosion       004330e0 f   r_part.obj
 0001:00032220       _R_ParticleExplosion2      00433220 f   r_part.obj
 0001:00032300       _R_BlobExplosion           00433300 f   r_part.obj
 0001:00032470       _R_RunParticleEffect       00433470 f   r_part.obj
 0001:00032660       _R_LavaSplash              00433660 f   r_part.obj
 0001:000327c0       _R_TeleportSplash          004337c0 f   r_part.obj
 0001:00032970       _R_RocketTrail             00433970 f   r_part.obj
 0001:00032d20       _R_DrawParticles           00433d20 f   r_part.obj
 0001:00033110       _Sbar_ShowScores           00434110 f   sbar.obj
 0001:00033130       _Sbar_DontShowScores       00434130 f   sbar.obj
 0001:00033140       _Sbar_Changed              00434140 f   sbar.obj
 0001:00033150       _Sbar_Init                 00434150 f   sbar.obj
 0001:000337b0       _Sbar_DrawPic              004347b0 f   sbar.obj
 0001:00033810       _Sbar_DrawTransPic         00434810 f   sbar.obj
 0001:00033870       _Sbar_DrawCharacter        00434870 f   sbar.obj
 0001:000338d0       _Sbar_DrawString           004348d0 f   sbar.obj
 0001:00033930       _Sbar_itoa                 00434930 f   sbar.obj
 0001:000339a0       _Sbar_DrawNum              004349a0 f   sbar.obj
 0001:00033a30       _Sbar_SortFrags            00434a30 f   sbar.obj
 0001:00033ae0       _Sbar_SortTeamFrags        00434ae0 f   sbar.obj
 0001:00033b60       _Sbar_ColorForMap          00434b60 f   sbar.obj
 0001:00033b70       _Sbar_SoloScoreboard       00434b70 f   sbar.obj
 0001:00033d50       _Sbar_DrawScoreboard       00434d50 f   sbar.obj
 0001:00033d70       _Sbar_DrawInventory        00434d70 f   sbar.obj
 0001:00034230       _Sbar_DrawFrags            00435230 f   sbar.obj
 0001:00034600       _Sbar_DrawFace             00435600 f   sbar.obj
 0001:00034890       _Sbar_Draw                 00435890 f   sbar.obj
 0001:00034be0       _Sbar_IntermissionNumber   00435be0 f   sbar.obj
 0001:00034c70       _Sbar_DeathmatchOverlay    00435c70 f   sbar.obj
 0001:00034f50       _Sbar_MiniDeathmatchOverlay 00435f50 f   sbar.obj
 0001:00035170       _Sbar_IntermissionOverlay  00436170 f   sbar.obj
 0001:000352f0       _Sbar_FinaleOverlay        004362f0 f   sbar.obj
 0001:00035320       _Security_Init             00436320 f   security.obj
 0001:000353f0       _S_SoundInfo_f             004363f0 f   snd_dma.obj
 0001:000354b0       _S_Startup                 004364b0 f   snd_dma.obj
 0001:000354e0       _S_Init                    004364e0 f   snd_dma.obj
 0001:00035730       _S_Shutdown                00436730 f   snd_dma.obj
 0001:00035770       _S_FindName                00436770 f   snd_dma.obj
 0001:00035840       _S_TouchSound              00436840 f   snd_dma.obj
 0001:00035860       _S_PrecacheSound           00436860 f   snd_dma.obj
 0001:000358b0       _SND_PickChannel           004368b0 f   snd_dma.obj
 0001:00035950       _SND_Spatialize            00436950 f   snd_dma.obj
 0001:00035a60       _S_StartSound              00436a60 f   snd_dma.obj
 0001:00035bb0       _S_StopSound               00436bb0 f   snd_dma.obj
 0001:00035c00       _S_StopAllSounds           00436c00 f   snd_dma.obj
 0001:00035c50       _S_StopAllSoundsC          00436c50 f   snd_dma.obj
 0001:00035c60       _S_ClearBuffer             00436c60 f   snd_dma.obj
 0001:00035db0       _S_StaticSound             00436db0 f   snd_dma.obj
 0001:00035e70       _S_UpdateAmbientSounds     00436e70 f   snd_dma.obj
 0001:00035fc0       _S_Update                  00436fc0 f   snd_dma.obj
 0001:00036160       _GetSoundtime              00437160 f   snd_dma.obj
 0001:000361e0       _S_ExtraUpdate             004371e0 f   snd_dma.obj
 0001:00036200       _S_Update_                 00437200 f   snd_dma.obj
 0001:000362e0       _S_Play                    004372e0 f   snd_dma.obj
 0001:000363a0       _S_PlayVol                 004373a0 f   snd_dma.obj
 0001:00036470       _S_SoundList               00437470 f   snd_dma.obj
 0001:00036520       _S_VolumeDown_f            00437520 f   snd_dma.obj
 0001:000365a0       _S_VolumeUp_f              004375a0 f   snd_dma.obj
 0001:00036620       _S_LocalSound              00437620 f   snd_dma.obj
 0001:00036680       _ResampleSfx               00437680 f   snd_mem.obj
 0001:000367e0       _S_LoadSound               004377e0 f   snd_mem.obj
 0001:00036930       _GetLittleShort            00437930 f   snd_mem.obj
 0001:00036950       _GetLittleLong             00437950 f   snd_mem.obj
 0001:00036990       _FindNextChunk             00437990 f   snd_mem.obj
 0001:00036a00       _FindChunk                 00437a00 f   snd_mem.obj
 0001:00036a20       _GetWavinfo                00437a20 f   snd_mem.obj
 0001:00036c20       _S_TransferStereo16        00437c20 f   snd_mix.obj
 0001:00036d90       _S_TransferPaintBuffer     00437d90 f   snd_mix.obj
 0001:00036fb0       _S_PaintChannels           00437fb0 f   snd_mix.obj
 0001:000370f0       _SND_InitScaletable        004380f0 f   snd_mix.obj
 0001:00037120       _SND_PaintChannelFrom16    00438120 f   snd_mix.obj
 0001:00037190       _S_BlockSound              00438190 f   snd_win.obj
 0001:000371c0       _S_UnblockSound            004381c0 f   snd_win.obj
 0001:000371d0       _FreeSound                 004381d0 f   snd_win.obj
 0001:000372f0       _SNDDMA_InitDirect         004382f0 f   snd_win.obj
 0001:00037950       _SNDDMA_InitWav            00438950 f   snd_win.obj
 0001:00037c70       _SNDDMA_Init               00438c70 f   snd_win.obj
 0001:00037d60       _SNDDMA_GetDMAPos          00438d60 f   snd_win.obj
 0001:00037dd0       _SNDDMA_Submit             00438dd0 f   snd_win.obj
 0001:00037ea0       _SNDDMA_Shutdown           00438ea0 f   snd_win.obj
 0001:00037eb0       _SV_Init                   00438eb0 f   sv_main.obj
 0001:00037f50       _SV_StartParticle          00438f50 f   sv_main.obj
 0001:00038010       _SV_StartSound             00439010 f   sv_main.obj
 0001:00038200       _SV_SendServerinfo         00439200 f   sv_main.obj
 0001:00038400       _SV_ConnectClient          00439400 f   sv_main.obj
 0001:00038560       _SV_CheckForNewClients     00439560 f   sv_main.obj
 0001:000385e0       _SV_ClearDatagram          004395e0 f   sv_main.obj
 0001:000385f0       _SV_AddToFatPVS            004395f0 f   sv_main.obj
 0001:000386a0       _SV_FatPVS                 004396a0 f   sv_main.obj
 0001:000386f0       _SV_WriteEntitiesToClient  004396f0 f   sv_main.obj
 0001:00038a70       _SV_CleanupEnts            00439a70 f   sv_main.obj
 0001:00038ac0       _SV_WriteClientdataToMessage 00439ac0 f   sv_main.obj
 0001:00038ea0       _SV_SendClientDatagram     00439ea0 f   sv_main.obj
 0001:00038f80       _SV_UpdateToReliableMessages 00439f80 f   sv_main.obj
 0001:000390b0       _SV_SendNop                0043a0b0 f   sv_main.obj
 0001:00039130       _SV_SendClientMessages     0043a130 f   sv_main.obj
 0001:00039270       _SV_ModelIndex             0043a270 f   sv_main.obj
 0001:00039300       _SV_CreateBaseline         0043a300 f   sv_main.obj
 0001:00039460       _SV_SendReconnect          0043a460 f   sv_main.obj
 0001:000394d0       _SV_SaveSpawnparms         0043a4d0 f   sv_main.obj
 0001:00039570       _SV_SpawnServer            0043a570 f   sv_main.obj
 0001:00039990       _SV_CheckBottom            0043a990 f   sv_move.obj
 0001:00039c00       _SV_movestep               0043ac00 f   sv_move.obj
 0001:0003a020       _SV_StepDirection          0043b020 f   sv_move.obj
 0001:0003a100       _SV_FixCheckBottom         0043b100 f   sv_move.obj
 0001:0003a130       _SV_NewChaseDir            0043b130 f   sv_move.obj
 0001:0003a470       _SV_CloseEnough            0043b470 f   sv_move.obj
 0001:0003a4d0       _SV_MoveToGoal             0043b4d0 f   sv_move.obj
 0001:0003a570       _SV_CheckVelocity          0043b570 f   sv_phys.obj
 0001:0003a620       _SV_RunThink               0043b620 f   sv_phys.obj
 0001:0003a6c0       _SV_Impact                 0043b6c0 f   sv_phys.obj
 0001:0003a7d0       _ClipVelocity              0043b7d0 f   sv_phys.obj
 0001:0003a880       _SV_FlyMove                0043b880 f   sv_phys.obj
 0001:0003acb0       _SV_AddGravity             0043bcb0 f   sv_phys.obj
 0001:0003ad10       _SV_PushEntity             0043bd10 f   sv_phys.obj
 0001:0003ae40       _SV_PushMove               0043be40 f   sv_phys.obj
 0001:0003b260       _SV_Physics_Pusher         0043c260 f   sv_phys.obj
 0001:0003b340       _SV_CheckStuck             0043c340 f   sv_phys.obj
 0001:0003b480       _SV_CheckWater             0043c480 f   sv_phys.obj
 0001:0003b580       _SV_WallFriction           0043c580 f   sv_phys.obj
 0001:0003b650       _SV_TryUnstick             0043c650 f   sv_phys.obj
 0001:0003b830       _SV_WalkMove               0043c830 f   sv_phys.obj
 0001:0003bb20       _SV_Physics_Client         0043cb20 f   sv_phys.obj
 0001:0003bce0       _SV_Physics_None           0043cce0 f   sv_phys.obj
 0001:0003bcf0       _SV_Physics_Noclip         0043ccf0 f   sv_phys.obj
 0001:0003bd50       _SV_CheckWaterTransition   0043cd50 f   sv_phys.obj
 0001:0003be10       _SV_Physics_Toss           0043ce10 f   sv_phys.obj
 0001:0003bfd0       _SV_Physics_Step           0043cfd0 f   sv_phys.obj
 0001:0003c080       _SV_Physics                0043d080 f   sv_phys.obj
 0001:0003c210       _SV_SetIdealPitch          0043d210 f   sv_user.obj
 0001:0003c430       _SV_UserFriction           0043d430 f   sv_user.obj
 0001:0003c580       _SV_Accelerate             0043d580 f   sv_user.obj
 0001:0003c610       _SV_AirAccelerate          0043d610 f   sv_user.obj
 0001:0003c6b0       _DropPunchAngle            0043d6b0 f   sv_user.obj
 0001:0003c710       _SV_WaterMove              0043d710 f   sv_user.obj
 0001:0003c8f0       _SV_WaterJump              0043d8f0 f   sv_user.obj
 0001:0003c970       _SV_AirMove                0043d970 f   sv_user.obj
 0001:0003caf0       _SV_ClientThink            0043daf0 f   sv_user.obj
 0001:0003cc50       _SV_ReadClientMove         0043dc50 f   sv_user.obj
 0001:0003ce30       _SV_ReadClientMessage      0043de30 f   sv_user.obj
 0001:0003d110       _SV_RunClients             0043e110 f   sv_user.obj
 0001:0003d1b0       _Sys_PageIn                0043e1b0 f   sys_win.obj
 0001:0003d210       _Sys_GetLock               0043e210 f   sys_win.obj
 0001:0003d270       _Sys_ReleaseLock           0043e270 f   sys_win.obj
 0001:0003d2a0       _findhandle                0043e2a0 f   sys_win.obj
 0001:0003d2d0       _filelength                0043e2d0 f   sys_win.obj
 0001:0003d320       _Sys_FileOpenRead          0043e320 f   sys_win.obj
 0001:0003d390       _Sys_FileOpenWrite         0043e390 f   sys_win.obj
 0001:0003d3f0       _Sys_FileClose             0043e3f0 f   sys_win.obj
 0001:0003d430       _Sys_FileSeek              0043e430 f   sys_win.obj
 0001:0003d460       _Sys_FileRead              0043e460 f   sys_win.obj
 0001:0003d4a0       _Sys_FileWrite             0043e4a0 f   sys_win.obj
 0001:0003d4e0       _Sys_FileTime              0043e4e0 f   sys_win.obj
 0001:0003d530       _Sys_mkdir                 0043e530 f   sys_win.obj
 0001:0003d540       _Sys_Init                  0043e540 f   sys_win.obj
 0001:0003d630       _Sys_Error                 0043e630 f   sys_win.obj
 0001:0003d820       _Sys_Printf                0043e820 f   sys_win.obj
 0001:0003d900       _Sys_Quit                  0043e900 f   sys_win.obj
 0001:0003d950       _Sys_FloatTime             0043e950 f   sys_win.obj
 0001:0003da50       _Sys_InitFloatTime         0043ea50 f   sys_win.obj
 0001:0003daa0       _Sys_ConsoleInput          0043eaa0 f   sys_win.obj
 0001:0003dc20       _Sys_Sleep                 0043ec20 f   sys_win.obj
 0001:0003dc30       _Sys_SendKeyEvents         0043ec30 f   sys_win.obj
 0001:0003dcb0       _SleepUntilInput           0043ecb0 f   sys_win.obj
 0001:0003dcd0       _WinMain@16                0043ecd0 f   sys_win.obj
 0001:0003e1a0       _V_CalcRoll                0043f1a0 f   view.obj
 0001:0003e240       _V_CalcBob                 0043f240 f   view.obj
 0001:0003e310       _V_StartPitchDrift         0043f310 f   view.obj
 0001:0003e360       _V_StopPitchDrift          0043f360 f   view.obj
 0001:0003e390       _V_DriftPitch              0043f390 f   view.obj
 0001:0003e500       _BuildGammaTable           0043f500 f   view.obj
 0001:0003e580       _V_ParseDamage             0043f580 f   view.obj
 0001:0003e750       _V_cshift_f                0043f750 f   view.obj
 0001:0003e7a0       _V_BonusFlash_f            0043f7a0 f   view.obj
 0001:0003e7d0       _V_SetContentsColor        0043f7d0 f   view.obj
 0001:0003e8d0       _V_CalcPowerupCshift       0043f8d0 f   view.obj
 0001:0003e9c0       _V_CalcBlend               0043f9c0 f   view.obj
 0001:0003eaf0       _V_UpdatePalette           0043faf0 f   view.obj
 0001:0003ece0       _angledelta                0043fce0 f   view.obj
 0001:0003ed10       _CalcGunAngle              0043fd10 f   view.obj
 0001:0003eef0       _V_BoundOffsets            0043fef0 f   view.obj
 0001:0003efe0       _V_AddIdle                 0043ffe0 f   view.obj
 0001:0003f060       _V_CalcViewRoll            00440060 f   view.obj
 0001:0003f100       _V_CalcIntermissionRefdef  00440100 f   view.obj
 0001:0003f190       _V_CalcRefdef              00440190 f   view.obj
 0001:0003f530       _SCR_DrawVolume            00440530 f   view.obj
 0001:0003f620       _V_RenderView              00440620 f   view.obj
 0001:0003f790       _V_Init                    00440790 f   view.obj
 0001:0003f920       _W_CleanupName             00440920 f   wad.obj
 0001:0003f980       _W_LoadWadFile             00440980 f   wad.obj
 0001:0003fa60       _W_GetLumpinfo             00440a60 f   wad.obj
 0001:0003faf0       _W_GetLumpName             00440af0 f   wad.obj
 0001:0003fb10       _SwapPic                   00440b10 f   wad.obj
 0001:0003fb40       _SV_InitBoxHull            00440b40 f   world.obj
 0001:0003fbe0       _SV_HullForBox             00440be0 f   world.obj
 0001:0003fc30       _SV_HullForEntity          00440c30 f   world.obj
 0001:0003fda0       _SV_CreateAreaNode         00440da0 f   world.obj
 0001:0003fed0       _SV_ClearWorld             00440ed0 f   world.obj
 0001:0003ff10       _SV_UnlinkEdict            00440f10 f   world.obj
 0001:0003ff40       _SV_TouchLinks             00440f40 f   world.obj
 0001:00040090       _SV_FindTouchedLeafs       00441090 f   world.obj
 0001:00040160       _SV_LinkEdict              00441160 f   world.obj
 0001:00040340       _SV_PointContents          00441340 f   world.obj
 0001:00040370       _SV_TestEntityPosition     00441370 f   world.obj
 0001:000403d0       _SV_RecursiveHullCheck     004413d0 f   world.obj
 0001:00040790       _SV_ClipMoveToEntity       00441790 f   world.obj
 0001:000408c0       _SV_ClipToLinks            004418c0 f   world.obj
 0001:00040b00       _SV_MoveBounds             00441b00 f   world.obj
 0001:00040b80       _SV_Move                   00441b80 f   world.obj
 0001:00040cb0       _Z_ClearZone               00441cb0 f   zone.obj
 0001:00040d00       _Z_Free                    00441d00 f   zone.obj
[...]
FIXUPS: 4e2d1 10f 6f fffffc46 47 41 10c fffffd35 24 ffffff98 fffb38ab 15
FIXUPS: 17e6 e c e c e 15 5 18 22 68 19 36 30 17 23 4cfe1 a ffffff5c 11
FIXUPS: 4e89c 7 d ffffff81 fffffede 14 19 1b 11 19 fffb2d46 12 f 14 2f
FIXUPS: 156a 3d 3f e 1c a 19 14 d 1b 15 18 1b 13 e c 21 2d 6 1d c 11 13
FIXUPS: 1796 f 6 9 e06 f 9 fffff3e4 a a a a 44 46 5a 14 a7 fffff4a0 78
FIXUPS: 10b4 3d 24 3e 3b 1c 54 1d 38 1e 61 5e 88 6f 10 8 18 db9 16 20 46
FIXUPS: 22b1 20 b 13 c b 15 c b 18 2a b b 1b 10 c c 8 33 f 12 7 32 f f
FIXUPS: 2498 5d a4 fffff92d d 3a 2e 1a 6a 1d 33 1d 3c e c 5 b 1e 2d 1f
FIXUPS: 2115 9 11 1c 1e 1a 6 12 e 15 e b 9 12 f f7c f f f 12 f f f f f
FIXUPS: 3216 f 12 f f f a a ffffe998 2f 68 e a 76 2a 15 1b 7 b 89 3e 40
FIXUPS: 2f3a 28 1e 16 7 8 7 8 7 4a c 1f 1b f f f f f f f 12 f f f f f f
FIXUPS: 312f 12 f f f fffff808 10 10 d 6 1f a 6 3d ce 20 21 17 a 20 23
FIXUPS: 2b96 52 e8 e 16 16 19 16 16 16 22 16 c5 12 8 ac fffff81e 10 10
FIXUPS: 2776 37 19 10 10 10 10 10 10 10 10 10 10 10 10 10 10 10 10 10 10
FIXUPS: 28f6 10 10 10 10 10 10 10 1988 a a a a a f f f f f 12 f f f f f
FIXUPS: 43d2 a a a d a a a a a ffffe1d4 f 75 d 15 1a3c 18 12 d 3d 14 3c
FIXUPS: 41bd 2b c c c c c b 1c 5 5 a a a a a a a a a a a a a a fffff609
FIXUPS: 3a8f 42 2a 3b 22 d 9 e3 3b 129 f 31 11 8 35 21 2e 1b 6e 6 4b 9e
FIXUPS: 401b 1a 2b 8 5 33 a a 20 fffff4a3 11 b c b 14 b c 17 12 47 16 44
FIXUPS: 36b8 9 16 10 18 28 20 12 23 f 8 1d 35 34 8 29 a 39 14 26dd 10 6
FIXUPS: 5fb3 12 36 ffffd28f 19 90 11 19 a a c 10 a c 1d 31 10 2b a 16 19
FIXUPS: 3472 e 34 2d 15 11 28 f 2843 5 15 8 21 5 15 8 1d d a 6 6 d a a
FIXUPS: 5e55 6 d 7 d 17 e 20 16 8 11 a a 28 14 19 fffffb78 c 23 33 10 6
FIXUPS: 5b56 16 12 8 8 b d 9 5 6 d a 15 bc f 11 18 7 6 13 a f d 5 15 8
FIXUPS: 52f9 24 5a 40 c b 6 8 f8 2f 1a b 38 d2 1d 1b 11f b2 37 26 24 29
FIXUPS: 5923 35 60 35 24 2e 22 16 18 8 fffff483 54 e7 25 67 1e d 7 9 26
FIXUPS: 5152 d 13 a 16 5 18 5 16 8 22 5 16 24 5 16 8 1b 5 a 22 2e fffff8a8
FIXUPS: 4b8d 15 15 15 15 72 c 8 8 10 8 25 24 56 26 26 10 5a 1b 16 a 16
FIXUPS: 4e32 4a 5 12 a b 10 1e 1d fffff8e3 22 41 14 21 e 10 1c a e 14 5
FIXUPS: 48de 27 18 18 19 27 10 10 7 8 60 14 2e 44 d 15 2b 2e 26 e fffff993
FIXUPS: 44ed 7 1f 11 33 1f 4f 1f 36 27 c 10 a f 13 12 1b e 8 5 12 13 32
FIXUPS: 4739 a a f a d 1b 3c 1dd2 13 6 13 6 c 9 9 e c 9 9 e d 9 9 9 7 c
FIXUPS: 6668 4f 12 d3 6 df 4c 46 1d 3e ffffdaef 4b c 1e61 2a c 27 2e c
FIXUPS: 63b5 9 17 8 2a c 27 2f c 9 9 17 c 9 9 e 7 4f c 9 9 e 1e 13 6 13
FIXUPS: 7bf5 f ffffe492 f f f f f f 15 7 9 9 9 9 9 47 a4 15 9 9 17 1f c
FIXUPS: 6296 9 1a 1f c 9 9 17 145f 1b 40 2c c 14 c 1b 1c 35 32 11a 8 37
FIXUPS: 7a34 13 3a 16 9 e b f 8 a b 19 9d f f f f f fffff5f0 5e 1c 7 18
FIXUPS: 729f 10 14 1b 14 53 91 1da 8 1d 27 1d a a b 34 b 23 f 9 13 9 10
FIXUPS: 76ee b f 8 fffff6ec 10 b b b 6 6 1e a b 9 e 20 37 f 23 1a 20 6d
FIXUPS: 6fc1 42 11 9b 26 c 8 15 1e 15 15 12 d fffffa85 a a a a a a a a
FIXUPS: 6c44 a 11 a f d a a f 24 24 2a 19 13 46 b 1c 9 6 11 f b 9 2a77
FIXUPS: 987a 16 6 17 36 6 d 5c 15 3e 21 54 56 16 ffffcf75 1c 1e b c 22
FIXUPS: 6a7d a 11 13 6 37 6b f 42 13 1e 2783 8 16 1c 32 14 10 23 1b 13
FIXUPS: 945c 2b 44 26 15 14 a 1c 8f 50 59 46 a 13 29 a 32 7a 87 6 a 16
FIXUPS: 8e30 28 c 11 6 3f f2 f 1c a 2f 37 34 10 2a 88 10 19 3a f 33 f 5c
FIXUPS: 926d 3e 28 22 1a 13 14 c c fffff665 3f 1e 1a 1b a 25 1d f 14 95
FIXUPS: 8ba5 27 c6 a f 5 5 1b 17 29 10 3c a 19 1a 16 6 34 1d 15 f fffff3be
FIXUPS: 8232 24 b d 1d b f 29 17 29 1d9 1d 1e 20 20 37 5a 13 14 6 31 9
FIXUPS: 8679 1f 9 f a 4e 9f 52 e 2891 28 37 15 35 72 37 ffffe938 37 2d
FIXUPS: 9bf2 23 13 e b b 1b 98 8c 1f 27 8a 20 33 ffffdee9 40 d dc 1d5 32
FIXUPS: 81a8 20 2528 f 14 3d 18a b8 8 e8 14 26 109 fd 21 9 1d 6 17 1a f
FIXUPS: ad6a 1f 2e 1f 2d f 28 1f 4b 62 7e 97 66 fffff2b5 46 4e 12 54 3c
FIXUPS: a4b2 35 46 14 e 26 74 a d 14 a a b 12 12 f a a a a a a f f f 12
FIXUPS: b763 15 11 7 a 9 c 7 a b4 6 10 16 11 9 23 26 ffffe7b8 27 30 17
FIXUPS: a133 12 f 22 a f 1a 90 5b 1b f 1187 31 17 19 21 12 11 20 1b b 6
FIXUPS: b53d a 9 18 6 7 a 27 1b 1b 53 b 72 18 15 10 6 29 f 16 15 1dde 25
FIXUPS: d579 eb 12 73 ffffdb9c c 8 15 1d 18 16 12 d 19 f b 6 1c 9 10 9
FIXUPS: b3a1 f b 6 1e 1c f f f cb2 22 f 6f f2 2e 43 10e 2b 103 b 12 f 201
FIXUPS: c76e 38 2e7 3d 598 2a 1e 19 db 4e 95 2a 1e 19 be 4e b5 62 ffffe57c
FIXUPS: baba 30 f5 93 39 18 9 72 96 2b 1c 15 9 22 4a 54 a a 12 18 16 12
FIXUPS: bf69 3e a e 13 9 19 41 6c 4516 32 3f 21 b4 3a 11 30 25 ffffd2d9
FIXUPS: dae2 7 195 8c 3d 1a 13 1f 1f 18 5 19 f 1a 13 1e 1e d 24 31 ffffdb3d
FIXUPS: ba6d 3ff8 191 1e1 58 b 45 1f 79 16 4c 1c a3 2c 22 80 31 1c 30 35
FIXUPS: 10273 132 19 49 5 1a 25 40 c 7c 14 3b 1f ffffece0 2c 177 1b 12b
FIXUPS: f623 1a 4c 5b 1b 72 21 105 4f 2d 9 9 9 9 9 9 9 9 9 9 9 9 9 9 8
FIXUPS: fa2e 2d ffffec1c 34 5d 9d 70 70 79 21 8c 19 120 1b 86 24 53 d a6
FIXUPS: ee0b 5 16 8 34 4c 24 bc 52 20 2c 3c 48 24 14c 1f58 fffff716 27
FIXUPS: 108f0 bb 73 ffffd529 27 f 13 29 103 53 6d 4a 1b 37 1b 1f 19 2e
FIXUPS: e2ac 15 25 b 67 9c 25 81 d 25 eb 4088 5 5 5 18f 40 e 9e 5 fc a8
FIXUPS: 12a96 3c 5 5 5 5 5 19 1c b ffffdf15 101 2c 15e 106 81 c3 4f b0
FIXUPS: 11037 5b b4c 1c 61 71 63 3c 87 8 35 cc 63 1d 58 5f 195 2c 2c 2c
FIXUPS: 12280 34 8 48 1b d 8 181 16c 5 5 5 5 5 10d1 14 23 f ffffda53 b4
FIXUPS: 11290 4d 33 31 9 36 14 28 14 2b 14 2e 14 2ba 2f c 73 69 91 192
FIXUPS: 11a66 27 5c 13 1b c 157f a a 18 d a a a a a a a a a 8 5 24 9 b9
FIXUPS: 1325e 1e 1f 29 2e b f 123 1fc 5 39 28 5b fffff701 33 23 8 33 23
FIXUPS: 12ea9 33 2d 8 33 2d 8 33 20 1f f f a a a a a a a a a a d a a a
FIXUPS: 14fe2 80 12d 5a 9e 8 5 12 a6 123 80 237 28 10a 2c 68 17 1b 1b 1b
FIXUPS: 159e6 1b 39 57 8f ffffd032 fc b8 83 8 31 23 13a6 6 11 14 21 c0
FIXUPS: 14469 a4 101 14 9 10 28 b 180 1a6 ff 6 47 9 9c 13 48 26 2d 104
FIXUPS: 14dd4 ea 29 80 a 1e ffffebba 9f 22 13 2d 25 56 21 c 9 1f 11 fc
FIXUPS: 13e30 4d 61 f 6 19 c 13 1a 19 13 1a 1c 1f c 9 1f 11 177 2891 5
FIXUPS: 16a6b 3e 28 6 8 5 5 5 5 5 5 5 5 5 5 5 5 5 2a 22 25 25 25 ae 3d
FIXUPS: 16d3a ffffcb66 27 5c 183 2ca7 f f 23 41 31 24 33 24 53 36 63 5
FIXUPS: 16971 5 5 e 5 5 f 5 10 5 5 5 1a 5 5 5 15 5 5 fffff528 44 55 51
FIXUPS: 16060 96 3a 10 2a 88 24 19 24 12 134 4d 6 21 77 a 1d 24 d3 6 f
FIXUPS: 165d3 1b 2d 5 3d 3c 3e 2a96 11 11 11 1d 8 ffffc97c 74 3f 48 a4
FIXUPS: 15d22 54 30 20 a a a a a a a a a a f f f d f f 52 2d9e 1b f 1b
FIXUPS: 18ce2 f6 6 c 1b 23 23 8 5 17 d f 46 5b 1b 1b 2f 41 3d 22 29 17
FIXUPS: 19081 1c 8 53 2e c fffff7b1 a a a f f f 12 2c 12 a 15 1d 15 11
FIXUPS: 189f0 17 38 11 10 16 11 10 22 11 10 15 7f 18 11 10 b3 fffff5ba
FIXUPS: 1821a 16 b 19 21 c 7b 14 17 10 23 11 10 f 22 5c 137 a 5b 138 c2
FIXUPS: 187ea 15 12 8c a a a a a a fffff2f5 5 2b 19 5 7e 5 1c 5 a4 28 8
FIXUPS: 17e03 4d 6a 6a 2d e 1a e 65 d0 23 2c 30 26 27 19 26 b 1f f fffff271
FIXUPS: 1748d 17 7b 18 b d 40 22 25 21 22 23 11 12 4b 1a 1a 21 25 12 5
FIXUPS: 178eb 5 36 5 b 5 e 148 93 8d 1d79 16 1e 28 dd c7 ffffd268 14 34
FIXUPS: 16e06 11 25 a c7 10f 2d 156 d1 12d 18 33 a 5 7 5 6 12 a 5 c 22
FIXUPS: 1745d 3bb6 c 5 19 22 18 5 5 5 5 5 e ffffe1ce 1b 2a 57 29d 12 b0
FIXUPS: 196c8 2f 12c b 13 1e 1a 13 1a 1e b 16 24 15ef 6 8 5 a 5 5 5 5 5
FIXUPS: 1af33 5 5 5 a 19 8 15 16 d 16 f 8 5 5 5 5 5 5 5 a a fffffbe0 12
FIXUPS: 1ac12 16 18 16 12 36 a 13 3e 17 1a 1e 39 16 14 18 1e 3a d a 27
FIXUPS: 1aea8 1b 7 8 d 5 5 5 5 fffffa3a 10 9 26 9 5 5 5 e 5 e e 20 18 b
FIXUPS: 1aa0e 28 8 1b 8 2a 7 1d 19 12 32 c e 8 3a 4b 18 fffff8ee b 8 26
FIXUPS: 1a4fa 8 26 b 52 7 31 19 e 14 23 3d c 12 2d 73 8 5 f 11f a 6c 9
FIXUPS: 1a8e9 5 5 20 5 fffff80d 13 10 b 6 6 b 6 2d 1a f 16 e f f a 27 10
FIXUPS: 1a25d 2d 30 15 4a 10 14 35 18 12 40 22 27 6e fffffac2 a a a a a
FIXUPS: 19f96 d a a a a a a a 8 2d 29 9 14 11 15 b b 11 12 15 b b 11 b
FIXUPS: 1a115 fffffab6 1b 11 5 7 c 26 12 1a f 13 1b 8 20 1a 2c 2b 1c 1e
FIXUPS: 19dcb 21 10 f5 a a a a a a a a a 439d f f f f f 12 f f f f f f
FIXUPS: 1e3ae 12 f f f f f f f 12 f f f f f f a ffffb70a f 4373 23 14 1c
FIXUPS: 1dfc1 16 14 f 13 22 9 65 42 f 2e 64 9 1c f 1f 34 11 37 f f f f
FIXUPS: 1e29a f f 12 f fffff849 49 7 10 f 3b 7 29 c 14 13 1c a 3c 2c 5
FIXUPS: 1dce3 5 7c e f 24 9 21 1c 10 6 43 9 3b 9 7b fffff4fb 54 1f 2c 2f
FIXUPS: 1d50f 3a 30 3e 6f 55 6f 6b 70 74 5c 60 bc 5c 26 f 9 10 b 18 15
FIXUPS: 1daa2 e 6 30 21 c fffff53d 11 10 10 27 13 20 19 15 11 10 4b 4f
FIXUPS: 1d1f3 14 9 e 6 e 8f 13 4d a 6 20 6 27 10 a 29 37 9 fffff92d a5
FIXUPS: 1cddb 2a 14 12 10 1b 2f f 16 10 10 11 11 10 19 2f 13 11 20 11 10
FIXUPS: 1cfb9 11 10 11 10 10 11 14 f fffff8a9 59 2a 17 18 22 3a 28 1d 4b
FIXUPS: 1ca95 11 19 1a 1b 10 11 44 1f 36 7 20 13 1f 6 27 51 21 12 10 27
FIXUPS: 1ccf5 fffff816 d d cc 3b 1a 1d 10 1b 21 c 24 f 8 e 12 d 93 7 40
FIXUPS: 1c823 10 14 a b c 6 c 6 9 6 43 fffff744 b 2d 11 2d 37 8 1a 15 d
FIXUPS: 1c113 a 4d 16 16 5e 1d 16 4a 25 21 2a 17 28 a 3c 11 14 e d9 b 47
FIXUPS: 1bce6 6 13 a 1d 1b f 1e 15 f f 12 13 1e 12 11 21 18 19 f 1b 13
FIXUPS: 1bea6 5 d 16 32 16 51 36 18 53 fffff96f 5 9 2d 8 8e 77 1c 1b e
FIXUPS: 1bb13 14 9 11 4a 15 f f f 13 13 16 a 10 22 20 10 18 1a 10 14 14
FIXUPS: 1b4e2 18 47 18 19 18 16 12 e 47 b 4e 8 e d a 5e 3e 2d 47 25 a 5e
FIXUPS: 1b83a 2a f 20 7 2d 13 62 15 43ce 8c 1e 9a 2f 7c 1e 304 ffffaea6
FIXUPS: 1b0db 7 8 2a 1c bd 5f 3e 12 82 18 15 39 22 f f 17 39 24 f f 19
FIXUPS: 1b4c0 442e a a a a a a a a a a a a a d a a a f 1b 76 3b 48 78 82
FIXUPS: 1fbc6 1e 1e 1e 1e 1e 98 fffff2f8 21 10 42 a a a a 16 d a f 8 5
FIXUPS: 1f0d5 1d 5 82 1f 67 bd c 12 c 167 24 214 1a4 6 89 22 a ffffebe5
FIXUPS: 1e4d1 5 77 36d d c6 18 7d 18 2c 1a e 29 e 3d 6c a 227 31 4d 27
FIXUPS: 1ee6f 29 e 20 3d 13 1d 34 1b 29 16f3 f d 17 9 42 31 16 9 10 8 35
FIXUPS: 20995 29 51 e 18 3c 31 2b 23 69 a 2d 19 9 13 11 6 a ffffd8d4 5
FIXUPS: 21df6 16 35 ffffe621 26 32 1f 14 9 18 16 f d 8 2b d f 14 b 9 18
FIXUPS: 205e5 f d 7 b f b 26 14 9 18 1098 6 13 b 23 e 12 b 55 44 23 1c
FIXUPS: 21879 21b f f f c8 b 44 a 3c a 62 1c 51 48 5c a 12 a 1b 279 ffffed88
FIXUPS: 20e68 5b 99 13 2a8 a 1a 3c 10c d a 172 1d 9e 1b b 9 1b f b 6 f
FIXUPS: 2164b f 2b 35 e 1b 15 16 7168 13 13 13 13 13 13 13 6b 1b ffff9a6d
FIXUPS: 2247e 29 e 33 26 19 3f 306 fffff8bf 2b fffffd5f 19 c 19 f 4e 6b
FIXUPS: 21fc7 16 2b 31 6653 7 7 7 7 7 7 7 7 7 7 7 7 7 7 7 7 13 12 5 5 75
FIXUPS: 287b3 13 13 13 13 13 13 18 13 13 fffffab6 10 24 1c 20 37 5 a 2c
FIXUPS: 28428 41 6 ac f f f f f f f 12 f f f f 55 8 5 5 11 34 7 fffff837
FIXUPS: 27ec3 1b 7 e 23 d 11 6 8 32 6 36 6 25 6 b d4 16 17 d e 11 37 e
FIXUPS: 2817f d2 9 d 45 17 3a fffff561 d 11 50 11 36 55 41 2d 14 1f 35
FIXUPS: 27a4f 11 11 11 ce 30 28 2b 1d 22 29 2a 22 29 28 22 29 12d a 29
FIXUPS: 27375 16 a 3b 6 116 25 f5 a a 17 10 11 e 13 d e 2e 11 17 2e 26
FIXUPS: 27749 62 11 27 10 b d 11 27 10 fffff514 53 5a 1e 235 21 a a 19
FIXUPS: 270ec 9 10 24 14 17 11 1e d 17 15 18 15 14 1d 1d 26 1d 27 1c 3c
FIXUPS: 27308 2d fffff505 57 d 43 6 f 1c3 a a 19 2e 15 13 18 1e 2a 15 14
FIXUPS: 26bd9 1e 2a 14 14 15 1e 29 17 11 11 1e 35 c fffff628 36 9 14 10
FIXUPS: 263d9 12 14 18 11 11 12 18 1a 12 1d 1e 18 15 20 1b 15 14 1e 1e
FIXUPS: 265c1 1c 3b f 2d 3d c3 fffff730 6 d 25 117 71 9a 17 e e e e 11
FIXUPS: 2614c e e e e 11 e e e 11 11 14 11 11 11 11 ff a a fffff6bf 30
FIXUPS: 25a4c 7e 11 30 11 8 1e 11 1e 2c 13 f 26 20 18c 6 a 12 14 a e e
FIXUPS: 25dfe e e 11 11 18 6 a fffff70b 13 a7 13 13 13 2c 2c 6d a a 17
FIXUPS: 2577a e 49 e 49 e 2d e 2d e 2d 28 e 2e e 2d 11 30 11 30 fffff8a3
FIXUPS: 252c9 3a f f f f f 13 f f f f f 26 f f f f f f 13 f f f f f f 2c
FIXUPS: 254f1 2c 2c fffff8a8 e 2d a e 39 18 1f 1e 27 13 a 37 e 2c 38 a
FIXUPS: 24fe8 1b 13 e0 8c f 13 f 13 f 75 f 13 f 13 fffff6c9 2c 11 b 10
FIXUPS: 249c0 1d 1d b 10 14 1e 2a 2d 11 c a a 7 9 f 26 2a 17e 5b 12 34
FIXUPS: 24d74 25 23 e 1c fffff84d 88 16 18 19 6 30 18 16 a a 17 e e e 11
FIXUPS: 247f0 e 24 e 20 e 24 e 18 e 18 e 47 e b d fffff6c4 2e 3f 7 145
FIXUPS: 24226 32 3b 31 44 32 3c 32 3b 31 42 32 26 f f f 26 f f f 13 f f
FIXUPS: 2456e 39 1a 39 fffff570 13 16 2c 6 12 f 21c 14 a a 17 16 11 16
FIXUPS: 23e8f 1d d 1d d 17 a 13 1b 1c 1c 1b 14 14 6 18 36 fffff828 2f a
FIXUPS: 2386c 17 e 10 11 11 10 11 e e 13 11 a d a 1a d 14 1c 1d 2a 1d 29
FIXUPS: 23a64 f 2d 39 75 16 fffff7ae 2e a 23 10 6 e 25 da 1d 6 e 25 e0
FIXUPS: 235d0 a 17 a a 11 14 6 18 2f 25 a 28 3a 20 20 c2 11 fffff6f0 a
FIXUPS: 22f26 14 6 18 28 a 2c 3e 5 13 24 d a df f 19 10 d 22 4d 41 d 17
FIXUPS: 23255 22 1b 16 17 16 22 fffff8b2 1f 8 a 18 10 b 31 16 5 4d a a
FIXUPS: 22cd1 a a 11 14 6 18 52 a 28 3b 5 5 5 5 db a a 17 865f 15 19 2e
FIXUPS: 2b5d5 19 39 27 43 8 9a 2a f 9 ffff715b 31 3b 44 30 105 1b c a 1c
FIXUPS: 22b1a b 23 8 a 21 d 16 8555 3c 25 d 99 31 6e 3b 4a 8 25 c c f c
FIXUPS: 2b38a c c b b 5a 6f 18 28 1f 8 5 25 1e f c 8 fffff73b a c f 4e
FIXUPS: 2ad0d c 18 14 11 5a 58 67 c c f c 58 98 18 30 27 7a 7 5 d 8 b b
FIXUPS: 2b0c4 12 7 fffff5bd 57 1e 2b 30 c f 1d 46 14 19 65 2c 6 19 15 3a
FIXUPS: 2a990 11 c f 4b 57 3d 15 31 25 33 13 16 39 57 fffff79e 15 c f 48
FIXUPS: 2a417 f 11 13 c 58 1e 3e c f b 11 11 11 b 11 b a 1a 2b 2a 16 b
FIXUPS: 2a65d c f 14 fffff774 14 31 f f 1e 2a 29 2b 2f 73 3c 32 c c 11
FIXUPS: 2a03d b 5d 14 ad c f f 5c 41 29 32 45 18 30 75 fffff522 b 5e a
FIXUPS: 2996a f f f 34 12 8 25 4c 73 3d 3f c c b 69 14 30 11 8 25 46 73
FIXUPS: 29d48 34 c c f fffff755 5 b 5 7 7 7 b 33 18 27 9c 18 24 11 3d b
FIXUPS: 296e0 e 17 a c c f 60 28 74 13 10 18 24 11 fffff931 22 2a e 11
FIXUPS: 29248 1a 19 11 11 10 11 11 10 11 14 10 11 9 17 19 1d 9 2b 9 19
FIXUPS: 293e9 23 2c 6c 18 30 fffff547 c 9 16 9 22 9 23 b e b 50 5e c2 bb
FIXUPS: 28d7e 69 8b 12f 39 1e 26 2c 9a 20 18 22 2f 14 13 17 18 3c9f 12
FIXUPS: 2cee5 c 49 c c 3e 43 ffffe82c 1f 12 31 1c 27 13 18 46 13 18 ff
FIXUPS: 2ba51 9 22 67 3b 13 76 13 ffffce0e 3f 23 40ee a a 12 f f f 82 1b
FIXUPS: 2cc19 10 f 49 1d b 6 62 15 17 c 6 25 2d 1e 13 f 15 b 6 2c a e fffff927
FIXUPS: 2c79a 61 54 4b 33 1f 14 1f 23 36 26 17 11 11 22 14 19 32 1c 2c
FIXUPS: 2caaa a a a a a a a a a a fffff3d3 27 12 5e 17 40 e 1e 1e 2c 40
FIXUPS: 2c093 2f 1e a2 9c 49 15 25 19 33 e 4d 84 da 19 50 2c 90 77 29 90
FIXUPS: 2d0d9 1c 3c 15 11 18 19 8 41 15 8 43 15 8 44 11 9 1f 8 ffffe95e
FIXUPS: 2bc9e 99 41 8 f 14 14 1f a 73 24 65 19b9 f 68 12 15 b 48 f2 8 6
FIXUPS: 2da98 1d 56 10 31 3c 31 d 2f 25 2c b 25 2e ca 2a a 10 68 1c fffff262
FIXUPS: 2d0be 1656 86 1c ffffeb2e 18 6e 10 12 16 2c 34 173 5d 38 4e d 23
FIXUPS: 2d6a6 39 45 23 1f f 11 17 43 10 26 1d b 35 b 7b0 3b 17 f b7 12
FIXUPS: 2e17c 72 b7 96 51 26 2a 38 38 38 38 38 38 38 38 38 29 d 35 37 b
FIXUPS: 2e69a 1e f 24 f 1db0 6 2b 13 b b b b b b b 1c d f 20 1c 7b 6 16
FIXUPS: 2de5c 4b 4d 50 a 17 4e 16 a b c 14 25 1d90 28 38 15 ae 24 1b0 60
FIXUPS: 301c3 12 86 a9 25 2d 1c 35 32 6 6 14 6 6 14 6 6 18 6 1a 6 1e 6
FIXUPS: 304a1 fffff292 1a 5f 25 30 26 27 13 9e 30 22 55 29 22 55 17 14
FIXUPS: 2fab2 6 36 51 8f 4c e 67 48 b 7 46 19 27 20 fffff252 f b 31 1d
FIXUPS: 2f069 39 1b 11 18 30 23 13e 2c 4c d 67 2c 77 ae 1c 45 2c 21 4b
FIXUPS: 2f5c1 11 a a6 61 b 1e fffff246 3d 95 38 99 1d 1b 18 1e b 25 9 37
FIXUPS: 2ebda 10 29 9 37 7 10 127 8c 43 42 39 9 e 91 17 19 14 f 2b42 21
FIXUPS: 31b86 1b 265 95 f f f a a a a a a a a d a a 2f 50 ffffc89b 1b 17
FIXUPS: 2e88f 15 1b 16 6 a 2e 2dc6 20 121 13 16 21 18 4a 19 15 57 25 d
FIXUPS: 31987 9 23 b 1a 19 6 6 18 15 13 11 6 6 3c 13 2f a 16 fffff6f8 a
FIXUPS: 3121c 4f b b f b 22 55 16 c 1b 20 20 2f 13 15 d 16 19 15 31 85
FIXUPS: 31515 64 2a 6 28 12 39 12 fffff683 15 1b 18 24 37 19 44 19 11 1b
FIXUPS: 30e88 17 21 a1 c b 8d 28 13 b 41 93 c c 2b 14 6 21 14 22 6 1340
FIXUPS: 325f7 9 1f 9 3ea b4 2f 1e 47 68 ffffdad3 4c 14 8 e 1c 2c7 c3 1d
FIXUPS: 30ade 33 15 1b 18 24 37 18 19 6c 1d 10 13d5 d 1d b a b d 18 b 15
FIXUPS: 320ed 15 17 e d 1b 31 21 6e 3a 14 5 f 14 3c 25 c9 24 8d d 31 51
FIXUPS: 33750 25 b2 25 31 18 1a 1f 7 25 a8 c3 17 16 2a 1a 16 31 1f db 1f
FIXUPS: 33c6b 33 8c 3f 14 145 f7 3e 55 ffffdfa6 2f 1064 1c 7 1e 69 2b 21
FIXUPS: 331b6 21 b8 21 87 34 24 21 32 27 21 ac 2a 21 40 21 2e 24 3b 91
FIXUPS: 336c5 1f 16 34 1b 29db 6b b a a a 2c 24 28 1e 16 13 17 1c 16 1a
FIXUPS: 36300 15 ffffc9e1 17 34 2d 1a8 f 1a 1b 20 9f 18 d b 26 2c38 f 4c
FIXUPS: 35d11 33 17 8 78 a 12 f 35 1d 27 10 10 10 1b c e 55 4e e3 a 1d
FIXUPS: 360a5 13 11 14 11 1a d fffff5ed 24 1b 1f 16 f f 2b 1e 1e 1d 64
FIXUPS: 35914 12 e 39 2b 21 21 10 2b 50 38 8 1d b6 20 14 8 24 18 65 fffff38a
FIXUPS: 34ff9 1d 57 7c 7c 7c 7c f c2 1e 17 22 4e 8 33 23 bf 10 12 f 14
FIXUPS: 35549 1a 14 49 10 b7 8 36 15 15 fffff0e4 30 30 30 33 32 2b 30 8d
FIXUPS: 34a15 177 4f 6a 1c e 1d e 14 1e 2c 11 26 22 e 46 35 36 68 90 37
FIXUPS: 34f94 2e fffff60f f f f f f f 1d 6 e 6 d 6 e 6 e 6 1c f 21 f f
FIXUPS: 34716 f f f f f f f f f fffffc4d f f f f f 12 f f f f f f f f f
FIXUPS: 344dd f f f f 14 12 a a a a f f 1f f f fffffc69 f f f f f 12 f
FIXUPS: 342b4 6 e 6 d 6 e 6 e 6 e 9 e 6 20 f f f f f f f f f 3040 6 29
FIXUPS: 37455 44 36 16 2c 15 5b 25 5b 42 12 22 ffffed3f 25 a ffffdd7b 6
FIXUPS: 34174 6 1b f f f f f f f f f 2e61 cb 8 22 3b 34 18 26 37 38 33
FIXUPS: 372c9 24 10 9 d b f a b d 27 9 2e 11 9 d b f a b d fffff43f 9 2b
FIXUPS: 368a1 ff 7e 1f 62 49 f 1f 4f 1e b7 10 9 da 2c 8 10 8 23 35 20 1a
FIXUPS: 36e32 29 39 90 39 1e d6 fffff503 f f f a a d a a a a a a a a 1e
FIXUPS: 3661a e 5 f 2b 73 1f a f b 3f 25 9 13 1f 25 1277 20 24 22 16 c
FIXUPS: 37af6 1c 1c 10 1c 13 20 20 1a 2d ffffe821 14 13 14 14 13 14 11
FIXUPS: 364aa 19 23 a 16 21 f f 16ed d6 49 8 5 55 4f d6 8 5 111 3c 39 7
FIXUPS: 380c8 fffff5c5 2d 1b 7c a5 1a b 17 18 23 24 31 19 41 91 2d 36 c5b
FIXUPS: 386ff 8 5c 8 1f 34 155 8 17 8 149 8 14 17 2c 8 3f 8 23 8 ef 8 23
FIXUPS: 38cb5 30 25 22 e7 76 8 10 17ab 33 26 71 74 b 1b 19 42 22 c8 2b
FIXUPS: 3a925 5 20 27 11 ffffda4d 2f 7d 14 8 17 1a 35 8 62 72 19 2d 8 1b
FIXUPS: 3a202 f 11 40 81 31 6d e 32 12 b e e e e 18 d 4b f c 18 24 47 57
FIXUPS: 3a585 b 1e 1c 17 1e 14 34 fffff7cd b 7 b 7 17 7 15 1f 3d 16 18
FIXUPS: 39f0d 29 11 10 7a 7 17 7 31 56 24 33 12 f 3e 30 2c 35 15 17 fffff97a
FIXUPS: 39b85 17 48 e 18 10 14 97 7 13 7 13 7 24 7 21 7 1f 13 7 13 7 1c
FIXUPS: 39dc9 e 7 b 7 b 7 b fffff852 60 17 5b 1c7 14 f 7 10 7 13 7 13 7
FIXUPS: 39980 7 13 7 15 15 15 15 15 15 3c 3b 6e b 7 b 7 26 fffff721 d 35
FIXUPS: 392d4 b 18 15 18 15 8 10 7 11 7 8 c 7 2b b b 8 78 12 b 95 1c 2e
FIXUPS: 39563 34 1f 30 5f fffff8c3 a a 16 38 11 e e 19 21 18 f 2e 39 1b
FIXUPS: 39105 43 b 13 17 b 12 b 2a 19 2e f b 8 19 b 8 1e79 15 1a 3a 17
FIXUPS: 3b16f 139 10 e 10 46 37 28 10 27 4b 3f 17 d a2 2c c 15 f ffffd95a
FIXUPS: 38ec2 a a a a a a 4141 20 9 6 43 40 16 1a 1e 14 14 2f b b ffffd889
FIXUPS: 3aabe 9a 108 c3 5d e 97 63 4d 49 e 45 12 42 3b 33 53 1b72 8 b 1d
FIXUPS: 3cc33 25 10 b 31 42 11 25 21 8 18 5b 37 30 16 f 1d 22 1e 10 5f
FIXUPS: 3cf4e 6a 25 31 6 15 8 fffff205 95 5f 23 75 f 5f 9c 46 2c 61 67
FIXUPS: 3c73e 2b dd 6a 5e b1 36 46 15 17 3c d8 6 e 16 16 11 12 b 9 14c4
FIXUPS: 3e0d0 12 57 a 40 ffffd421 30 c9 8c 4e 1e7 95 37 5f 71 92 36 fa
FIXUPS: 3bdcf 33 12 32 ed 89 89 22 63 10 af 26 4a 1b8a 14 10 10 43 42 19
FIXUPS: 3de76 16 1e 18 18 18 18 18 18 18 18 18 18 18 18 18 14 14 14 14
FIXUPS: 3e046 12 15 20 17 fffff23f 7f 175 140 a6 42 2f 88 2d 1f 59 43 87
FIXUPS: 3d98e 70 3a 35 56 5 e 42 26 68 5b a 29 a 18 57 f 5a 1d 101c 4c
FIXUPS: 3ee11 1d e0 11 1d 16 15 12 24 24 25 1f 12 1f 12 1f 21 8 5 a a 8
FIXUPS: 3f0c3 24 5 5a c 12 11 ffffe0b2 143f 2c 17 ca f b 16 1a 3c 14 6
FIXUPS: 3e84a a3 14 5 24 b a 16 44 2b 6e 1f c 17 32 49 2d 13 14c af d fffff644
FIXUPS: 3e395 7 11 14 c 10 16 13 11 1b 1a 6 11 1f 8 19 1f 8 19 11 d e 11
FIXUPS: 3e536 11 5 19 66 22 1c 43 2242 a a a a a d a a a a a a a ffffd91c
FIXUPS: 3e238 24 20 12 6 2d 14 c c 6 b 6 1f 7 11 1a 1b 22e0 f 11 10 5 6e
FIXUPS: 4070d 3d 3c 15 f f a a a a a a a a a a d a a a a a a a a a ffffeef9
FIXUPS: 3f789 6 11e 52 34 32 37 15f 5b 28 1c 57 d b bf 1e 4a 52 2f9 f8
FIXUPS: 40195 30 79 5 36 40 27 23a db 16 36 1202 df ee 3a 83 fa b2 f ffffed01
FIXUPS: 409a0 2c 5b 19 32 6a 1a ffffe6bf 99 1b6 13c 11 37 b 14 56 bb 1a
FIXUPS: 3f753 6 c 6 c 3041 ffffe4a2 c 1c e7 57 9 da 13 1c 27 29 fd 44 93
FIXUPS: 4110a 6b 91 aa 63 16 2c 42 ac b3 30 f3 31 33 77 5f 8c ada 15 9
FIXUPS: 422ec 33 48 b 37 50 64 37 6b 4d 35 4f 34 1c 34 1f 6 29 16 11 1f
FIXUPS: 426f9 15 e 42 a 22 14 e 287 fffff2dc 1a 14 76 c 14 c 22 c1 15 1e
FIXUPS: 41f42 29 37 30 1e 2d 1e 3e 51 30 22 55 17 3a 16 42 32 12 10 2e

 368 bytes saved through ICF

