 wqpro380

 Timestamp is 4756d027 (Wed Dec 05 11:21:59 2007)

 Preferred load address is 00400000

 Start         Length     Name                   Class
 0001:00000000 0006993bH .text                   CODE
 0002:00000000 00000e97H .rdata                  DATA
 0002:00000e97 00000000H .edata                  DATA
 0003:00000000 00000004H .CRT$XCA                DATA
 0003:00000004 00000004H .CRT$XCZ                DATA
 0003:00000008 00000004H .CRT$XIA                DATA
 0003:0000000c 00000008H .CRT$XIC                DATA
 0003:00000014 00000004H .CRT$XIZ                DATA
 0003:00000018 00000004H .CRT$XPA                DATA
 0003:0000001c 00000008H .CRT$XPX                DATA
 0003:00000024 00000004H .CRT$XPZ                DATA
 0003:00000028 00000004H .CRT$XTA                DATA
 0003:0000002c 00000004H .CRT$XTZ                DATA
 0003:00000030 00015f94H .data                   DATA
 0003:00015fc8 000e1118H .bss                    DATA
 0004:00000000 00000078H .idata$2                DATA
 0004:00000078 00000014H .idata$3                DATA
 0004:0000008c 00000314H .idata$4                DATA
 0004:000003a0 00000314H .idata$5                DATA
 0004:000006b4 00000cceH .idata$6                DATA
 0005:00000000 00000340H .rsrc$01                DATA
 0005:00000340 00004f40H .rsrc$02                DATA

  Address         Publics by Value              Rva+Base     Lib:Object

 0001:00000000       _CDAudio_Play              00401000 f   cd_win.obj
 0001:00000290       _CDAudio_Stop              00401290 f   cd_win.obj
 0001:000002e0       _CDAudio_Pause             004012e0 f   cd_win.obj
 0001:00000340       _CDAudio_Resume            00401340 f   cd_win.obj
 0001:000003c0       _CDAudio_MessageHandler    004013c0 f   cd_win.obj
 0001:00000470       _CDAudio_Update            00401470 f   cd_win.obj
 0001:000004f0       _CDAudio_Init              004014f0 f   cd_win.obj
 0001:00000950       _CDAudio_Shutdown          00401950 f   cd_win.obj
 0001:00000990       _Chase_Init                00401990 f   chase.obj
 0001:000009d0       _TraceLine                 004019d0 f   chase.obj
 0001:00000a30       _Chase_Update              00401a30 f   chase.obj
 0001:00000bd0       _CL_StopPlayback           00401bd0 f   cl_demo.obj
 0001:00000c20       _CL_FixMsg                 00401c20 f   cl_demo.obj
 0001:00000ce0       _CL_WriteDemoMessage       00401ce0 f   cl_demo.obj
 0001:00000d80       _CL_GetMessage             00401d80 f   cl_demo.obj
 0001:00001030       _CL_Stop_f                 00402030 f   cl_demo.obj
 0001:000010a0       _CL_Record_f               004020a0 f   cl_demo.obj
 0001:000013d0       _CL_PlayDemo_f             004023d0 f   cl_demo.obj
 0001:00001520       _CL_FinishTimeDemo         00402520 f   cl_demo.obj
 0001:00001590       _CL_TimeDemo_f             00402590 f   cl_demo.obj
 0001:000015e0       _KeyDown                   004025e0 f   cl_input.obj
 0001:00001680       _KeyUp                     00402680 f   cl_input.obj
 0001:00001730       _IN_KLookDown              00402730 f   cl_input.obj
 0001:00001740       _IN_KLookUp                00402740 f   cl_input.obj
 0001:00001750       _IN_MLookDown              00402750 f   cl_input.obj
 0001:00001760       _IN_MLookUp                00402760 f   cl_input.obj
 0001:000017b0       _IN_UpDown                 004027b0 f   cl_input.obj
 0001:000017c0       _IN_UpUp                   004027c0 f   cl_input.obj
 0001:000017d0       _IN_DownDown               004027d0 f   cl_input.obj
 0001:000017e0       _IN_DownUp                 004027e0 f   cl_input.obj
 0001:000017f0       _IN_LeftDown               004027f0 f   cl_input.obj
 0001:00001800       _IN_LeftUp                 00402800 f   cl_input.obj
 0001:00001810       _IN_RightDown              00402810 f   cl_input.obj
 0001:00001820       _IN_RightUp                00402820 f   cl_input.obj
 0001:00001830       _IN_ForwardDown            00402830 f   cl_input.obj
 0001:00001840       _IN_ForwardUp              00402840 f   cl_input.obj
 0001:00001850       _IN_BackDown               00402850 f   cl_input.obj
 0001:00001860       _IN_BackUp                 00402860 f   cl_input.obj
 0001:00001870       _IN_LookupDown             00402870 f   cl_input.obj
 0001:00001880       _IN_LookupUp               00402880 f   cl_input.obj
 0001:00001890       _IN_LookdownDown           00402890 f   cl_input.obj
 0001:000018a0       _IN_LookdownUp             004028a0 f   cl_input.obj
 0001:000018b0       _IN_MoveleftDown           004028b0 f   cl_input.obj
 0001:000018c0       _IN_MoveleftUp             004028c0 f   cl_input.obj
 0001:000018d0       _IN_MoverightDown          004028d0 f   cl_input.obj
 0001:000018e0       _IN_MoverightUp            004028e0 f   cl_input.obj
 0001:000018f0       _IN_SpeedDown              004028f0 f   cl_input.obj
 0001:00001900       _IN_SpeedUp                00402900 f   cl_input.obj
 0001:00001910       _IN_StrafeDown             00402910 f   cl_input.obj
 0001:00001920       _IN_StrafeUp               00402920 f   cl_input.obj
 0001:00001930       _IN_AttackDown             00402930 f   cl_input.obj
 0001:00001940       _IN_AttackUp               00402940 f   cl_input.obj
 0001:00001950       _IN_UseDown                00402950 f   cl_input.obj
 0001:00001960       _IN_UseUp                  00402960 f   cl_input.obj
 0001:00001970       _IN_JumpDown               00402970 f   cl_input.obj
 0001:00001980       _IN_JumpUp                 00402980 f   cl_input.obj
 0001:00001990       _IN_Impulse                00402990 f   cl_input.obj
 0001:000019b0       _IN_BestWeapon             004029b0 f   cl_input.obj
 0001:00001a20       _CL_KeyState               00402a20 f   cl_input.obj
 0001:00001ab0       _CL_AdjustAngles           00402ab0 f   cl_input.obj
 0001:00001cb0       _CL_BaseMove               00402cb0 f   cl_input.obj
 0001:00001de0       _CL_SendLagMove            00402de0 f   cl_input.obj
 0001:00001eb0       _CL_SendMove               00402eb0 f   cl_input.obj
 0001:00002040       _CL_InitInput              00403040 f   cl_input.obj
 0001:00002280       _CL_ClearState             00403280 f   cl_main.obj
 0001:00002330       _CL_Disconnect             00403330 f   cl_main.obj
 0001:000023f0       _CL_Disconnect_f           004033f0 f   cl_main.obj
 0001:00002410       _CL_EstablishConnection    00403410 f   cl_main.obj
 0001:000024f0       _CL_SignonReply            004034f0 f   cl_main.obj
 0001:000027c0       _CL_NextDemo               004037c0 f   cl_main.obj
 0001:00002860       _CL_PrintEntities_f        00403860 f   cl_main.obj
 0001:00002900       _CL_AllocDlight            00403900 f   cl_main.obj
 0001:00002980       _CL_DecayLights            00403980 f   cl_main.obj
 0001:000029e0       _CL_LerpPoint              004039e0 f   cl_main.obj
 0001:00002b30       _CL_RelinkEntities         00403b30 f   cl_main.obj
 0001:00002fd0       _CL_ReadFromServer         00403fd0 f   cl_main.obj
 0001:00003070       _CL_SendCmd                00404070 f   cl_main.obj
 0001:00003120       _CL_SaveFOV_f              00404120 f   cl_main.obj
 0001:00003130       _CL_RestoreFOV_f           00404130 f   cl_main.obj
 0001:00003170       _CL_SaveSensitivity_f      00404170 f   cl_main.obj
 0001:00003180       _CL_RestoreSensitivity_f   00404180 f   cl_main.obj
 0001:000031c0       _CL_Viewpos_f              004041c0 f   cl_main.obj
 0001:00003230       _CL_Init                   00404230 f   cl_main.obj
 0001:00003430       _CL_EntityNum              00404430 f   cl_parse.obj
 0001:00003490       _CL_ParseStartSoundPacket  00404490 f   cl_parse.obj
 0001:00003560       _CL_KeepaliveMessage       00404560 f   cl_parse.obj
 0001:000036a0       _CL_ParseServerInfo        004046a0 f   cl_parse.obj
 0001:00003950       _CL_ParseUpdate            00404950 f   cl_parse.obj
 0001:00003c10       _CL_ParseBaseline          00404c10 f   cl_parse.obj
 0001:00003c60       _CL_ParseClientdata        00404c60 f   cl_parse.obj
 0001:00003ec0       _CL_NewTranslation         00404ec0 f   cl_parse.obj
 0001:00003ff0       _CL_ParseStatic            00404ff0 f   cl_parse.obj
 0001:000040a0       _CL_ParseStaticSound       004050a0 f   cl_parse.obj
 0001:00004100       _MSG_ReadBytePQ            00405100 f   cl_parse.obj
 0001:00004120       _MSG_ReadShortPQ           00405120 f   cl_parse.obj
 0001:00004140       _CL_ParseProQuakeMessage   00405140 f   cl_parse.obj
 0001:00004310       _VersionString             00405310 f   cl_parse.obj
 0001:00004340       _Q_Version                 00405340 f   cl_parse.obj
 0001:000043a0       _CL_ParseProQuakeString    004053a0 f   cl_parse.obj
 0001:000049e0       _CL_ParseServerMessage     004059e0 f   cl_parse.obj
 0001:00005060       _CL_InitTEnts              00406060 f   cl_tent.obj
 0001:000050d0       _CL_ParseBeam              004060d0 f   cl_tent.obj
 0001:000051e0       _CL_ParseTEnt              004061e0 f   cl_tent.obj
 0001:000056a0       _CL_NewTempEntity          004066a0 f   cl_tent.obj
 0001:00005710       _CL_UpdateTEnts            00406710 f   cl_tent.obj
 0001:00005940       _Cmd_Wait_f                00406940 f   cmd.obj
 0001:00005950       _Cbuf_Init                 00406950 f   cmd.obj
 0001:00005970       _Cbuf_AddText              00406970 f   cmd.obj
 0001:000059c0       _Cbuf_InsertText           004069c0 f   cmd.obj
 0001:00005a20       _Cbuf_Execute              00406a20 f   cmd.obj
 0001:00005b10       _Cmd_StuffCmds_f           00406b10 f   cmd.obj
 0001:00005d60       _Cmd_Exec_f                00406d60 f   cmd.obj
 0001:00005de0       _Cmd_Echo_f                00406de0 f   cmd.obj
 0001:00005e20       _CopyString                00406e20 f   cmd.obj
 0001:00005e70       _Cmd_Alias_f               00406e70 f   cmd.obj
 0001:00006070       _Cmd_List_f                00407070 f   cmd.obj
 0001:00006120       _Cmd_Argc                  00407120 f   cmd.obj
 0001:00006130       _Cmd_Argv                  00407130 f   cmd.obj
 0001:00006150       _Cmd_Args                  00407150 f   cmd.obj
 0001:00006160       _Cmd_TokenizeString        00407160 f   cmd.obj
 0001:00006230       _Cmd_AddCommand            00407230 f   cmd.obj
 0001:00006370       _Cmd_Exists                00407370 f   cmd.obj
 0001:000063b0       _Cmd_CompleteCommand       004073b0 f   cmd.obj
 0001:00006550       _Cmd_ExecuteString         00407550 f   cmd.obj
 0001:00006600       _Cmd_ForwardToServer       00407600 f   cmd.obj
 0001:00006b40       _Cmd_Init                  00407b40 f   cmd.obj
 0001:00006bc0       _ClearLink                 00407bc0 f   common.obj
 0001:00006bd0       _RemoveLink                00407bd0 f   common.obj
 0001:00006bf0       _InsertLinkBefore          00407bf0 f   common.obj
 0001:00006c10       _Q_memset                  00407c10 f   common.obj
 0001:00006c70       _Q_memcpy                  00407c70 f   common.obj
 0001:00006cc0       _Q_strcpy                  00407cc0 f   common.obj
 0001:00006cf0       _Q_strncpy                 00407cf0 f   common.obj
 0001:00006d30       _Q_strlen                  00407d30 f   common.obj
 0001:00006d50       _Q_strrchr                 00407d50 f   common.obj
 0001:00006d90       _Q_strcat                  00407d90 f   common.obj
 0001:00006db0       _Q_strcmp                  00407db0 f   common.obj
 0001:00006de0       _Q_strncmp                 00407de0 f   common.obj
 0001:00006e20       _Q_strncasecmp             00407e20 f   common.obj
 0001:00006e80       _Q_strcasecmp              00407e80 f   common.obj
 0001:00006ea0       _Q_atoi                    00407ea0 f   common.obj
 0001:00006f40       _Q_atof                    00407f40 f   common.obj
 0001:00007050       _Q_strncpyz                00408050 f   common.obj
 0001:00007080       _Q_snprintfz               00408080 f   common.obj
 0001:000070b0       _ShortSwap                 004080b0 f   common.obj
 0001:000070d0       _ShortNoSwap               004080d0 f   common.obj
 0001:000070e0       _LongSwap                  004080e0 f   common.obj
 0001:00007120       _LongNoSwap                00408120 f   common.obj
 0001:00007130       _FloatSwap                 00408130 f   common.obj
 0001:00007160       _FloatNoSwap               00408160 f   common.obj
 0001:00007170       _MSG_WriteByte             00408170 f   common.obj
 0001:00007170       _MSG_WriteChar             00408170 f   common.obj
 0001:00007190       _MSG_WriteShort            00408190 f   common.obj
 0001:000071b0       _MSG_WriteLong             004081b0 f   common.obj
 0001:000071e0       _MSG_WriteFloat            004081e0 f   common.obj
 0001:00007210       _MSG_WriteString           00408210 f   common.obj
 0001:00007250       _MSG_WriteCoord            00408250 f   common.obj
 0001:00007270       _MSG_WriteAngle            00408270 f   common.obj
 0001:000072b0       _MSG_WritePreciseAngle     004082b0 f   common.obj
 0001:000072f0       _MSG_BeginReading          004082f0 f   common.obj
 0001:00007300       _MSG_ReadChar              00408300 f   common.obj
 0001:00007340       _MSG_ReadByte              00408340 f   common.obj
 0001:00007380       _MSG_PeekByte              00408380 f   common.obj
 0001:000073b0       _MSG_ReadShort             004083b0 f   common.obj
 0001:00007400       _MSG_ReadLong              00408400 f   common.obj
 0001:00007460       _MSG_ReadFloat             00408460 f   common.obj
 0001:000074b0       _MSG_ReadString            004084b0 f   common.obj
 0001:000074f0       _MSG_ReadCoord             004084f0 f   common.obj
 0001:00007510       _MSG_ReadAngle             00408510 f   common.obj
 0001:00007530       _MSG_ReadPreciseAngle      00408530 f   common.obj
 0001:00007550       _SZ_Alloc                  00408550 f   common.obj
 0001:00007590       _SZ_Clear                  00408590 f   common.obj
 0001:000075a0       _SZ_GetSpace               004085a0 f   common.obj
 0001:00007610       _SZ_Write                  00408610 f   common.obj
 0001:00007640       _SZ_Print                  00408640 f   common.obj
 0001:000076a0       _COM_StripExtension        004086a0 f   common.obj
 0001:000076d0       _COM_FileExtension         004086d0 f   common.obj
 0001:00007710       _COM_FileBase              00408710 f   common.obj
 0001:00007790       _COM_ForceExtension        00408790 f   common.obj
 0001:00007810       _COM_DefaultExtension      00408810 f   common.obj
 0001:00007880       _COM_Parse                 00408880 f   common.obj
 0001:00007980       _COM_CheckParm             00408980 f   common.obj
 0001:000079d0       _COM_CheckRegistered       004089d0 f   common.obj
 0001:00007ac0       _COM_InitArgv              00408ac0 f   common.obj
 0001:00007be0       _COM_Init                  00408be0 f   common.obj
 0001:00007cb0       _va                        00408cb0 f   common.obj
 0001:00007cd0       _COM_Path_f                00408cd0 f   common.obj
 0001:00007d30       _COM_WriteFile             00408d30 f   common.obj
 0001:00007db0       _COM_CreatePath            00408db0 f   common.obj
 0001:00007df0       _COM_CopyFile              00408df0 f   common.obj
 0001:00007e80       _COM_FindFile              00408e80 f   common.obj
 0001:000081f0       _COM_OpenFile              004091f0 f   common.obj
 0001:00008210       _COM_FOpenFile             00409210 f   common.obj
 0001:00008230       _COM_CloseFile             00409230 f   common.obj
 0001:00008270       _COM_LoadFile              00409270 f   common.obj
 0001:00008380       _COM_LoadHunkFile          00409380 f   common.obj
 0001:000083a0       _COM_LoadCacheFile         004093a0 f   common.obj
 0001:000083c0       _COM_LoadStackFile         004093c0 f   common.obj
 0001:000083f0       _COM_LoadPackFile          004093f0 f   common.obj
 0001:000085f0       _COM_AddGameDirectory      004095f0 f   common.obj
 0001:000086d0       _COM_InitFilesystem        004096d0 f   common.obj
 0001:00008a00       _COM_ModelCRC              00409a00 f   common.obj
 0001:00008a90       _InitConProc               00409a90 f   conproc.obj
 0001:00008b60       _DeinitConProc             00409b60 f   conproc.obj
 0001:00008b80       _RequestProc               00409b80 f   conproc.obj
 0001:00008c60       _GetMappedBuffer           00409c60 f   conproc.obj
 0001:00008c80       _ReleaseMappedBuffer       00409c80 f   conproc.obj
 0001:00008c90       _GetScreenBufferLines      00409c90 f   conproc.obj
 0001:00008cc0       _SetScreenBufferLines      00409cc0 f   conproc.obj
 0001:00008ce0       _ReadText                  00409ce0 f   conproc.obj
 0001:00008d30       _WriteText                 00409d30 f   conproc.obj
 0001:00008e10       _CharToCode                00409e10 f   conproc.obj
 0001:00008eb0       _SetConsoleCXCY            00409eb0 f   conproc.obj
 0001:00009030       _Con_ToggleConsole_f       0040a030 f   console.obj
 0001:000090b0       _Con_Clear_f               0040a0b0 f   console.obj
 0001:000090d0       _Con_Showtime_f            0040a0d0 f   console.obj
 0001:00009110       _Con_Dump_f                0040a110 f   console.obj
 0001:00009290       _Con_ClearNotify           0040a290 f   console.obj
 0001:000092b0       _Con_MessageMode_f         0040a2b0 f   console.obj
 0001:000092d0       _Con_MessageMode2_f        0040a2d0 f   console.obj
 0001:000092f0       _Con_CheckResize           0040a2f0 f   console.obj
 0001:00009420       _Con_Init                  0040a420 f   console.obj
 0001:000096f0       _Con_Linefeed              0040a6f0 f   console.obj
 0001:00009740       _Con_Print                 0040a740 f   console.obj
 0001:00009c80       _Con_DebugLog              0040ac80 f   console.obj
 0001:00009cf0       _Con_Printf                0040acf0 f   console.obj
 0001:00009da0       _Con_DPrintf               0040ada0 f   console.obj
 0001:00009df0       _Con_SafePrintf            0040adf0 f   console.obj
 0001:00009e40       _Con_DrawInput             0040ae40 f   console.obj
 0001:00009f10       _Con_DrawNotify            0040af10 f   console.obj
 0001:0000a110       _Con_DrawConsole           0040b110 f   console.obj
 0001:0000a1e0       _CRC_Init                  0040b1e0 f   crc.obj
 0001:0000a1f0       _CRC_ProcessByte           0040b1f0 f   crc.obj
 0001:0000a230       _Cvar_List_f               0040b230 f   cvar.obj
 0001:0000a2e0       _Cvar_Toggle_f             0040b2e0 f   cvar.obj
 0001:0000a350       _Cvar_Reset_f              0040b350 f   cvar.obj
 0001:0000a380       _Cvar_ResetAll_f           0040b380 f   cvar.obj
 0001:0000a3a0       _Cvar_Init                 0040b3a0 f   cvar.obj
 0001:0000a3e0       _Cvar_FindVar              0040b3e0 f   cvar.obj
 0001:0000a420       _Cvar_VariableValue        0040b420 f   cvar.obj
 0001:0000a450       _Cvar_VariableString       0040b450 f   cvar.obj
 0001:0000a470       _Cvar_Reset                0040b470 f   cvar.obj
 0001:0000a4b0       _Cvar_Set                  0040b4b0 f   cvar.obj
 0001:0000a690       _Cvar_SetValue             0040b690 f   cvar.obj
 0001:0000a6d0       _Cvar_RegisterVariable     0040b6d0 f   cvar.obj
 0001:0000a820       _Cvar_Command              0040b820 f   cvar.obj
 0001:0000a880       _Cvar_WriteVariables       0040b880 f   cvar.obj
 0001:0000a8d0       _D_MipLevelForScale        0040b8d0 f   d_edge.obj
 0001:0000a930       _D_DrawSolidSurface        0040b930 f   d_edge.obj
 0001:0000aa10       _D_CalcGradients           0040ba10 f   d_edge.obj
 0001:0000abe0       _D_DrawSurfaces            0040bbe0 f   d_edge.obj
 0001:0000af60       _D_Init                    0040bf60 f   d_init.obj
 0001:0000afc0       _D_EnableBackBufferAccess  0040bfc0 f   d_init.obj
 0001:0000afd0       _D_DisableBackBufferAccess 0040bfd0 f   d_init.obj
 0001:0000afe0       _D_SetupFrame              0040bfe0 f   d_init.obj
 0001:0000b0a0       _D_Patch                   0040c0a0 f   d_modech.obj
 0001:0000b0d0       _D_ViewChanged             0040c0d0 f   d_modech.obj
 0001:0000b230       _D_PolysetUpdateTables     0040c230 f   d_polyse.obj
 0001:0000b270       _D_PolysetSetUpForLineScan 0040c270 f   d_polyse.obj
 0001:0000b310       _D_RasterizeAliasPolySmooth 0040c310 f   d_polyse.obj
 0001:0000b950       _D_PolysetSetEdgeTable     0040c950 f   d_polyse.obj
 0001:0000b9f0       _D_WarpScreen              0040c9f0 f   d_scan.obj
 0001:0000bbf0       _Turbulent8                0040cbf0 f   d_scan.obj
 0001:0000bf10       _D_Sky_uv_To_st            0040cf10 f   d_sky.obj
 0001:0000c040       _D_DrawSkyScans8           0040d040 f   d_sky.obj
 0001:0000c190       _D_SpriteScanLeftEdge      0040d190 f   d_sprite.obj
 0001:0000c2a0       _D_SpriteScanRightEdge     0040d2a0 f   d_sprite.obj
 0001:0000c470       _D_SpriteCalculateGradients 0040d470 f   d_sprite.obj
 0001:0000c650       _D_DrawSprite              0040d650 f   d_sprite.obj
 0001:0000c740       _D_SurfaceCacheForRes      0040d740 f   d_surf.obj
 0001:0000c7a0       _D_CheckCacheGuard         0040d7a0 f   d_surf.obj
 0001:0000c7d0       _D_ClearCacheGuard         0040d7d0 f   d_surf.obj
 0001:0000c7f0       _D_InitCaches              0040d7f0 f   d_surf.obj
 0001:0000c860       _D_FlushCaches             0040d860 f   d_surf.obj
 0001:0000c8c0       _D_SCAlloc                 0040d8c0 f   d_surf.obj
 0001:0000ca80       _D_CacheSurface            0040da80 f   d_surf.obj
 0001:0000cc20       _Draw_PicFromWad           0040dc20 f   draw.obj
 0001:0000cc40       _Draw_CachePic             0040dc40 f   draw.obj
 0001:0000cd20       _Draw_Init                 0040dd20 f   draw.obj
 0001:0000cd80       _Draw_Character            0040dd80 f   draw.obj
 0001:0000cf50       _Draw_String               0040df50 f   draw.obj
 0001:0000cf90       _Draw_Pic                  0040df90 f   draw.obj
 0001:0000d0b0       _Draw_TransPic             0040e0b0 f   draw.obj
 0001:0000d2a0       _Draw_TransPicTranslate    0040e2a0 f   draw.obj
 0001:0000d530       _Draw_CharToConback        0040e530 f   draw.obj
 0001:0000d590       _Draw_ConsoleBackground    0040e590 f   draw.obj
 0001:0000d840       _R_DrawRect8               0040e840 f   draw.obj
 0001:0000d900       _R_DrawRect16              0040e900 f   draw.obj
 0001:0000d9e0       _Draw_TileClear            0040e9e0 f   draw.obj
 0001:0000db00       _Draw_Fill                 0040eb00 f   draw.obj
 0001:0000dbe0       _Draw_FadeScreen           0040ebe0 f   draw.obj
 0001:0000dc60       _Draw_BeginDisc            0040ec60 f   draw.obj
 0001:0000dc90       _Draw_EndDisc              0040ec90 f   draw.obj
 0001:0000dcb0       _Host_EndGame              0040ecb0 f   host.obj
 0001:0000dd40       _Host_Error                0040ed40 f   host.obj
 0001:0000ddf0       _Host_FindMaxClients       0040edf0 f   host.obj
 0001:0000df30       _Host_InitDeQuake          0040ef30 f   host.obj
 0001:0000e010       _Host_InitLocal            0040f010 f   host.obj
 0001:0000e150       _Host_WriteConfig          0040f150 f   host.obj
 0001:0000e250       _Host_WriteConfiguration   0040f250 f   host.obj
 0001:0000e280       _Host_WriteConfig_f        0040f280 f   host.obj
 0001:0000e2f0       _SV_ClientPrintf           0040f2f0 f   host.obj
 0001:0000e340       _SV_BroadcastPrintf        0040f340 f   host.obj
 0001:0000e3d0       _Host_ClientCommands       0040f3d0 f   host.obj
 0001:0000e420       _SV_DropClient             0040f420 f   host.obj
 0001:0000e630       _Host_ShutdownServer       0040f630 f   host.obj
 0001:0000e7d0       _Host_ClearMemory          0040f7d0 f   host.obj
 0001:0000e820       _Host_FilterTime           0040f820 f   host.obj
 0001:0000e910       _Host_GetConsoleCommands   0040f910 f   host.obj
 0001:0000e930       _Host_ServerFrame          0040f930 f   host.obj
 0001:0000e9e0       __Host_Frame               0040f9e0 f   host.obj
 0001:0000ebb0       _Host_Frame                0040fbb0 f   host.obj
 0001:0000ec80       _Host_InitVCR              0040fc80 f   host.obj
 0001:0000eeb0       _Host_Init                 0040feb0 f   host.obj
 0001:0000f0c0       _Host_Shutdown             004100c0 f   host.obj
 0001:0000f120       _Host_Quit_f               00410120 f   host_cmd.obj
 0001:0000f160       _Host_Status_f             00410160 f   host_cmd.obj
 0001:0000f370       _Host_Cheatfree_f          00410370 f   host_cmd.obj
 0001:0000f3b0       _Host_God_f                004103b0 f   host_cmd.obj
 0001:0000f450       _Host_Notarget_f           00410450 f   host_cmd.obj
 0001:0000f4f0       _Host_Noclip_f             004104f0 f   host_cmd.obj
 0001:0000f580       _Host_Fly_f                00410580 f   host_cmd.obj
 0001:0000f5f0       _Host_Ping_f               004105f0 f   host_cmd.obj
 0001:0000f6d0       _Host_Map_f                004106d0 f   host_cmd.obj
 0001:0000f8f0       _Host_Changelevel_f        004108f0 f   host_cmd.obj
 0001:0000f980       _Host_Restart_f            00410980 f   host_cmd.obj
 0001:0000f9e0       _Host_Reconnect_f          004109e0 f   host_cmd.obj
 0001:0000f9f0       _Host_Connect_f            004109f0 f   host_cmd.obj
 0001:0000fa80       _Host_SavegameComment      00410a80 f   host_cmd.obj
 0001:0000fb20       _Host_Savegame_f           00410b20 f   host_cmd.obj
 0001:0000fdb0       _Host_Loadgame_f           00410db0 f   host_cmd.obj
 0001:00010160       _Host_Name_f               00411160 f   host_cmd.obj
 0001:00010380       _Host_Version_f            00411380 f   host_cmd.obj
 0001:000103b0       _Host_Say                  004113b0 f   host_cmd.obj
 0001:000106d0       _Host_Say_f                004116d0 f   host_cmd.obj
 0001:000106e0       _Host_Say_Team_f           004116e0 f   host_cmd.obj
 0001:000106f0       _Host_Tell_f               004116f0 f   host_cmd.obj
 0001:00010890       _Host_Color_f              00411890 f   host_cmd.obj
 0001:00010a10       _Host_Kill_f               00411a10 f   host_cmd.obj
 0001:00010a80       _Host_Pause_f              00411a80 f   host_cmd.obj
 0001:00010b30       _Host_PreSpawn_f           00411b30 f   host_cmd.obj
 0001:00010bc0       _Host_Spawn_f              00411bc0 f   host_cmd.obj
 0001:000111f0       _Host_Begin_f              004121f0 f   host_cmd.obj
 0001:00011230       _Host_Kick_f               00412230 f   host_cmd.obj
 0001:00011460       _Host_Give_f               00412460 f   host_cmd.obj
 0001:00011a30       _FindViewthing             00412a30 f   host_cmd.obj
 0001:00011ab0       _Host_Viewmodel_f          00412ab0 f   host_cmd.obj
 0001:00011b10       _Host_Viewframe_f          00412b10 f   host_cmd.obj
 0001:00011b60       _PrintFrameName            00412b60 f   host_cmd.obj
 0001:00011b90       _Host_Viewnext_f           00412b90 f   host_cmd.obj
 0001:00011c00       _Host_Viewprev_f           00412c00 f   host_cmd.obj
 0001:00011c60       _Host_Startdemos_f         00412c60 f   host_cmd.obj
 0001:00011d20       _Host_Demos_f              00412d20 f   host_cmd.obj
 0001:00011d50       _Host_Stopdemo_f           00412d50 f   host_cmd.obj
 0001:00011d70       _unfun_match               00412d70 f   host_cmd.obj
 0001:00011dd0       _Host_Identify_f           00412dd0 f   host_cmd.obj
 0001:00012090       _Host_Say_Rand_f           00413090 f   host_cmd.obj
 0001:000121d0       _Host_InitCommands         004131d0 f   host_cmd.obj
 0001:00012540       _OnChange_m_directinput    00413540 f   in_win.obj
 0001:00012570       _IN_SMouseProc@4           00413570 f   in_win.obj
 0001:00012840       _IN_SMouseRead             00413840 f   in_win.obj
 0001:00012b40       _IN_SMouseInit             00413b40 f   in_win.obj
 0001:00012be0       _Force_CenterView_f        00413be0 f   in_win.obj
 0001:00012bf0       _IN_UpdateClipCursor       00413bf0 f   in_win.obj
 0001:00012c30       _IN_ShowMouse              00413c30 f   in_win.obj
 0001:00012c50       _IN_HideMouse              00413c50 f   in_win.obj
 0001:00012c70       _IN_ActivateMouse          00413c70 f   in_win.obj
 0001:00012d20       _IN_SetQuakeMouseState     00413d20 f   in_win.obj
 0001:00012d30       _IN_DeactivateMouse        00413d30 f   in_win.obj
 0001:00012db0       _IN_RestoreOriginalMouseState 00413db0 f   in_win.obj
 0001:00012de0       _IN_InitDInput             00413de0 f   in_win.obj
 0001:00012f40       _IN_StartupMouse           00413f40 f   in_win.obj
 0001:000130b0       _IN_SetGlobals             004140b0 f   in_win.obj
 0001:000130d0       _IN_Init                   004140d0 f   in_win.obj
 0001:00013170       _IN_Shutdown               00414170 f   in_win.obj
 0001:000131b0       _IN_MouseEvent             004141b0 f   in_win.obj
 0001:00013240       _IN_MouseMove              00414240 f   in_win.obj
 0001:00013860       _IN_Move                   00414860 f   in_win.obj
 0001:00013890       _IN_Accumulate             00414890 f   in_win.obj
 0001:000138f0       _IN_StartupJoystick        004148f0 f   in_win.obj
 0001:00013b20       _RawValuePointer           00414b20 f   in_win.obj
 0001:00013b80       _Joy_AdvancedUpdate_f      00414b80 f   in_win.obj
 0001:00013d00       _IN_Commands               00414d00 f   in_win.obj
 0001:00013e60       _IN_ReadJoystick           00414e60 f   in_win.obj
 0001:00013ec0       _IN_JoyMove                00414ec0 f   in_win.obj
 0001:00014340       _IN_MapKey                 00415340 f   in_win.obj
 0001:000144b0       _IPLog_Init                004154b0 f   iplog.obj
 0001:000145c0       _IPLog_Import              004155c0 f   iplog.obj
 0001:000146a0       _IPLog_WriteLog            004156a0 f   iplog.obj
 0001:000147f0       _IPLog_Add                 004157f0 f   iplog.obj
 0001:000149e0       _IPLog_Delete              004159e0 f   iplog.obj
 0001:00014a30       _IPLog_Merge               00415a30 f   iplog.obj
 0001:00014a90       _IPLog_Identify            00415a90 f   iplog.obj
 0001:00014af0       _IPLog_DumpTree            00415af0 f   iplog.obj
 0001:00014bb0       _IPLog_Dump                00415bb0 f   iplog.obj
 0001:00014c20       _Key_Console               00415c20 f   keys.obj
 0001:000153a0       _Key_Message               004163a0 f   keys.obj
 0001:00015530       _Key_StringToKeynum        00416530 f   keys.obj
 0001:00015590       _Key_KeynumToString        00416590 f   keys.obj
 0001:000155f0       _Key_SetBinding            004165f0 f   keys.obj
 0001:00015650       _Key_Unbind_f              00416650 f   keys.obj
 0001:000156b0       _Key_Unbindall_f           004166b0 f   keys.obj
 0001:000156e0       _Key_Bindlist_f            004166e0 f   keys.obj
 0001:00015730       _Key_Bind_f                00416730 f   keys.obj
 0001:00015880       _Key_WriteBindings         00416880 f   keys.obj
 0001:000158e0       _Key_Init                  004168e0 f   keys.obj
 0001:00015b20       _Key_Event                 00416b20 f   keys.obj
 0001:00015e60       _Key_ClearAllStates        00416e60 f   keys.obj
 0001:00015e70       _Key_ClearStates           00416e70 f   keys.obj
 0001:00015e90       _LOC_LoadLocations         00416e90 f   location.obj
 0001:00016090       _LOC_GetLocation           00417090 f   location.obj
 0001:00016140       _anglemod                  00417140 f   mathlib.obj
 0001:00016170       _BOPS_Error                00417170 f   mathlib.obj
 0001:00016180       _AngleVectors              00417180 f   mathlib.obj
 0001:00016250       _VectorMA                  00417250 f   mathlib.obj
 0001:00016280       _CrossProduct              00417280 f   mathlib.obj
 0001:000162c0       _Length                    004172c0 f   mathlib.obj
 0001:000162f0       _VectorLength              004172f0 f   mathlib.obj
 0001:00016320       _VectorNormalize           00417320 f   mathlib.obj
 0001:00016380       _VectorInverse             00417380 f   mathlib.obj
 0001:000163a0       _VectorScale               004173a0 f   mathlib.obj
 0001:000163d0       _R_ConcatRotations         004173d0 f   mathlib.obj
 0001:000164c0       _R_ConcatTransforms        004174c0 f   mathlib.obj
 0001:00016600       _FloorDivMod               00417600 f   mathlib.obj
 0001:000166e0       _GreatestCommonDivisor     004176e0 f   mathlib.obj
 0001:00016710       _Mat_Init                  00417710 f   matrix.obj
 0001:00016950       _Mat_Update                00417950 f   matrix.obj
 0001:00016c00       _M_DrawCharacter           00417c00 f   menu.obj
 0001:00016c30       _M_Print                   00417c30 f   menu.obj
 0001:00016c70       _M_PrintWhite              00417c70 f   menu.obj
 0001:00016cb0       _M_DrawTransPic            00417cb0 f   menu.obj
 0001:00016ce0       _M_DrawPic                 00417ce0 f   menu.obj
 0001:00016d10       _M_BuildTranslationTable   00417d10 f   menu.obj
 0001:00016de0       _M_DrawTransPicTranslate   00417de0 f   menu.obj
 0001:00016e10       _M_DrawTextBox             00417e10 f   menu.obj
 0001:00016f80       _M_ToggleMenu_f            00417f80 f   menu.obj
 0001:00016fc0       _M_Menu_Main_f             00417fc0 f   menu.obj
 0001:00017000       _M_Main_Draw               00418000 f   menu.obj
 0001:00017090       _M_Main_Key                00418090 f   menu.obj
 0001:00017230       _M_Menu_SinglePlayer_f     00418230 f   menu.obj
 0001:00017250       _M_SinglePlayer_Draw       00418250 f   menu.obj
 0001:000172e0       _M_SinglePlayer_Key        004182e0 f   menu.obj
 0001:00017470       _M_ScanSaves               00418470 f   menu.obj
 0001:00017560       _M_Menu_Load_f             00418560 f   menu.obj
 0001:00017580       _M_Menu_Save_f             00418580 f   menu.obj
 0001:000175c0       _M_Load_Draw               004185c0 f   menu.obj
 0001:00017640       _M_Save_Draw               00418640 f   menu.obj
 0001:000176c0       _M_Load_Key                004186c0 f   menu.obj
 0001:00017810       _M_Save_Key                00418810 f   menu.obj
 0001:00017940       _M_Menu_MultiPlayer_f      00418940 f   menu.obj
 0001:00017960       _M_MultiPlayer_Draw        00418960 f   menu.obj
 0001:00017a20       _M_MultiPlayer_Key         00418a20 f   menu.obj
 0001:00017b90       _M_Menu_Setup_f            00418b90 f   menu.obj
 0001:00017c00       _M_Setup_Draw              00418c00 f   menu.obj
 0001:00017df0       _M_Setup_Key               00418df0 f   menu.obj
 0001:00018170       _M_Menu_Net_f              00419170 f   menu.obj
 0001:000181c0       _M_Net_Draw                004191c0 f   menu.obj
 0001:00018390       _M_Net_Key                 00419390 f   menu.obj
 0001:00018530       _M_Menu_Options_f          00419530 f   menu.obj
 0001:00018570       _M_AdjustSliders           00419570 f   menu.obj
 0001:00018a30       _M_DrawSlider              00419a30 f   menu.obj
 0001:00018ad0       _M_DrawCheckbox            00419ad0 f   menu.obj
 0001:00018b10       _M_Options_Draw            00419b10 f   menu.obj
 0001:00018e00       _M_Options_Key             00419e00 f   menu.obj
 0001:00019010       _M_Menu_Keys_f             0041a010 f   menu.obj
 0001:00019030       _M_FindKeysForCommand      0041a030 f   menu.obj
 0001:000190a0       _M_UnbindCommand           0041a0a0 f   menu.obj
 0001:00019100       _M_Keys_Draw               0041a100 f   menu.obj
 0001:00019280       _M_Keys_Key                0041a280 f   menu.obj
 0001:00019490       _M_Menu_Preferences_f      0041a490 f   menu.obj
 0001:000194b0       _M_Pref_AdjustSliders      0041a4b0 f   menu.obj
 0001:000198f0       _M_Pref_Options_Draw       0041a8f0 f   menu.obj
 0001:00019ca0       _M_Pref_Options_Key        0041aca0 f   menu.obj
 0001:00019e20       _M_Menu_Video_f            0041ae20 f   menu.obj
 0001:00019e40       _M_Video_Draw              0041ae40 f   menu.obj
 0001:00019e50       _M_Video_Key               0041ae50 f   menu.obj
 0001:00019e70       _M_Menu_Help_f             0041ae70 f   menu.obj
 0001:00019ea0       _M_Help_Draw               0041aea0 f   menu.obj
 0001:00019fc0       _M_Help_Key                0041afc0 f   menu.obj
 0001:0001a0b0       _M_Menu_Quit_f             0041b0b0 f   menu.obj
 0001:0001a110       _M_Quit_Key                0041b110 f   menu.obj
 0001:0001a1e0       _M_Quit_Draw               0041b1e0 f   menu.obj
 0001:0001a370       _M_Menu_SerialConfig_f     0041b370 f   menu.obj
 0001:0001a450       _M_SerialConfig_Draw       0041b450 f   menu.obj
 0001:0001a710       _M_SerialConfig_Key        0041b710 f   menu.obj
 0001:0001ab80       _M_Menu_ModemConfig_f      0041bb80 f   menu.obj
 0001:0001abc0       _M_ModemConfig_Draw        0041bbc0 f   menu.obj
 0001:0001ae20       _M_ModemConfig_Key         0041be20 f   menu.obj
 0001:0001b110       _M_Menu_LanConfig_f        0041c110 f   menu.obj
 0001:0001b1a0       _M_LanConfig_Draw          0041c1a0 f   menu.obj
 0001:0001b3f0       _M_LanConfig_Key           0041c3f0 f   menu.obj
 0001:0001b6d0       _M_Menu_GameOptions_f      0041c6d0 f   menu.obj
 0001:0001b720       _M_GameOptions_Draw        0041c720 f   menu.obj
 0001:0001bbd0       _M_NetStart_Change         0041cbd0 f   menu.obj
 0001:0001bf50       _M_GameOptions_Key         0041cf50 f   menu.obj
 0001:0001c1c0       _M_Menu_Search_f           0041d1c0 f   menu.obj
 0001:0001c200       _M_Search_Draw             0041d200 f   menu.obj
 0001:0001c2c0       _M_Menu_ServerList_f       0041d2c0 f   menu.obj
 0001:0001c300       _M_ServerList_Draw         0041d300 f   menu.obj
 0001:0001c4c0       _M_ServerList_Key          0041d4c0 f   menu.obj
 0001:0001c640       _M_Init                    0041d640 f   menu.obj
 0001:0001c710       _M_Draw                    0041d710 f   menu.obj
 0001:0001c8b0       _M_Keydown                 0041d8b0 f   menu.obj
 0001:0001ca80       _M_ConfigureNetSubsystem   0041da80 f   menu.obj
 0001:0001cad0       _Mod_Init                  0041dad0 f   model.obj
 0001:0001caf0       _Mod_Extradata             0041daf0 f   model.obj
 0001:0001cb30       _Mod_PointInLeaf           0041db30 f   model.obj
 0001:0001cba0       _Mod_DecompressVis         0041dba0 f   model.obj
 0001:0001cc40       _Mod_LeafPVS               0041dc40 f   model.obj
 0001:0001cc70       _Mod_ClearAll              0041dc70 f   model.obj
 0001:0001ccb0       _Mod_FindName              0041dcb0 f   model.obj
 0001:0001cdd0       _Mod_TouchModel            0041ddd0 f   model.obj
 0001:0001ce00       _Mod_LoadModel             0041de00 f   model.obj
 0001:0001cee0       _Mod_ForName               0041dee0 f   model.obj
 0001:0001cf00       _Mod_LoadTextures          0041df00 f   model.obj
 0001:0001d350       _Mod_LoadLighting          0041e350 f   model.obj
 0001:0001d3c0       _Mod_LoadVisibility        0041e3c0 f   model.obj
 0001:0001d430       _Mod_LoadEntities          0041e430 f   model.obj
 0001:0001d4a0       _Mod_LoadVertexes          0041e4a0 f   model.obj
 0001:0001d550       _Mod_LoadSubmodels         0041e550 f   model.obj
 0001:0001d690       _Mod_LoadEdges             0041e690 f   model.obj
 0001:0001d730       _Mod_LoadTexinfo           0041e730 f   model.obj
 0001:0001d8e0       _CalcSurfaceExtents        0041e8e0 f   model.obj
 0001:0001da60       _Mod_LoadFaces             0041ea60 f   model.obj
 0001:0001dc20       _Mod_SetParent             0041ec20 f   model.obj
 0001:0001dc60       _Mod_LoadNodes             0041ec60 f   model.obj
 0001:0001de10       _Mod_LoadLeafs             0041ee10 f   model.obj
 0001:0001df80       _Mod_LoadClipnodes         0041ef80 f   model.obj
 0001:0001e0c0       _Mod_MakeHull0             0041f0c0 f   model.obj
 0001:0001e1b0       _Mod_LoadMarksurfaces      0041f1b0 f   model.obj
 0001:0001e270       _Mod_LoadSurfedges         0041f270 f   model.obj
 0001:0001e300       _Mod_LoadPlanes            0041f300 f   model.obj
 0001:0001e410       _RadiusFromBounds          0041f410 f   model.obj
 0001:0001e460       _Mod_LoadBrushModel        0041f460 f   model.obj
 0001:0001e670       _Mod_LoadAliasFrame        0041f670 f   model.obj
 0001:0001e730       _Mod_LoadAliasGroup        0041f730 f   model.obj
 0001:0001e840       _Mod_LoadAliasSkin         0041f840 f   model.obj
 0001:0001e8e0       _Mod_LoadAliasSkinGroup    0041f8e0 f   model.obj
 0001:0001e9b0       _Mod_LoadAliasModel        0041f9b0 f   model.obj
 0001:0001ee50       _Mod_LoadSpriteFrame       0041fe50 f   model.obj
 0001:0001ef70       _Mod_LoadSpriteGroup       0041ff70 f   model.obj
 0001:0001f030       _Mod_LoadSpriteModel       00420030 f   model.obj
 0001:0001f190       _Mod_Print                 00420190 f   model.obj
 0001:0001f210       _NET_Ban_f                 00420210 f   net_dgrm.obj
 0001:0001f370       _Datagram_SendMessage      00420370 f   net_dgrm.obj
 0001:0001f460       _SendMessageNext           00420460 f   net_dgrm.obj
 0001:0001f530       _ReSendMessage             00420530 f   net_dgrm.obj
 0001:0001f5f0       _Datagram_CanSendMessage   004205f0 f   net_dgrm.obj
 0001:0001f610       _Datagram_SendUnreliableMessage 00420610 f   net_dgrm.obj
 0001:0001f6b0       _Datagram_GetMessage       004206b0 f   net_dgrm.obj
 0001:0001fa70       _PrintStats                00420a70 f   net_dgrm.obj
 0001:0001fac0       _NET_Stats_f               00420ac0 f   net_dgrm.obj
 0001:0001fc40       _Strip_Port                00420c40 f   net_dgrm.obj
 0001:00020170       _Datagram_Init             00421170 f   net_dgrm.obj
 0001:00020940       _Datagram_Shutdown         00421940 f   net_dgrm.obj
 0001:00020970       _Datagram_Close            00421970 f   net_dgrm.obj
 0001:000209a0       _Datagram_Listen           004219a0 f   net_dgrm.obj
 0001:000209e0       _Datagram_Reject           004219e0 f   net_dgrm.obj
 0001:00020a80       _Datagram_CheckNewConnections 00421a80 f   net_dgrm.obj
 0001:000215f0       _Datagram_SearchForHosts   004225f0 f   net_dgrm.obj
 0001:00021a10       _Datagram_Connect          00422a10 f   net_dgrm.obj
 0001:00021ff0       _Loop_Init                 00422ff0 f   net_loop.obj
 0001:00022000       _D_DrawPoly                00423000 f   net_loop.obj
 0001:00022000       _D_TurnZOn                 00423000 f   net_loop.obj
 0001:00022000       _VCR_Shutdown              00423000 f   net_loop.obj
 0001:00022000       _VCR_SearchForHosts        00423000 f   net_loop.obj
 0001:00022000       _S_EndPrecaching           00423000 f   net_loop.obj
 0001:00022000       _D_StartParticles          00423000 f   net_loop.obj
 0001:00022000       _D_EndParticles            00423000 f   net_loop.obj
 0001:00022000       _SetPal                    00423000 f   net_loop.obj
 0001:00022000       _S_BeginPrecaching         00423000 f   net_loop.obj
 0001:00022000       _VCR_Close                 00423000 f   net_loop.obj
 0001:00022000       _Loop_Listen               00423000 f   net_loop.obj
 0001:00022000       _D_UpdateRects             00423000 f   net_loop.obj
 0001:00022000       _M_Search_Key              00423000 f   net_loop.obj
 0001:00022000       _Loop_Shutdown             00423000 f   net_loop.obj
 0001:00022010       _Loop_SearchForHosts       00423010 f   net_loop.obj
 0001:000220a0       _Loop_Connect              004230a0 f   net_loop.obj
 0001:000221e0       _Loop_CheckNewConnections  004231e0 f   net_loop.obj
 0001:00022240       _Loop_GetMessage           00423240 f   net_loop.obj
 0001:00022300       _Loop_SendMessage          00423300 f   net_loop.obj
 0001:000223b0       _Loop_SendUnreliableMessage 004233b0 f   net_loop.obj
 0001:00022440       _Loop_CanSendMessage       00423440 f   net_loop.obj
 0001:00022460       _Datagram_CanSendUnreliableMessage 00423460 f   net_loop.obj
 0001:00022460       _Loop_CanSendUnreliableMessage 00423460 f   net_loop.obj
 0001:00022470       _Loop_Close                00423470 f   net_loop.obj
 0001:000224b0       _SetNetTime                004234b0 f   net_main.obj
 0001:000224c0       _NET_NewQSocket            004234c0 f   net_main.obj
 0001:00022580       _NET_FreeQSocket           00423580 f   net_main.obj
 0001:000225e0       _NET_Slist_f               004235e0 f   net_main.obj
 0001:00022870       _NET_Connect               00423870 f   net_main.obj
 0001:00022a10       _NET_CheckNewConnections   00423a10 f   net_main.obj
 0001:00022b20       _NET_Close                 00423b20 f   net_main.obj
 0001:00022b60       _NET_GetMessage            00423b60 f   net_main.obj
 0001:00022dc0       _NET_SendMessage           00423dc0 f   net_main.obj
 0001:00022ef0       _NET_SendUnreliableMessage 00423ef0 f   net_main.obj
 0001:00023020       _NET_CanSendMessage        00424020 f   net_main.obj
 0001:000230b0       _NET_SendToAll             004240b0 f   net_main.obj
 0001:00023220       _NET_Init                  00424220 f   net_main.obj
 0001:00023710       _NET_Shutdown              00424710 f   net_main.obj
 0001:000237b0       _NET_Poll                  004247b0 f   net_main.obj
 0001:00023880       _SchedulePollProcedure     00424880 f   net_main.obj
 0001:000238e0       _VCR_Init                  004248e0 f   net_vcr.obj
 0001:00023960       _VCR_ReadNext              00424960 f   net_vcr.obj
 0001:000239b0       _VCR_GetMessage            004249b0 f   net_vcr.obj
 0001:00023a50       _VCR_SendMessage           00424a50 f   net_vcr.obj
 0001:00023ab0       _VCR_CanSendMessage        00424ab0 f   net_vcr.obj
 0001:00023b10       _WINS_Connect              00424b10 f   net_vcr.obj
 0001:00023b10       _WIPX_Connect              00424b10 f   net_vcr.obj
 0001:00023b10       _VCR_Connect               00424b10 f   net_vcr.obj
 0001:00023b20       _VCR_CheckNewConnections   00424b20 f   net_vcr.obj
 0001:00023b90       _BlockingHook@0            00424b90 f   net_wins.obj
 0001:00023bf0       _WINS_GetLocalAddress      00424bf0 f   net_wins.obj
 0001:00023c90       _WINS_Init                 00424c90 f   net_wins.obj
 0001:000240f0       _WINS_Shutdown             004250f0 f   net_wins.obj
 0001:00024120       _WINS_Listen               00425120 f   net_wins.obj
 0001:00024180       _WINS_OpenSocket           00425180 f   net_wins.obj
 0001:00024210       _WINS_CloseSocket          00425210 f   net_wins.obj
 0001:00024240       _WINS_CheckNewConnections  00425240 f   net_wins.obj
 0001:00024290       _WINS_Read                 00425290 f   net_wins.obj
 0001:000242f0       _WINS_MakeSocketBroadcastCapable 004252f0 f   net_wins.obj
 0001:00024330       _WINS_Broadcast            00425330 f   net_wins.obj
 0001:00024390       _WINS_Write                00425390 f   net_wins.obj
 0001:000243d0       _WINS_AddrToString         004253d0 f   net_wins.obj
 0001:00024430       _WINS_StringToAddr         00425430 f   net_wins.obj
 0001:000244a0       _WINS_GetSocketAddr        004254a0 f   net_wins.obj
 0001:00024500       _WINS_GetNameFromAddr      00425500 f   net_wins.obj
 0001:00024520       _WINS_GetAddrFromName      00425520 f   net_wins.obj
 0001:00024690       _WINS_AddrCompare          00425690 f   net_wins.obj
 0001:000246d0       _WINS_GetSocketPort        004256d0 f   net_wins.obj
 0001:000246f0       _WINS_SetSocketPort        004256f0 f   net_wins.obj
 0001:00024710       _WIPX_Init                 00425710 f   net_wipx.obj
 0001:000248e0       _WIPX_Shutdown             004258e0 f   net_wipx.obj
 0001:00024910       _WIPX_Listen               00425910 f   net_wipx.obj
 0001:00024970       _WIPX_OpenSocket           00425970 f   net_wipx.obj
 0001:00024a50       _WIPX_CloseSocket          00425a50 f   net_wipx.obj
 0001:00024a80       _WIPX_CheckNewConnections  00425a80 f   net_wipx.obj
 0001:00024ad0       _WIPX_Read                 00425ad0 f   net_wipx.obj
 0001:00024b50       _WIPX_Broadcast            00425b50 f   net_wipx.obj
 0001:00024b70       _WIPX_Write                00425b70 f   net_wipx.obj
 0001:00024bf0       _WIPX_AddrToString         00425bf0 f   net_wipx.obj
 0001:00024c60       _WIPX_StringToAddr         00425c60 f   net_wipx.obj
 0001:00024ec0       _WIPX_GetSocketAddr        00425ec0 f   net_wipx.obj
 0001:00024f10       _WIPX_GetNameFromAddr      00425f10 f   net_wipx.obj
 0001:00024f30       _WIPX_GetAddrFromName      00425f30 f   net_wipx.obj
 0001:00024fd0       _WIPX_AddrCompare          00425fd0 f   net_wipx.obj
 0001:00025040       _WIPX_GetSocketPort        00426040 f   net_wipx.obj
 0001:00025060       _WIPX_SetSocketPort        00426060 f   net_wipx.obj
 0001:00025080       _PF_VarString              00426080 f   pr_cmds.obj
 0001:00025100       _PF_error                  00426100 f   pr_cmds.obj
 0001:00025150       _PF_objerror               00426150 f   pr_cmds.obj
 0001:000251a0       _PF_makevectors            004261a0 f   pr_cmds.obj
 0001:000251d0       _PF_setorigin              004261d0 f   pr_cmds.obj
 0001:00025210       _SetMinMaxSize             00426210 f   pr_cmds.obj
 0001:000252e0       _PF_setsize                004262e0 f   pr_cmds.obj
 0001:00025310       _PF_setmodel               00426310 f   pr_cmds.obj
 0001:00025400       _PF_bprint                 00426400 f   pr_cmds.obj
 0001:00025420       _PF_sprint                 00426420 f   pr_cmds.obj
 0001:000254a0       _PF_centerprint            004264a0 f   pr_cmds.obj
 0001:00025520       _PF_normalize              00426520 f   pr_cmds.obj
 0001:000255c0       _PF_vlen                   004265c0 f   pr_cmds.obj
 0001:000255f0       _PF_vectoyaw               004265f0 f   pr_cmds.obj
 0001:00025660       _PF_vectoangles            00426660 f   pr_cmds.obj
 0001:00025740       _PF_random                 00426740 f   pr_cmds.obj
 0001:00025770       _PF_particle               00426770 f   pr_cmds.obj
 0001:000257a0       _PF_ambientsound           004267a0 f   pr_cmds.obj
 0001:000258c0       _PF_sound                  004268c0 f   pr_cmds.obj
 0001:000259a0       _PF_break                  004269a0 f   pr_cmds.obj
 0001:000259c0       _PF_traceline              004269c0 f   pr_cmds.obj
 0001:00025b00       _PF_newcheckclient         00426b00 f   pr_cmds.obj
 0001:00025c00       _PF_checkclient            00426c00 f   pr_cmds.obj
 0001:00025d60       _PF_stuffcmd               00426d60 f   pr_cmds.obj
 0001:00025df0       _PF_localcmd               00426df0 f   pr_cmds.obj
 0001:00025e10       _PF_cvar                   00426e10 f   pr_cmds.obj
 0001:00025e40       _PF_cvar_set               00426e40 f   pr_cmds.obj
 0001:00025eb0       _PF_findradius             00426eb0 f   pr_cmds.obj
 0001:00025fa0       _PF_dprint                 00426fa0 f   pr_cmds.obj
 0001:00025fc0       _PF_ftos                   00426fc0 f   pr_cmds.obj
 0001:00026030       _PF_fabs                   00427030 f   pr_cmds.obj
 0001:00026040       _PF_vtos                   00427040 f   pr_cmds.obj
 0001:00026090       _PF_Spawn                  00427090 f   pr_cmds.obj
 0001:000260b0       _PF_Remove                 004270b0 f   pr_cmds.obj
 0001:000260d0       _PF_Find                   004270d0 f   pr_cmds.obj
 0001:000261b0       _PR_CheckEmptyString       004271b0 f   pr_cmds.obj
 0001:000261d0       _PF_precache_file          004271d0 f   pr_cmds.obj
 0001:000261e0       _PF_precache_sound         004271e0 f   pr_cmds.obj
 0001:000262a0       _PF_precache_model         004272a0 f   pr_cmds.obj
 0001:00026370       _PF_coredump               00427370 f   pr_cmds.obj
 0001:00026380       _PF_traceon                00427380 f   pr_cmds.obj
 0001:00026390       _PF_traceoff               00427390 f   pr_cmds.obj
 0001:000263a0       _PF_eprint                 004273a0 f   pr_cmds.obj
 0001:000263c0       _PF_walkmove               004273c0 f   pr_cmds.obj
 0001:00026470       _PF_droptofloor            00427470 f   pr_cmds.obj
 0001:00026570       _PF_lightstyle             00427570 f   pr_cmds.obj
 0001:00026610       _PF_rint                   00427610 f   pr_cmds.obj
 0001:00026660       _PF_floor                  00427660 f   pr_cmds.obj
 0001:00026680       _PF_ceil                   00427680 f   pr_cmds.obj
 0001:000266a0       _PF_checkbottom            004276a0 f   pr_cmds.obj
 0001:000266d0       _PF_pointcontents          004276d0 f   pr_cmds.obj
 0001:00026700       _PF_nextent                00427700 f   pr_cmds.obj
 0001:00026760       _PF_aim                    00427760 f   pr_cmds.obj
 0001:00026b00       _PF_changeyaw              00427b00 f   pr_cmds.obj
 0001:00026be0       _WriteDest                 00427be0 f   pr_cmds.obj
 0001:00026c90       _PF_WriteByte              00427c90 f   pr_cmds.obj
 0001:00026c90       _PF_WriteChar              00427c90 f   pr_cmds.obj
 0001:00026cb0       _PF_WriteShort             00427cb0 f   pr_cmds.obj
 0001:00026cd0       _PF_WriteLong              00427cd0 f   pr_cmds.obj
 0001:00026cf0       _PF_WriteAngle             00427cf0 f   pr_cmds.obj
 0001:00026d10       _PF_WriteCoord             00427d10 f   pr_cmds.obj
 0001:00026d30       _PF_WriteString            00427d30 f   pr_cmds.obj
 0001:00026d50       _PF_WriteEntity            00427d50 f   pr_cmds.obj
 0001:00026d80       _PF_makestatic             00427d80 f   pr_cmds.obj
 0001:00026e40       _PF_setspawnparms          00427e40 f   pr_cmds.obj
 0001:00026ec0       _PF_changelevel            00427ec0 f   pr_cmds.obj
 0001:00026f00       _PF_Fixme                  00427f00 f   pr_cmds.obj
 0001:00026f10       _ED_ClearEdict             00427f10 f   pr_edict.obj
 0001:00026f40       _ED_Alloc                  00427f40 f   pr_edict.obj
 0001:00026fe0       _ED_Free                   00427fe0 f   pr_edict.obj
 0001:00027080       _ED_GlobalAtOfs            00428080 f   pr_edict.obj
 0001:000270c0       _ED_FieldAtOfs             004280c0 f   pr_edict.obj
 0001:00027100       _ED_FindField              00428100 f   pr_edict.obj
 0001:00027180       _ED_FindGlobal             00428180 f   pr_edict.obj
 0001:00027200       _ED_FindFunction           00428200 f   pr_edict.obj
 0001:00027280       _GetEdictFieldValue        00428280 f   pr_edict.obj
 0001:00027380       _PR_ValueString            00428380 f   pr_edict.obj
 0001:00027520       _PR_UglyValueString        00428520 f   pr_edict.obj
 0001:000276a0       _PR_GlobalString           004286a0 f   pr_edict.obj
 0001:00027790       _PR_GlobalStringNoContents 00428790 f   pr_edict.obj
 0001:00027860       _ED_Print                  00428860 f   pr_edict.obj
 0001:00027980       _ED_Write                  00428980 f   pr_edict.obj
 0001:00027a70       _ED_PrintNum               00428a70 f   pr_edict.obj
 0001:00027a90       _ED_PrintEdicts            00428a90 f   pr_edict.obj
 0001:00027ad0       _ED_PrintEdict_f           00428ad0 f   pr_edict.obj
 0001:00027b00       _ED_Count                  00428b00 f   pr_edict.obj
 0001:00027bb0       _ED_WriteGlobals           00428bb0 f   pr_edict.obj
 0001:00027c70       _ED_ParseGlobals           00428c70 f   pr_edict.obj
 0001:00027d60       _ED_NewString              00428d60 f   pr_edict.obj
 0001:00027dc0       _ED_ParseEpair             00428dc0 f   pr_edict.obj
 0001:00027f60       _ED_ParseEdict             00428f60 f   pr_edict.obj
 0001:000281e0       _ED_LoadFromFile           004291e0 f   pr_edict.obj
 0001:00028370       _PR_LoadProgs              00429370 f   pr_edict.obj
 0001:00028740       _PR_Init                   00429740 f   pr_edict.obj
 0001:00028800       _EDICT_NUM                 00429800 f   pr_edict.obj
 0001:00028840       _NUM_FOR_EDICT             00429840 f   pr_edict.obj
 0001:00028880       _PR_PrintStatement         00429880 f   pr_exec.obj
 0001:00028a00       _PR_StackTrace             00429a00 f   pr_exec.obj
 0001:00028a80       _PR_Profile_f              00429a80 f   pr_exec.obj
 0001:00028af0       _PR_RunError               00429af0 f   pr_exec.obj
 0001:00028b60       _PR_EnterFunction          00429b60 f   pr_exec.obj
 0001:00028c70       _PR_LeaveFunction          00429c70 f   pr_exec.obj
 0001:00028d00       _PR_ExecuteProgram         00429d00 f   pr_exec.obj
 0001:00029590       _R_Alias_clip_z            0042a590 f   r_aclip.obj
 0001:00029740       _R_AliasClip               0042a740 f   r_aclip.obj
 0001:00029840       _R_AliasClipTriangle       0042a840 f   r_aclip.obj
 0001:00029b20       _R_AliasCheckBBox          0042ab20 f   r_alias.obj
 0001:00029ea0       _R_AliasTransformVector    0042aea0 f   r_alias.obj
 0001:00029f20       _R_AliasPreparePoints      0042af20 f   r_alias.obj
 0001:0002a0c0       _R_AliasSetUpTransform     0042b0c0 f   r_alias.obj
 0001:0002a270       _R_AliasTransformFinalVert 0042b270 f   r_alias.obj
 0001:0002a3c0       _R_AliasProjectFinalVert   0042b3c0 f   r_alias.obj
 0001:0002a420       _R_AliasPrepareUnclippedPoints 0042b420 f   r_alias.obj
 0001:0002a4a0       _R_AliasSetupSkin          0042b4a0 f   r_alias.obj
 0001:0002a5b0       _R_AliasSetupLighting      0042b5b0 f   r_alias.obj
 0001:0002a680       _R_AliasSetupFrame         0042b680 f   r_alias.obj
 0001:0002a750       _R_AliasDrawModel          0042b750 f   r_alias.obj
 0001:0002a880       _R_EntityRotate            0042b880 f   r_bsp.obj
 0001:0002a900       _R_RotateBmodel            0042b900 f   r_bsp.obj
 0001:0002aa50       _R_RecursiveClipBPoly      0042ba50 f   r_bsp.obj
 0001:0002ad70       _R_DrawSolidClippedSubmodelPolygons 0042bd70 f   r_bsp.obj
 0001:0002af30       _R_DrawSubmodelPolygons    0042bf30 f   r_bsp.obj
 0001:0002afd0       _R_RecursiveWorldNode      0042bfd0 f   r_bsp.obj
 0001:0002b320       _R_RenderWorld             0042c320 f   r_bsp.obj
 0001:0002b3c0       _R_EmitCachedEdge          0042c3c0 f   r_draw.obj
 0001:0002b430       _R_RenderFace              0042c430 f   r_draw.obj
 0001:0002b880       _R_RenderBmodelFace        0042c880 f   r_draw.obj
 0001:0002bb10       _R_RenderPoly              0042cb10 f   r_draw.obj
 0001:0002bfc0       _R_ZDrawSubmodelPolys      0042cfc0 f   r_draw.obj
 0001:0002c060       _R_DrawCulledPolys         0042d060 f   r_edge.obj
 0001:0002c0f0       _R_BeginEdgeFrame          0042d0f0 f   r_edge.obj
 0001:0002c1c0       _R_CleanupSpan             0042d1c0 f   r_edge.obj
 0001:0002c220       _R_LeadingEdgeBackwards    0042d220 f   r_edge.obj
 0001:0002c2d0       _R_TrailingEdge            0042d2d0 f   r_edge.obj
 0001:0002c350       _R_GenerateSpansBackward   0042d350 f   r_edge.obj
 0001:0002c3e0       _R_ScanEdges               0042d3e0 f   r_edge.obj
 0001:0002c610       _R_RemoveEfrags            0042d610 f   r_efrag.obj
 0001:0002c670       _R_SplitEntityOnNode       0042d670 f   r_efrag.obj
 0001:0002c790       _R_SplitEntityOnNode2      0042d790 f   r_efrag.obj
 0001:0002c830       _R_AddEfrags               0042d830 f   r_efrag.obj
 0001:0002c8c0       _R_StoreEfrags             0042d8c0 f   r_efrag.obj
 0001:0002c930       _R_AnimateLight            0042d930 f   r_light.obj
 0001:0002c990       _R_MarkLights              0042d990 f   r_light.obj
 0001:0002ca60       _R_PushDlights             0042da60 f   r_light.obj
 0001:0002cad0       _RecursiveLightPoint       0042dad0 f   r_light.obj
 0001:0002cd50       _R_LightPoint              0042dd50 f   r_light.obj
 0001:0002cdc0       _R_InitTextures            0042ddc0 f   r_main.obj
 0001:0002ceb0       _R_Init                    0042deb0 f   r_main.obj
 0001:0002d050       _R_NewMap                  0042e050 f   r_main.obj
 0001:0002d170       _R_SetVrect                0042e170 f   r_main.obj
 0001:0002d260       _R_ViewChanged             0042e260 f   r_main.obj
 0001:0002d670       _R_MarkLeaves              0042e670 f   r_main.obj
 0001:0002d720       _R_DrawEntitiesOnList      0042e720 f   r_main.obj
 0001:0002d960       _R_DrawViewModel           0042e960 f   r_main.obj
 0001:0002db70       _R_BmodelCheckBBox         0042eb70 f   r_main.obj
 0001:0002dcf0       _R_DrawBEntitiesOnList     0042ecf0 f   r_main.obj
 0001:0002e000       _R_EdgeDrawing             0042f000 f   r_main.obj
 0001:0002e120       _R_RenderView_             0042f120 f   r_main.obj
 0001:0002e380       _R_RenderView              0042f380 f   r_main.obj
 0001:0002e400       _R_InitTurb                0042f400 f   r_main.obj
 0001:0002e460       _R_CheckVariables          0042f460 f   r_misc.obj
 0001:0002e490       _R_TimeRefresh_f           0042f490 f   r_misc.obj
 0001:0002e550       _R_LineGraph               0042f550 f   r_misc.obj
 0001:0002e5e0       _R_TimeGraph               0042f5e0 f   r_misc.obj
 0001:0002e690       _R_PrintTimes              0042f690 f   r_misc.obj
 0001:0002e6e0       _R_PrintDSpeeds            0042f6e0 f   r_misc.obj
 0001:0002e7a0       _R_PrintAliasStats         0042f7a0 f   r_misc.obj
 0001:0002e7c0       _R_TransformFrustum        0042f7c0 f   r_misc.obj
 0001:0002e890       _R_SetUpFrustumIndexes     0042f890 f   r_misc.obj
 0001:0002e900       _R_SetupFrame              0042f900 f   r_misc.obj
 0001:0002ed00       _R_InitParticles           0042fd00 f   r_part.obj
 0001:0002ed60       _R_EntityParticles         0042fd60 f   r_part.obj
 0001:0002eea0       _R_ClearParticles          0042fea0 f   r_part.obj
 0001:0002ef00       _R_ReadPointFile_f         0042ff00 f   r_part.obj
 0001:0002f060       _R_ParseParticleEffect     00430060 f   r_part.obj
 0001:0002f0d0       _R_ParticleExplosion       004300d0 f   r_part.obj
 0001:0002f200       _R_ParticleExplosion2      00430200 f   r_part.obj
 0001:0002f2e0       _R_BlobExplosion           004302e0 f   r_part.obj
 0001:0002f440       _R_RunParticleEffect       00430440 f   r_part.obj
 0001:0002f620       _R_LavaSplash              00430620 f   r_part.obj
 0001:0002f770       _R_TeleportSplash          00430770 f   r_part.obj
 0001:0002f8f0       _R_RocketTrail             004308f0 f   r_part.obj
 0001:0002fc90       _R_DrawParticles           00430c90 f   r_part.obj
 0001:0002ff50       _R_InitSky                 00430f50 f   r_sky.obj
 0001:0002fff0       _R_MakeSky                 00430ff0 f   r_sky.obj
 0001:00030090       _R_SetSkyFrame             00431090 f   r_sky.obj
 0001:00030120       _R_RotateSprite            00431120 f   r_sprite.obj
 0001:000301b0       _R_ClipSpriteFace          004311b0 f   r_sprite.obj
 0001:00030350       _R_SetupAndDrawSprite      00431350 f   r_sprite.obj
 0001:00030660       _R_GetSpriteframe          00431660 f   r_sprite.obj
 0001:00030700       _R_DrawSprite              00431700 f   r_sprite.obj
 0001:00030970       _R_AddDynamicLights        00431970 f   r_surf.obj
 0001:00030b90       _R_BuildLightMap           00431b90 f   r_surf.obj
 0001:00030ca0       _R_TextureAnimation        00431ca0 f   r_surf.obj
 0001:00030d20       _R_DrawSurface             00431d20 f   r_surf.obj
 0001:00030ed0       _Sbar_ShowScores           00431ed0 f   sbar.obj
 0001:00030ef0       _Sbar_DontShowScores       00431ef0 f   sbar.obj
 0001:00030f00       _Sbar_Changed              00431f00 f   sbar.obj
 0001:00030f10       _Sbar_Init                 00431f10 f   sbar.obj
 0001:00031570       _Sbar_DrawPic              00432570 f   sbar.obj
 0001:000315d0       _Sbar_DrawTransPic         004325d0 f   sbar.obj
 0001:00031630       _Sbar_DrawCharacter        00432630 f   sbar.obj
 0001:00031690       _Sbar_DrawString           00432690 f   sbar.obj
 0001:000316f0       _Sbar_itoa                 004326f0 f   sbar.obj
 0001:00031760       _Sbar_DrawNum              00432760 f   sbar.obj
 0001:000317f0       _Sbar_SortFrags            004327f0 f   sbar.obj
 0001:000318a0       _Sbar_SortTeamFrags        004328a0 f   sbar.obj
 0001:00031920       _Sbar_ColorForMap          00432920 f   sbar.obj
 0001:00031930       _Sbar_SoloScoreboard       00432930 f   sbar.obj
 0001:00031b10       _Sbar_DrawScoreboard       00432b10 f   sbar.obj
 0001:00031b30       _Sbar_DrawInventory        00432b30 f   sbar.obj
 0001:00031ff0       _Sbar_DrawFrags            00432ff0 f   sbar.obj
 0001:000323a0       _Sbar_DrawFace             004333a0 f   sbar.obj
 0001:00032630       _Sbar_Draw                 00433630 f   sbar.obj
 0001:00032970       _Sbar_IntermissionNumber   00433970 f   sbar.obj
 0001:00032a00       _Sbar_DeathmatchOverlay    00433a00 f   sbar.obj
 0001:00032ce0       _Sbar_MiniDeathmatchOverlay 00433ce0 f   sbar.obj
 0001:00032f00       _Sbar_IntermissionOverlay  00433f00 f   sbar.obj
 0001:00033080       _Sbar_FinaleOverlay        00434080 f   sbar.obj
 0001:000330b0       _SCR_CenterPrint           004340b0 f   screen.obj
 0001:00033110       _SCR_EraseCenterString     00434110 f   screen.obj
 0001:000331a0       _SCR_DrawCenterString      004341a0 f   screen.obj
 0001:000332a0       _SCR_CheckDrawCenterString 004342a0 f   screen.obj
 0001:00033300       _CalcFov                   00434300 f   screen.obj
 0001:00033370       _SCR_SizeUp_f              00434370 f   screen.obj
 0001:000333a0       _SCR_SizeDown_f            004343a0 f   screen.obj
 0001:000333d0       _SCR_Init                  004343d0 f   screen.obj
 0001:000334a0       _SCR_DrawRam               004344a0 f   screen.obj
 0001:000334e0       _SCR_DrawTurtle            004344e0 f   screen.obj
 0001:00033540       _SCR_DrawNet               00434540 f   screen.obj
 0001:00033590       _SCR_DrawFPS               00434590 f   screen.obj
 0001:00033680       _SCR_DrawSpeed             00434680 f   screen.obj
 0001:000337d0       _SCR_DrawPause             004347d0 f   screen.obj
 0001:00033820       _SCR_DrawLoading           00434820 f   screen.obj
 0001:00033860       _SCR_SetUpToDrawConsole    00434860 f   screen.obj
 0001:00033a10       _SCR_DrawConsole           00434a10 f   screen.obj
 0001:00033a70       _WritePCXfile              00434a70 f   screen.obj
 0001:00033ba0       _SCR_ScreenShot_f          00434ba0 f   screen.obj
 0001:00033c80       _SCR_BeginLoadingPlaque    00434c80 f   screen.obj
 0001:00033d00       _SCR_EndLoadingPlaque      00434d00 f   screen.obj
 0001:00033d20       _SCR_DrawNotifyString      00434d20 f   screen.obj
 0001:00033dd0       _SCR_ModalMessage          00434dd0 f   screen.obj
 0001:00033e60       _SCR_UpdateScreen          00434e60 f   screen.obj
 0001:00034310       _SCR_UpdateWholeScreen     00435310 f   screen.obj
 0001:00034320       _Security_Init             00435320 f   security.obj
 0001:000343f0       _S_SoundInfo_f             004353f0 f   snd_dma.obj
 0001:000344b0       _S_Startup                 004354b0 f   snd_dma.obj
 0001:000344e0       _S_Init                    004354e0 f   snd_dma.obj
 0001:00034730       _S_Shutdown                00435730 f   snd_dma.obj
 0001:00034770       _S_FindName                00435770 f   snd_dma.obj
 0001:00034840       _S_TouchSound              00435840 f   snd_dma.obj
 0001:00034870       _S_PrecacheSound           00435870 f   snd_dma.obj
 0001:000348d0       _SND_PickChannel           004358d0 f   snd_dma.obj
 0001:00034970       _SND_Spatialize            00435970 f   snd_dma.obj
 0001:00034a70       _S_StartSound              00435a70 f   snd_dma.obj
 0001:00034bc0       _S_StopSound               00435bc0 f   snd_dma.obj
 0001:00034c10       _S_StopAllSounds           00435c10 f   snd_dma.obj
 0001:00034c70       _S_StopAllSoundsC          00435c70 f   snd_dma.obj
 0001:00034c80       _S_ClearBuffer             00435c80 f   snd_dma.obj
 0001:00034dd0       _S_StaticSound             00435dd0 f   snd_dma.obj
 0001:00034e90       _S_UpdateAmbientSounds     00435e90 f   snd_dma.obj
 0001:00034fd0       _S_Update                  00435fd0 f   snd_dma.obj
 0001:00035170       _GetSoundtime              00436170 f   snd_dma.obj
 0001:000351f0       _S_ExtraUpdate             004361f0 f   snd_dma.obj
 0001:00035210       _S_Update_                 00436210 f   snd_dma.obj
 0001:000352f0       _S_Play                    004362f0 f   snd_dma.obj
 0001:000353b0       _S_PlayVol                 004363b0 f   snd_dma.obj
 0001:00035480       _S_SoundList               00436480 f   snd_dma.obj
 0001:00035540       _S_VolumeDown_f            00436540 f   snd_dma.obj
 0001:000355c0       _S_VolumeUp_f              004365c0 f   snd_dma.obj
 0001:00035640       _S_LocalSound              00436640 f   snd_dma.obj
 0001:000356b0       _ResampleSfx               004366b0 f   snd_mem.obj
 0001:00035810       _S_LoadSound               00436810 f   snd_mem.obj
 0001:00035950       _GetLittleShort            00436950 f   snd_mem.obj
 0001:00035970       _GetLittleLong             00436970 f   snd_mem.obj
 0001:000359b0       _FindNextChunk             004369b0 f   snd_mem.obj
 0001:00035a20       _FindChunk                 00436a20 f   snd_mem.obj
 0001:00035a40       _GetWavinfo                00436a40 f   snd_mem.obj
 0001:00035c30       _S_TransferStereo16        00436c30 f   snd_mix.obj
 0001:00035d90       _S_TransferPaintBuffer     00436d90 f   snd_mix.obj
 0001:00035fa0       _S_PaintChannels           00436fa0 f   snd_mix.obj
 0001:000360f0       _SND_InitScaletable        004370f0 f   snd_mix.obj
 0001:00036120       _SND_PaintChannelFrom16    00437120 f   snd_mix.obj
 0001:000361a0       _S_BlockSound              004371a0 f   snd_win.obj
 0001:000361d0       _S_UnblockSound            004371d0 f   snd_win.obj
 0001:000361e0       _FreeSound                 004371e0 f   snd_win.obj
 0001:00036300       _SNDDMA_InitDirect         00437300 f   snd_win.obj
 0001:000368e0       _SNDDMA_InitWav            004378e0 f   snd_win.obj
 0001:00036be0       _SNDDMA_Init               00437be0 f   snd_win.obj
 0001:00036cd0       _SNDDMA_GetDMAPos          00437cd0 f   snd_win.obj
 0001:00036d40       _SNDDMA_Submit             00437d40 f   snd_win.obj
 0001:00036e10       _SNDDMA_Shutdown           00437e10 f   snd_win.obj
 0001:00036e20       _SV_Init                   00437e20 f   sv_main.obj
 0001:00036ec0       _SV_StartParticle          00437ec0 f   sv_main.obj
 0001:00036f80       _SV_StartSound             00437f80 f   sv_main.obj
 0001:00037170       _SV_SendServerinfo         00438170 f   sv_main.obj
 0001:00037370       _SV_ConnectClient          00438370 f   sv_main.obj
 0001:000374d0       _SV_CheckForNewClients     004384d0 f   sv_main.obj
 0001:00037550       _SV_ClearDatagram          00438550 f   sv_main.obj
 0001:00037560       _SV_AddToFatPVS            00438560 f   sv_main.obj
 0001:00037610       _SV_FatPVS                 00438610 f   sv_main.obj
 0001:00037660       _SV_WriteEntitiesToClient  00438660 f   sv_main.obj
 0001:000379e0       _SV_CleanupEnts            004389e0 f   sv_main.obj
 0001:00037a40       _SV_WriteClientdataToMessage 00438a40 f   sv_main.obj
 0001:00037e70       _SV_SendClientDatagram     00438e70 f   sv_main.obj
 0001:00037f40       _SV_UpdateToReliableMessages 00438f40 f   sv_main.obj
 0001:00038080       _SV_SendNop                00439080 f   sv_main.obj
 0001:00038100       _SV_SendClientMessages     00439100 f   sv_main.obj
 0001:00038240       _SV_ModelIndex             00439240 f   sv_main.obj
 0001:000382d0       _SV_CreateBaseline         004392d0 f   sv_main.obj
 0001:00038430       _SV_SendReconnect          00439430 f   sv_main.obj
 0001:000384a0       _SV_SaveSpawnparms         004394a0 f   sv_main.obj
 0001:00038540       _SV_SpawnServer            00439540 f   sv_main.obj
 0001:00038970       _SV_CheckBottom            00439970 f   sv_move.obj
 0001:00038ba0       _SV_movestep               00439ba0 f   sv_move.obj
 0001:00038f50       _SV_StepDirection          00439f50 f   sv_move.obj
 0001:00039030       _SV_FixCheckBottom         0043a030 f   sv_move.obj
 0001:00039060       _SV_NewChaseDir            0043a060 f   sv_move.obj
 0001:00039360       _SV_CloseEnough            0043a360 f   sv_move.obj
 0001:000393c0       _SV_MoveToGoal             0043a3c0 f   sv_move.obj
 0001:00039470       _SV_CheckVelocity          0043a470 f   sv_phys.obj
 0001:00039530       _SV_RunThink               0043a530 f   sv_phys.obj
 0001:000395d0       _SV_Impact                 0043a5d0 f   sv_phys.obj
 0001:000396d0       _ClipVelocity              0043a6d0 f   sv_phys.obj
 0001:00039770       _SV_FlyMove                0043a770 f   sv_phys.obj
 0001:00039b70       _SV_AddGravity             0043ab70 f   sv_phys.obj
 0001:00039bd0       _SV_PushEntity             0043abd0 f   sv_phys.obj
 0001:00039cf0       _SV_PushMove               0043acf0 f   sv_phys.obj
 0001:0003a0d0       _SV_Physics_Pusher         0043b0d0 f   sv_phys.obj
 0001:0003a1a0       _SV_CheckStuck             0043b1a0 f   sv_phys.obj
 0001:0003a2d0       _SV_CheckWater             0043b2d0 f   sv_phys.obj
 0001:0003a3c0       _SV_WallFriction           0043b3c0 f   sv_phys.obj
 0001:0003a490       _SV_TryUnstick             0043b490 f   sv_phys.obj
 0001:0003a640       _SV_WalkMove               0043b640 f   sv_phys.obj
 0001:0003a8f0       _SV_Physics_Client         0043b8f0 f   sv_phys.obj
 0001:0003aab0       _SV_Physics_None           0043bab0 f   sv_phys.obj
 0001:0003aad0       _SV_Physics_Noclip         0043bad0 f   sv_phys.obj
 0001:0003ab40       _SV_CheckWaterTransition   0043bb40 f   sv_phys.obj
 0001:0003abf0       _SV_Physics_Toss           0043bbf0 f   sv_phys.obj
 0001:0003ada0       _SV_Physics_Step           0043bda0 f   sv_phys.obj
 0001:0003ae50       _SV_Physics                0043be50 f   sv_phys.obj
 0001:0003afe0       _SV_SetIdealPitch          0043bfe0 f   sv_user.obj
 0001:0003b1d0       _SV_UserFriction           0043c1d0 f   sv_user.obj
 0001:0003b310       _SV_Accelerate             0043c310 f   sv_user.obj
 0001:0003b3a0       _SV_AirAccelerate          0043c3a0 f   sv_user.obj
 0001:0003b440       _DropPunchAngle            0043c440 f   sv_user.obj
 0001:0003b4a0       _SV_WaterMove              0043c4a0 f   sv_user.obj
 0001:0003b670       _SV_WaterJump              0043c670 f   sv_user.obj
 0001:0003b700       _SV_AirMove                0043c700 f   sv_user.obj
 0001:0003b870       _SV_ClientThink            0043c870 f   sv_user.obj
 0001:0003b9d0       _SV_ReadClientMove         0043c9d0 f   sv_user.obj
 0001:0003bba0       _SV_ReadClientMessage      0043cba0 f   sv_user.obj
 0001:0003be80       _SV_RunClients             0043ce80 f   sv_user.obj
 0001:0003bf20       _Sys_PageIn                0043cf20 f   sys_win.obj
 0001:0003bf80       _Sys_GetLock               0043cf80 f   sys_win.obj
 0001:0003bfe0       _Sys_ReleaseLock           0043cfe0 f   sys_win.obj
 0001:0003c010       _findhandle                0043d010 f   sys_win.obj
 0001:0003c040       _filelength                0043d040 f   sys_win.obj
 0001:0003c090       _Sys_FileOpenRead          0043d090 f   sys_win.obj
 0001:0003c100       _Sys_FileOpenWrite         0043d100 f   sys_win.obj
 0001:0003c160       _Sys_FileClose             0043d160 f   sys_win.obj
 0001:0003c1a0       _Sys_FileSeek              0043d1a0 f   sys_win.obj
 0001:0003c1d0       _Sys_FileRead              0043d1d0 f   sys_win.obj
 0001:0003c210       _Sys_FileWrite             0043d210 f   sys_win.obj
 0001:0003c250       _Sys_FileTime              0043d250 f   sys_win.obj
 0001:0003c2a0       _Sys_mkdir                 0043d2a0 f   sys_win.obj
 0001:0003c2c0       _Sys_MakeCodeWriteable     0043d2c0 f   sys_win.obj
 0001:0003c2f0       _Sys_Init                  0043d2f0 f   sys_win.obj
 0001:0003c3e0       _Sys_Error                 0043d3e0 f   sys_win.obj
 0001:0003c5c0       _Sys_Printf                0043d5c0 f   sys_win.obj
 0001:0003c6b0       _Sys_Quit                  0043d6b0 f   sys_win.obj
 0001:0003c700       _Sys_FloatTime             0043d700 f   sys_win.obj
 0001:0003c7f0       _Sys_InitFloatTime         0043d7f0 f   sys_win.obj
 0001:0003c840       _Sys_ConsoleInput          0043d840 f   sys_win.obj
 0001:0003c9c0       _Sys_Sleep                 0043d9c0 f   sys_win.obj
 0001:0003c9d0       _Sys_SendKeyEvents         0043d9d0 f   sys_win.obj
 0001:0003ca50       _SleepUntilInput           0043da50 f   sys_win.obj
 0001:0003ca70       _WinMain@16                0043da70 f   sys_win.obj
 0001:0003cf10       _VID_RememberWindowPos     0043df10 f   vid_win.obj
 0001:0003cf80       _VID_CheckWindowXY         0043df80 f   vid_win.obj
 0001:0003cff0       _VID_UpdateWindowStatus    0043dff0 f   vid_win.obj
 0001:0003d050       _VID_CheckAdequateMem      0043e050 f   vid_win.obj
 0001:0003d090       _VID_AllocBuffers          0043e090 f   vid_win.obj
 0001:0003d140       _initFatalError            0043e140 f   vid_win.obj
 0001:0003d160       _VID_Suspend               0043e160 f   vid_win.obj
 0001:0003d1f0       _registerAllDispDrivers    0043e1f0 f   vid_win.obj
 0001:0003d260       _registerAllMemDrivers     0043e260 f   vid_win.obj
 0001:0003d280       _VID_InitMGLFull           0043e280 f   vid_win.obj
 0001:0003d5c0       _createDisplayDC           0043e5c0 f   vid_win.obj
 0001:0003d730       _VID_InitMGLDIB            0043e730 f   vid_win.obj
 0001:0003d930       _VID_InitFullDIB           0043e930 f   vid_win.obj
 0001:0003e080       _VID_NumModes              0043f080 f   vid_win.obj
 0001:0003e090       _VID_GetModePtr            0043f090 f   vid_win.obj
 0001:0003e0c0       _VID_CheckModedescFixup    0043f0c0 f   vid_win.obj
 0001:0003e170       _VID_GetModeDescriptionMemCheck 0043f170 f   vid_win.obj
 0001:0003e1b0       _VID_GetModeDescription    0043f1b0 f   vid_win.obj
 0001:0003e1e0       _VID_GetModeDescription2   0043f1e0 f   vid_win.obj
 0001:0003e260       _VID_GetExtModeDescription 0043f260 f   vid_win.obj
 0001:0003e300       _DestroyDIBWindow          0043f300 f   vid_win.obj
 0001:0003e350       _DestroyFullscreenWindow   0043f350 f   vid_win.obj
 0001:0003e3a0       _DestroyFullDIBWindow      0043f3a0 f   vid_win.obj
 0001:0003e3f0       _VID_SetWindowedMode       0043f3f0 f   vid_win.obj
 0001:0003e7f0       _VID_SetFullscreenMode     0043f7f0 f   vid_win.obj
 0001:0003e980       _VID_SetFullDIBMode        0043f980 f   vid_win.obj
 0001:0003ecd0       _VID_RestoreOldMode        0043fcd0 f   vid_win.obj
 0001:0003ed50       _VID_SetDefaultMode        0043fd50 f   vid_win.obj
 0001:0003ed70       _VID_SetMode               0043fd70 f   vid_win.obj
 0001:0003f070       _VID_LockBuffer            00440070 f   vid_win.obj
 0001:0003f130       _VID_UnlockBuffer          00440130 f   vid_win.obj
 0001:0003f180       _VID_ForceUnlockedAndReturnState 00440180 f   vid_win.obj
 0001:0003f1c0       _VID_ForceLockState        004401c0 f   vid_win.obj
 0001:0003f200       _VID_SetPalette            00440200 f   vid_win.obj
 0001:0003f3b0       _VID_ShiftPalette          004403b0 f   vid_win.obj
 0001:0003f3d0       _VID_DescribeCurrentMode_f 004403d0 f   vid_win.obj
 0001:0003f3f0       _VID_NumModes_f            004403f0 f   vid_win.obj
 0001:0003f420       _VID_DescribeMode_f        00440420 f   vid_win.obj
 0001:0003f450       _VID_DescribeModes_f       00440450 f   vid_win.obj
 0001:0003f4e0       _VID_TestMode_f            004404e0 f   vid_win.obj
 0001:0003f550       _VID_Windowed_f            00440550 f   vid_win.obj
 0001:0003f570       _VID_Fullscreen_f          00440570 f   vid_win.obj
 0001:0003f590       _VID_Minimize_f            00440590 f   vid_win.obj
 0001:0003f5b0       _VID_ForceMode_f           004405b0 f   vid_win.obj
 0001:0003f5f0       _VID_Init                  004405f0 f   vid_win.obj
 0001:0003f950       _VID_Shutdown              00440950 f   vid_win.obj
 0001:0003f9f0       _FlipScreen                004409f0 f   vid_win.obj
 0001:0003fbd0       _VID_Update                00440bd0 f   vid_win.obj
 0001:0003fe60       _D_BeginDirectRect         00440e60 f   vid_win.obj
 0001:00040110       _D_EndDirectRect           00441110 f   vid_win.obj
 0001:00040330       _AppActivate               00441330 f   vid_win.obj
 0001:00040580       _VID_HandlePause           00441580 f   vid_win.obj
 0001:000405c0       _MainWndProc@16            004415c0 f   vid_win.obj
 0001:00040b90       _VID_MenuDraw              00441b90 f   vid_win.obj
 0001:00041030       _VID_MenuKey               00442030 f   vid_win.obj
 0001:00041350       _V_CalcRoll                00442350 f   view.obj
 0001:000413f0       _V_CalcBob                 004423f0 f   view.obj
 0001:000414c0       _V_StartPitchDrift         004424c0 f   view.obj
 0001:00041510       _V_StopPitchDrift          00442510 f   view.obj
[...]
FIXUPS: 4415 a ffffe1c7 f 75 1d 15 9a 10 10 10 37 19 10 10 10 10 10 10
FIXUPS: 2826 10 10 10 10 10 10 10 10 10 10 10 19b5 a a a a a a a d a a
FIXUPS: 42fc a a f f f f f 12 f f f f f a a a a d a a fffffc24 2b 8 5 34
FIXUPS: 409a 9 20 11 18 12 d 3e 14 3c 14 2b c c c c c b 1c 5 5 a a a a
FIXUPS: 4277 a fffff523 33 34 8 28 c 36 14 49 1b3 44 2c 3c 21 d 9 e1 3c
FIXUPS: 3db1 f 2d 10 8 36 20 2f 1a 68 6 48 a0 11 fffff469 e 34 2d 16 11
FIXUPS: 3532 f 36 11 b c b 14 b c 16 14 45 15 42 18 9 15 10 18 28 20 12
FIXUPS: 3773 f 8 270b 8 11 a a 29 15 1e 25 14 6 20 12 35 ffffd2c6 19 90
FIXUPS: 3344 19 a a c 10 a c 1d 31 10 2e 9 16 19 283d 13 a f d 5 15 8 3f
FIXUPS: 5d43 15 8 21 5 15 8 1d d a 6 6 d a a e 7 d 7 d 17 e 20 fffffaf1
FIXUPS: 59a4 22 39 22 15 13 8 3a c 23 31 10 6 d 16 12 8 8 b d a 5 6 d a
FIXUPS: 5ba3 bc f 11 18 7 fffff560 8 1b 5 a 22 2e 29 24 5a 42 c b 6 8 fb
FIXUPS: 54b9 1a b 37 d5 1d 1b 119 b4 37 26 1c 16 27 3d 31 fffff523 5 12
FIXUPS: 4e57 b 10 1e 1f 2c 12a 25 67 20 d 7 8 22 13 d 13 a 16 5 18 5 16
FIXUPS: 5182 22 5 16 24 5 fffff809 14 2e 36 1b 2a 2e 15 3f 15 15 15 15
FIXUPS: 4b99 7d b 8 8 10 8 25 22 54 24 24 10 5a 1b 16 a 16 5 fffff8f8 32
FIXUPS: 4727 a a f a d 1d 3f 12 21 3f 12 26 e 13 1a a e 14 5 5 26 14 14
FIXUPS: 493b 2d f f 7 6 1d9c 6 d2 43 3d 1c 39 ffffdb73 4b c 16 1d 7 21
FIXUPS: 4511 32 26 50 1f 35 27 c 10 a c 13 12 1e d 8 5 12 1d9f 4b c 8 8
FIXUPS: 64e7 1d 13 6 13 6 13 6 13 6 c 8 8 c c 8 8 c d 8 8 8 7 b 7 4b 12
FIXUPS: 623f c 8 8 18 1e c 8 8 15 8 29 c 26 2d c 8 8 15 8 29 c 26 2e c
FIXUPS: 6428 8 15 c 8 8 c 160c a b 16 a7 f f f f f f f ffffe4b2 f f f f
FIXUPS: 60b1 f 18 7 8 8 8 8 8 47 99 15 8 8 15 141f f 9 13 9 10 13 b f 8
FIXUPS: 7718 1b 40 2c c 14 c 1b 1c 35 32 11a 8 37 1c 13 39 16 9 e b f fffff5e5
FIXUPS: 7076 c 8 19 21 15 15 14 d 6a 5d 1c 7 18 32 f 14 1e 14 51 9f 1d9
FIXUPS: 7569 21 27 1e b a b 26 b fffff69f 4a e 1d 9 9 1d f b 9 6 10 b b
FIXUPS: 6dbd 6 6 1e a b 9 e 22 48 f 23 17 20 62 e 43 12 fffffa3f 10 13
FIXUPS: 6a13 3c 79 11 40 13 20 15 a a a a a a a a a a 11 a f d a a f 24
FIXUPS: 6c66 2a 19 29cc 13 28 9 29 86 89 6 a 18 6 d 18 6 17 38 6 d 5c 16
FIXUPS: 995c 24 58 58 16 ffffcf15 1e 1e c c 22 f 281e 20 3f 27 20 18 13
FIXUPS: 92e3 c b 9 8 16 1b 32 1c 28 29 1e e 1e 27 3e 26 12 14 9 1d 90 4c
FIXUPS: 9627 45 fffff6e1 9 18 16 e 6 33 2e 10 b 6 29 e 10 6 41 e2 f 1f
FIXUPS: 8fc4 2d 32 2f 10 25 88 f 1a 3d 10 29 11 fffff46b 21 1e 9 10 a 4e
FIXUPS: 8778 52 f 1cc 3f 1d 1a 1a 9 28 1d f 14 92 5c 27 c7 a f 8 5 19 16
FIXUPS: 8d00 10 112c 33 ffffdeea 40 c ec 1d4 31 e4 20 20 46 27 c c 1e a
FIXUPS: 8277 28 18 28 1d8 1d 21 20 20 36 59 13 14 6 30 2788 27 11 29 21
FIXUPS: ae74 62 85 99 6c 17 28 37 15 38 73 38 ffffe914 37 2e 7b 23 13 e
FIXUPS: 9c11 b 1b 9a 8c 1b 25 80 820 a a a a a f f f 12 f f 14 40 189 ba
FIXUPS: a96b eb 13 26 10c f8 21 9 1d 6 19 14 11 1d 21 2e fffff36b e 28
FIXUPS: a137 11 1b 94 57 1a 11 80 46 4e 12 56 3a 46 35 48 16 12 26 76 c
FIXUPS: a5cf 14 9 9 b 12 12 f f9c 6f 1b 15 10 6 25 d 27 14 10 14 11 7 a
FIXUPS: b740 c 7 a c7 6 10 16 11 9 25 26 ffffe7b6 27 30 19 9 1252 9 12
FIXUPS: b360 b 6 1e 1c f f f 1f 31 18 18 21 12 12 1e 1a b 6 7 a 9 18 6
FIXUPS: b525 a 27 1b 53 727 9 35 c 9 79 8 6 9 9 54 8 1b c 17 13 bb fffff2f7
FIXUPS: b242 8 19 20 18 16 14 d f f b 6 1c 9 fd1 b 4e 143 13f 14c 14a 26
FIXUPS: c8cb 47 29 fffff77f aa 19 a1 fffffd52 a a 3d 10 60 fffffa0f 10
FIXUPS: baf8 33 28 2c 22 5d 76 9 65 17ad e 9 111 2a 3c 3c 6a e 49 5 5 c
FIXUPS: cfe8 27 1b 56 34 29 21 fffff8fb 68 5b 2c 11e e1 26 8a 24 8b 24
FIXUPS: ced8 1d72 5 2b 26 ffffeaa9 11 10 53 58 3f 84 1e 20 6f d3 18 21
FIXUPS: db88 82 fffff5d0 20 29 18 10 a ab 59 83 18 12 a 71 2c2e 20 18 5
FIXUPS: 100f1 5 5 5 e ffffdb1a 83 39 11 14 9 14 f f 228 61 43 d9 1f1 2c5
FIXUPS: e5bc 3f 4a3 b 139 5 5 59 1338 5 a 5 5 5 5 5 5 5 5 5 a 19 8 15 16
FIXUPS: 1001c 16 f 8 5 5 5 5 5 5 a a a c 5 fffffbf8 1e 12 17 15 17 16 12
FIXUPS: fd5c 9 12 3b 17 18 1c 36 15 14 16 1c 45 4c 1b 7 8 d 5 5 5 5 5 6
FIXUPS: f9d8 15 10 9 26 9 5 5 5 e 5 e e 20 18 b 18 28 8 1b 8 2a 7 1d 19
FIXUPS: fb9a 34 c c 8 39 4b fffff8ea 26 b 8 26 8 8 26 b 5c 7 30 19 e 14
FIXUPS: f6ed 37 b 12 2c 69 8 5 f 11f a 6c 9 19 5 5 20 fffff817 13 10 10
FIXUPS: f228 6 6 b 6 28 1d f 13 d e e 9 2b 10 16 2b 30 17 48 10 16 35 18
FIXUPS: f46e 40 22 27 fffffb42 a a a a a a a a a a a f d a a a a a a a
FIXUPS: f111 2d 2b 9 14 12 15 b b 11 b 4325 f f a ffffb79d 11 13 1d 11
FIXUPS: ed20 7 c 25 12 14 11 13 1d 8 20 19 2c 2b 1c 1e 5a 21 10 f5 a a
FIXUPS: f02f 42e9 f f f 12 f f f f f f f 12 f f f f f f f 12 f f f f f
FIXUPS: 134a7 f 12 f f f fffff986 43 9 3b 9 78 1f 22 12 19 43 15 12 f 13
FIXUPS: 130a2 9 64 47 f 2d 76 9 1b f 22 35 10 3a f f f fffff81c e 6 2f
FIXUPS: 12b86 10 f 45 7 11 f 3b 7 29 c 14 13 1c a 3c 2c 5 21 5 7f e f 21
FIXUPS: 12e2e 1e 19 10 fffff5ae 10 a 37 37 9 6 52 1d 2a 2d 38 38 2e 3c
FIXUPS: 126c7 54 6d 69 6e 72 59 5d b9 58 1b f 9 10 b 18 18 fffff562 10
FIXUPS: 12098 11 14 f 11 11 10 10 27 13 20 1b 15 11 10 4c 4e 34 15 9 12
FIXUPS: 122bd e 94 13 54 a 6 20 6 fffff918 21 12 10 27 7 3a a1 8 2a 14
FIXUPS: 11eb8 10 1b 2f f 16 10 10 11 11 10 19 2f 13 11 20 11 10 10 11 10
FIXUPS: 118e3 c 6 9 6 41 16 59 2a 17 25 22 3a 28 1d 4b f 11 19 1a 1b 10
FIXUPS: 11b95 46 20 3b 7 20 13 1f 7 28 fffff735 e 52 93 b 48 46 c d cc
FIXUPS: 1169e 18 1d 10 1d 21 c 22 e 8 e 11 d 93 7 41 2a 10 14 a d c fffff6a7
FIXUPS: 10f99 51 36 17 53 11 b 2d 11 33 36 8 13 15 d c a 4a 16 16 53 1d
FIXUPS: 1129c 47 22 21 2a 17 29 a 45 fffff929 18 1a 10 14 14 7 6 13 a 1d
FIXUPS: 10dcf f 1b 17 11 11 11 16 19 11 10 1c 17 18 e 1b 12 f 5 c 16 fffff9d7
FIXUPS: 1092d 2b 13 62 14 29 5 9 2b 8 8e 73 1c 1b e f 14 9 11 4a 17 11
FIXUPS: 10c51 11 13 13 16 9 f 22 20 fffff7a1 22 f 11 24 51 22 18 47 18
FIXUPS: 10602 18 16 12 e 47 b 50 8 e b a 5e 40 2b 47 25 a 5e 10 2d f 433e
FIXUPS: 14c62 1e 1e 1e a1 2c 9a 1f 94 2f 73 1c 2ef ffffaec3 5 7 8 2d 24
FIXUPS: 10266 5f 3d 12 7a 18 18 3b 20 f 11 25 427c 1a1 6 8a 22 a a a a
FIXUPS: 1495f a a a a a a a a a a d a a a f 1a 71 3c 49 89 82 e fffff35d
FIXUPS: 13f96 1d 34 1b 29 41 21 10 42 a a a a 16 d a f 8 5 5 1d 5 83 1f
FIXUPS: 1427d ad c 12 c 160 26 1732 a ffffd934 5 a 8 5 64 35d d b9 15 74
FIXUPS: 13a8b 2c 1d e 29 e 3c 6b a 160 90 73 31 4d 27 2b 28 e 13 1770 14
FIXUPS: 156d3 17 14 e d 17 9 42 31 16 9 10 8 31 1b7 25 61 e 19 3b 31 29
FIXUPS: 15b2f 67 a 20 19 9 13 11 11cf f a 14 13 13 39 ffffe664 26 32 1f
FIXUPS: 15550 9 17 14 e d 8 2f d f 14 b 9 17 14 e d 7 b f b 107c 1b 18
FIXUPS: 16754 f 6 12 b 20 e f b 55 49 24 1c f 229 f f f c3 b 46 c 3e c
FIXUPS: 16cd6 15 46 41 57 219 18 2d 32 1b ffffed97 83 5b 9b 13 2ba a 1a
FIXUPS: 162b1 114 d a 172 1e 9d 19 b c 18 f b 6 f b f 2b 35 730d 12 6d
FIXUPS: 1daa1 ffff9caf 88 29 e 33 26 19 3d 304 fffff58b 29 4ab 26 7 10
FIXUPS: 17666 1b 7 18 8 f fffff81e 18 b 18 d 4d 6a 6812 7 7 7 7 7 7 7 7
FIXUPS: 1d825 7 13 12 5 5 76 12 12 12 12 12 12 12 16 12 12 12 12 12 12
FIXUPS: 1d9e3 12 fffffaf4 c 2d 2e 41 6 b4 f f f f f f f 12 f f f f 55 8
FIXUPS: 1d764 5 11 34 7 7 7 7 7 7 7 fffff86c 11 6 8 32 6 37 6 26 6 c d9
FIXUPS: 1d206 17 d e 11 37 e 21 d4 9 f 40 17 39 1b f 24 1c 20 2d fffff5a6
FIXUPS: 1cac9 2d 14 1f 35 11 11 11 11 cf 30 25 2c 1e 22 29 29 22 29 27
FIXUPS: 1ce18 29 131 c 2a 3a 7 1c 7 f 23 fffff5f2 f6 a a 17 10 11 e 13
FIXUPS: 1c7a0 e 2e 11 17 2e 26 11 62 11 27 10 b d 11 27 10 b d 11 50 11
FIXUPS: 1ca33 fffff77f a 19 37 9 10 24 14 17 11 1e d 17 15 18 15 14 1d
FIXUPS: 1c357 26 1d 27 1c 3d f 2d 40 16 a 3b 6 114 fffff5be a a 19 2e 15
FIXUPS: 1bc4c 18 1e 2a 15 14 14 1e 2a 14 14 15 1e 29 17 11 11 1e 37 d 2b
FIXUPS: 1becf 5c 1e 23e 21 fffff363 14 18 11 11 12 18 1a 12 1d 1e 18 15
FIXUPS: 1b637 1b 15 14 1e 1e 2a 1c 3d f 2d 3d c3 e6 59 d 3b 6 f fffff7ec
FIXUPS: 1b215 e e e e 11 e e e e e 11 e e e 11 11 14 11 11 11 11 ff a a
FIXUPS: 1b485 36 9 14 10 11 fffff710 30 2d 11 1e 2e 13 10 27 20 184 6 a
FIXUPS: 1aed3 14 a e e 11 e e 11 11 18 6 a 20 6 d 27 115 75 fffff6b7 2d
FIXUPS: 1a879 2d 51 a a 17 28 e 49 e 2d e 2d e 2d e 2d 28 e 2e e 2d 11
FIXUPS: 1ab6d 11 30 11 14 11 14 fffff97c 14 f 2d 2d 3b f f f f f 14 f f
FIXUPS: 1a6b8 f f 27 f f f f f f 14 f f f f f f 2d fffff8da 12 31 17 25
FIXUPS: 1a175 d 1b b e 2c 9 e 38 18 1f 2d 25 12 9 36 e 2c 37 a 1e 1b 13
FIXUPS: 1a4b9 89 f 14 fffff6f3 e 18 e 47 e b d e 2c 11 b 10 11 1d 1d b
FIXUPS: 19dc5 14 1e 2c 2d 12 d a b 8 a 10 26 2b 174 fffff87b 14 f f f 37
FIXUPS: 19979 37 37 90 14 1b 17 6 25 17 17 a a 17 e e e 11 24 e 24 e 20
FIXUPS: 19c0e 24 e fffff6be 1c 1b 14 14 6 18 38 c 2e 3f 7 146 5d 33 3b
FIXUPS: 19676 44 33 3c 33 3b 32 42 33 27 f f f 27 f f fffff4d9 29 3d f
FIXUPS: 18e52 39 76 16 6 13 16 2c 6 12 f 219 14 a a 17 16 11 16 11 1d d
FIXUPS: 19286 d 17 a 13 1b fffff760 c 2d 3b 22 22 c0 11 e 2f a a 17 e 10
FIXUPS: 18c62 11 10 11 e e 13 11 a d a 1a d 14 1c 1d 2a fffff84c 16 22
FIXUPS: 18632 16 17 16 22 1b 30 c 23 10 6 f 26 d6 1f 6 f 26 da a a 17 a
FIXUPS: 189a5 11 14 6 18 2f fffff74d 7 7 7 dd a a 17 a a 11 14 6 18 2a
FIXUPS: 1830e 2d 3f 7 15 24 d a eb 11 18 12 f 24 50 41 d fffff8a3 b 21
FIXUPS: 17e9f a 21 11 15 b 1c 8 a 1a 16 b 3a 16 5 4d a a 17 a a 11 14 6
FIXUPS: 18088 64 c 29 3c 7c63 3c 19 24 57 e 6f 4c 39 21 37 29 45 22 af
FIXUPS: 20163 b 29 29 13 12 d ffff7a2e 31 3b 44 30 105 1d b a 1e 76eb 9
FIXUPS: 1f551 8a 2c 9 c2 83 56 3c 39 37 25 43 46 26 3c 31 22 29 40 71 22
FIXUPS: 1facd 22 b5 26 1a 3f 14 11b 4f ffffee39 5f 5a 21 145 4a 29 13a
FIXUPS: 1efc1 130 e4 1a 4c 5b 1b 84 21 fd 43 35 9 9 9 9 9 9 9 9 9 9 9 9
FIXUPS: 1df57 9d 25 86 10 ce be 3e 63 9c 70 70 78 21 8a 19 122 1b 95 24
FIXUPS: 1e7e2 c a4 154 5 16 8 33 54 20 b4 52 41f8 31 19 19 39 27 42 8 a0
FIXUPS: 22f84 f 9 ffffab64 f 13 29 113 6d 9d d f 54 1b 29 33 1b 16 2e 10
FIXUPS: 1ded0 18 a 4a86 d 97 31 6c 3a 4c 8 22 c c f c c c c b b 59 6c 18
FIXUPS: 22ce3 1e 8 5 22 1e 12 c 8 d 15 fffff739 f 4c c c 18 14 11 5c 4f
FIXUPS: 22690 c c f c 58 94 18 30 26 83 7 5 d 8 b b 12 12 7 15 3b fffff62c
FIXUPS: 21fa8 2f c f 1d 47 14 18 64 24 6 15 14 34 77 11 c f 49 56 38 13
FIXUPS: 22325 25 30 f 18 35 52 91 a fffff772 f 46 11 f 11 13 c 57 1a 3e
FIXUPS: 21d95 f b 11 11 11 b 11 b a 1a 28 26 16 b 35 c f 14 e 56 fffff754
FIXUPS: 216c7 f 1e 2a 29 2b 2e 72 3c 32 c c 11 5 b 5c 14 c0 c f e 5a 41
FIXUPS: 21ad9 34 44 18 30 75 6 15 fffff55c a 4b f f f 38 11 8 25 4e 72
FIXUPS: 21379 3f c c b 69 14 30 11 8 25 45 72 3c 34 c c f 5c 14 fffff6e5
FIXUPS: 20d6e 7 7 7 a 31 18 27 a2 18 24 11 3a d 12 d 18 a c c 11 5f 28
FIXUPS: 210a4 13 10 18 24 11 a b fffff958 e 11 a 18 19 11 11 10 11 11 10
FIXUPS: 20b50 14 10 11 9 17 19 1d 9 2b 9 19 1a 23 2c 6c 18 30 c 5 fffff54c
FIXUPS: 202c1 9 22 9 23 a e a 4f 61 d1 cb 7a 58 8a 127 3a 1e 26 2c 9a 20
FIXUPS: 20984 21 2e 14 13 16 18 10 21 3d3c c 49 c c 3e 46 ffffe7a9 1f 12
FIXUPS: 23091 1e 28 13 19 46 13 19 10d 12 9 22 76 3b 13 87 13 ffffce0e
FIXUPS: 2026a 23 9 c 413a 12 f f f 82 1b 11 10 f 49 1d b 6 62 15 17 c 6
FIXUPS: 24624 2d 1e 13 f 15 b 6 2c a e 17 12 fffff97b 4e 56 38 1f 19 22
FIXUPS: 241fc 2c 26 17 11 11 22 14 19 32 1c 2c a a a a a a a a a a a a
FIXUPS: 243d2 fffff3c8 5e 17 40 e 23 1d 2e 41 e 2f 1e ab 9c 49 15 27 19
FIXUPS: 23b80 f 4d 85 db 19 51 38 8f 76 2b 8f 76 2b 9a5 14 10 18 19 8 43
FIXUPS: 24a97 8 44 14 8 43 11 9 1f 8 ffffe92e 6d 9b 3f 8 f 14 14 1f a 73
FIXUPS: 236f7 65 5 27 1a42 10 14 b 50 101 8 6 12 1c 57 f 2f 3a 2c c 29
FIXUPS: 254d9 2f a 25 2f da 22 d f 5e 1c fffff250 26 1b 1c 1f2 18 70 10
FIXUPS: 24c43 16 2a 32 170 31 3b 35 5a d 23 1e 39 45 23 1f f 11 17 40 10
FIXUPS: 250d8 1b b 37 b 17 10 7eb af 10 24 7b b5 98 51 25 25 35 35 35 35
FIXUPS: 25da1 35 35 35 35 29 c 35 39 a 1a 1d d 23 d 19 9d 1c 1d46 b b b
FIXUPS: 27dda b b b 1c d f 20 1c 7b 6 16 ffffd819 45 4c 5c a 17 4b 15 9
FIXUPS: 258a1 c 14 22 b 3d 17 1de6 a6 21 192 58 b2 f 84 9e 2d 2d 1c 35
FIXUPS: 27c99 6 6 14 6 6 14 6 6 18 6 1a 6 1e 6 1a 9 6 2b fffff2f6 30 2a
FIXUPS: 27111 16 9a 32 21 60 3f 21 60 1c 21 41 6 38 4b 90 49 e 61 4a a
FIXUPS: 275e1 51 19 24 20 27 28 35 fffff1cb 1c 22 39 1d 13 21 33 22 13e
FIXUPS: 26b65 48 d 6c 2c 73 af 1c 45 2c 21 4d 14 12 a a4 60 b 21 25 1a
FIXUPS: 2706c fffff290 a3 1c 1b 1a 13 b 25 9 37 7 10 29 9 37 7 10 12c 8a
FIXUPS: 26701 44 36 9 e 9a 16 18 17 e b e b 2bae 265 95 f f f a a a a a
FIXUPS: 297b4 a a d a a 31 50 ffffc899 1b 17 a 15 1b 16 6 a 2e 3f 3f 8d
FIXUPS: 290f3 16 24 1a 47 15 15 45 25 d a 9 23 b 1a 19 6 6 18 15 13 11
FIXUPS: 29306 6 3c 13 2d a 16 20 21 4d fffff73a b e e b 1c 58 16 c 22 24
FIXUPS: 28c9e 2e 13 16 c 15 19 15 36 80 21 5a 23 6 21 12 2f 12 90 20 11d
FIXUPS: 285fb 24 37 1a 43 19 11 1b a2 17 21 a2 d b 89 28 15 b 32 92 c c
FIXUPS: 28a64 14 6 1f 14 22 6 17 a 26 13aa 19 9 3dd c4 2e 4b 61 ffffdaee
FIXUPS: 27fa1 14 8 e 1e 2f6 d3 1d 10 33 15 1b 19 24 37 19 1a 69 1d 10 33
FIXUPS: 285c7 1b 134e b a b d 19 b 15 b 15 17 e d 27 31 21 6e 3a 14 5 11
FIXUPS: 29b47 4f 24 c5 24 8e d 2f 4c 2a de 15cd 39 5e 182 53 5f 38 14 12
FIXUPS: 2b7c0 8 19 2a 18 3e 9 ffffedb4 21 64 21 1e f 253 5f 3c 3d 3c ac
FIXUPS: 298a4 2f 32 d 2467 186 f aa 1b6 95 9 77 9 67 36 56 2e ffffe79f
FIXUPS: 2ab5e 31 c0 43 2dd 24 f4 8 6a 9d 4e 35 188 39 1b 18 37 18 20e8
FIXUPS: 2d54b 39 15 46 1a 9 ffffefc1 8b 4b 79 39 9a 17c 52 33 8b a8 35f
FIXUPS: 2cf90 9d f ffffe974 63 a a a a 8 247 a4 d 3670 e 14 17 8 38 12
FIXUPS: 2d940 fb 74 be 49 87 20 58 e1 fffff94a 27 3c b8 aa 7b fffff77d
FIXUPS: 2d0db 2ce 10 13 1d 127 1d 5 5 1bd5 1d 49 b 5 5 1c 1b 5 5 5 18 5
FIXUPS: 2f1ef 18 11 18 11 18 b b 18 14 e 1b 18 18 18 27 3b 8 2d fffff476
FIXUPS: 2e830 4e 1d 49 5a 11f e 68 1f 66 249 94 4f 29 54 2e c 93 3b 45
FIXUPS: 2f053 18 b e 5 18 11 18 24 5 5 ffffee90 a a a a a f f 45 16 8 4d
FIXUPS: 2e093 37 38 2c 26 72 2f 89 e7 16 1b 18 1f4 79 14 5 18 12 5 3d 1379
FIXUPS: 2fa1e 5d 1b 112 b 2c 35 e 8d 5 3b ffffe0e5 e9 f f a a a a a a a
FIXUPS: 2df2b a a a a d a a a 2ede 51 78 ffffe559 20 8 1c 5 5 32 14 22
FIXUPS: 2f583 60 11 3c 34 2d 36 1a 48 30 2a b 1e 16e f f f 50 4b f cb1
FIXUPS: 306b8 2d 18 7 20 a9 23 2d 15 17 1b 7 20 92 b7 11 21 2e 14 21 35
FIXUPS: 30abd d7 1f 37 33 7a 15 16 fa 68 fffff210 c e 23 15 1a 7 1c 5b
FIXUPS: 30147 1f 3a 1f b4 1f 84 31 23 1f 30 26 1f a9 29 1f 3d 1f 2c 22
FIXUPS: 305d1 91 23 baf 37 13d 18 18 18 139 1d 6e 95 39 3e 5a 4d 73 e8
FIXUPS: 3193e c 8 fffff6af ba 30 ffffec1b 17 34 30 19a 10 1b 19 21 9c 3e46
FIXUPS: 33e75 10 1b d f 63 b a a a 2c 24 28 1e 16 13 17 1c 16 1a 26 15
FIXUPS: 31aa1 23 56 13e 83 22 13 1a fffff41f 27eb 8 24 21 64 55 f 4c f
FIXUPS: 33ad7 17 8 74 c 12 12 33 1b 27 f f f 19 c e 4d 5f e7 c 1c 16 12
FIXUPS: 33429 8 37 15 17 12 22 1a 1e 15 e e 2c 1d 1e 1e 64 82 12 e 39 2b
FIXUPS: 33741 21 10 2b 50 38 8 1d b6 20 fffff325 90 37 5a 2d 1c 19 1c 58
FIXUPS: 32eb5 79 78 7a c bb 1c 16 21 4e 8 32 24 b2 10 12 12 12 12 15 12
FIXUPS: 3335e f fffff1b4 f f f f 36 2e 32 2e 35 30 2d 2e 90 64 17a 4c 68
FIXUPS: 32a1e d 1c d 14 1c 2b 10 26 2c e 4d 30 39 fffff761 f 1f f f f f
FIXUPS: 323af f f f f 1d 6 e 6 d 6 e 6 e 6 1c f 21 f f f f f f f fffffc4d
FIXUPS: 3216e f f f f f f f f f 12 f f f f f f f f f f f f f f 14 12 a
FIXUPS: 32313 a a fffffc79 f f f f f f f f f f 12 f 1d 6 e 6 d 6 e 6 e
FIXUPS: 320c9 e 9 e 6 20 f f f f 2f39 5 5 5 5 5 5 5 5 f 8 2c 3d 38 2d 22
FIXUPS: 351dd 25 25 29 6e 42 1b ffffcc05 6 e 6 1b f f f f 2d7c 3e 3f 76
FIXUPS: 34e0f f 23 80 cb 5 30 8 b 5 5 5 5 5 5 d 5 5 18 5 1b 14 5 14 7 5
FIXUPS: 3507f 5 fffff671 3a f 28 8c 24 19 24 16 144 11 8 31 3f 6 21 2d
FIXUPS: 34a9f 5e 28 6b 73 c 1e c 29 5 e e 1b 2d 5 fffff3f3 9a 2e 3c 3d
FIXUPS: 3424c a4 42 54 30 20 a a a a a a a a a f f f d f f 4c 62 44 56
FIXUPS: 34620 3e 1cf0 d f 27 9 26 11 9 d d 11 a d f b 6 27 b 3e 34 16 30
FIXUPS: 36546 5b 25 5b 44 12 23 ffffed1c 25 a 998 10 8 23 3b 21 1a 26 28
FIXUPS: 35eb7 88 34 1a d3 2b ca 8 25 3b 34 18 29 35 37 31 8 29 10 9 d d
FIXUPS: 36344 fffff2e9 f 2b 73 1f a f b 3f 27 9 13 1f 25 6e 9 3b 1e 10b
FIXUPS: 35a32 1e 5e 46 12 1e 4f 1b bf f 17 d8 2a fffff6c7 14 14 13 14 11
FIXUPS: 354aa 19 23 a 16 21 f f f f f f a a d a a a a a a a a 1e a e 1158
FIXUPS: 36824 1c d 18 1b 1e 22 29 18 3c 92 2d 36 42 20 24 22 16 b 15 1b
FIXUPS: 36b47 f 1c 13 1d 20 19 30 ffffe80a 14 2683 26 8 ee 8 16 3f 30 25
FIXUPS: 37c9c e7 76 8 10 ffffee34 cc 47 8 5 4f 4f d0 8 5 104 42 3d e 5d
FIXUPS: 366bf 2a 1c 3255 ffffda78 2b 7d 16 8 13 16 31 8 4f 66 19 2d 8 17
FIXUPS: 3763c 7f 8 54 8 1b 34 157 8 137 8 13 16 29 8 3e 1967 4c e b 18
FIXUPS: 394ad 47 55 9 b 1d 1e 19 1e 14 34 5 33 26 71 77 b 1b 1a 43 20 cc
FIXUPS: 398f7 5 5 21 27 fffff650 a 17 7 31 5c 24 30 10 f 42 30 2c 35 15
FIXUPS: 391c0 12 f 11 40 83 2f 6d e 32 12 b e e e e 18 fffff90d 7 1c 16
FIXUPS: 38d4b 16 7 1f 7 e 7 b 7 b 7 b 7 b 7 b 7 17 7 17 21 45 15 13 17
FIXUPS: 38efd 10 10 fffff9ea 7 15 15 15 15 15 15 3a 43 7b b 7 b 7 28 22
FIXUPS: 38b0d 19 5a e 18 10 19 ac 9 15 7 14 7 26 7 fffff61e 2b b b 8 6f
FIXUPS: 383d0 a 98 1c 2e 17 34 1f 30 60 1a 62 16 56 1bc 14 12 c 13 7 13
FIXUPS: 388c0 13 7 13 7 fffff7c0 b 13 16 b 11 e 2a 1e 2b 11 d 8 1b d 8
FIXUPS: 381e6 d 35 25 d 18 15 18 15 8 10 7 11 7 8 c 202e 16 d a2 32 c 15
FIXUPS: 3a454 ffffd9d4 a a a a a a a a a a 16 3b 10 e e 18 21 17 e 32 36
FIXUPS: 37fe9 8c 1a8f f0 bb 54 d 82 57 41 47 e 3c 12 37 34 2c 49 54 15
FIXUPS: 3a03e 3a 15 11 119 10 d f 3e 33 26 10 23 45 18da 32 16 f 1d 21
FIXUPS: 3bc7e e 5e 3d 66 22 31 6 15 8 e 20 9 6 41 40 16 1a 1e 14 14 2f
FIXUPS: 3bf71 b ffffda87 7a 1c97 9f 33 43 14 15 37 c3 6 e 16 16 11 12 b
FIXUPS: 3b9c3 6 8 b 1d b 25 10 b 31 43 21 25 21 8 28 5a ffffeeb7 32 ec
FIXUPS: 3ac85 32 11 31 d2 88 83 22 5f 10 a6 23 44 3a 87 5c 1d 71 f 53 99
FIXUPS: 3b35c 2a 58 61 120 2a cc 61 160c 18 18 18 18 18 18 14 14 14 14
FIXUPS: 3cdb6 12 15 20 17 12 1a 12 57 a 40 ffffd5b4 30 d8 8e 51 1bc 8f
FIXUPS: 3a90d 56 6f 1e27 53 5 d 3d 26 66 59 a 29 a 1c 56 f 57 1c 4d 11
FIXUPS: 3cb1d e 3f 42 19 21 16 1e 18 18 18 18 18 18 1120 1f 21 8 5 a 9
FIXUPS: 3de32 13 22 5 58 c 12 f ffffe108 ac 78 150 13c a7 3f 32 84 2b 1e
FIXUPS: 3c5e3 3d 88 79 6e 37 f1f a 19 41 2b 6b 12 c 17 35 3d 31 12 153
FIXUPS: 3dac3 d 18 49 73 1b d6 11 1d 14 14 10 24 24 25 1f 12 1f fffff47a
FIXUPS: 3d23a 1c 10 d e 12 15 39 19 5 18 5e 26 20 44 14 26 18 c3 e b 15
FIXUPS: 3d55c 40 14 6 31 ae 1c 5 24 fffff912 12 6 2d 16 b c 6 c 6 20 7
FIXUPS: 3d0ad 19 1b b 1b 7 10 15 f 10 14 12 11 1c 18 6 13 1c 8 1c 4c69
FIXUPS: 41e8b 5b 13 11 1b 11 b 19 13 e 6 19 13 14 4e e 48 8 d 4d 60 77
FIXUPS: 4220f 1a 10 36 19 1d ffffacfa 9 24 477d 32 56 4a 5f 1e 42 5 29
FIXUPS: 41937 19 6 77 27 c 19 c 5b 65 19 a4 17 15 40 14 b 21 98 107 1f
FIXUPS: 41e19 31 fffff3fe 13 8 95 12 11 4b 9d 28 5 11 5 3c 19 2b 5 41 25
FIXUPS: 4153f 5 21 5 3d 5 7 5 97 29 7c 23 8 1d fffff565 55 12 b 3d 14 9
FIXUPS: 40d9c 16 13 16 25 20 5 b e 5 b 66 13 d2 25 18 13 8 e7 12 11 69
FIXUPS: 41177 94 25 fffff4d6 f d 1d 1e 24 13 e1 11 43 b 19 18 98 8 5 5
FIXUPS: 409d2 8a 2b 49 19 3e 49 2b a7 10 f 12 b 8 f fffff868 18 6 41 6
FIXUPS: 4057c 6 3a 6 15 28 a a a a a a a a a a a a a a f 12 f f f f f fffff932
FIXUPS: 4005b 37 c1 8 54 30 e2 15 24 26 14 20 15 4f 1f b 1f f 13 6 6 b
FIXUPS: 4045d f 8 f 13 f 25 22 6 fffff6c6 16 1b 16 e f6 22 11 2b 8 4f 3c
FIXUPS: 3fdf9 47 7 5 6 12 7 a 5 25 5 13 5e 23 13 10 1f 84 14 b fffff424
FIXUPS: 3f446 f 12 16 c fa e 7f 14 f c 85 16 1c 16 e e9 5 2b 12 24 f e7
FIXUPS: 3f992 5 f 12 16 c 76 f9 fffff0f5 58 1a1 20b 2a 68 61 d 13 30 6
FIXUPS: 3f19a 2b 6 2a 6 46 39 6 23 14 2f 2e 12 3e 12 48 12 3a 12 b c ffffef26
FIXUPS: 3e395 92 8c c0 27 d a 1c c d 19 17 20 18 2b 14 35 b a b b1 9 5
FIXUPS: 3e7ab 145 137 a 58 a7 35 cf fffff4d1 10 2c 5 6 6 a 2b 5 5 5 24
FIXUPS: 3e1bf 5 5 32 1b a 16 1b 1a 23 11 11 26 11 11 12 5 5 f 8 565b a
FIXUPS: 4399a a a a a a a a d a a a a a a a a ffffa522 13 29 f 18 14 c
FIXUPS: 3e03d 21 40 2d 1c c 55c1 f 11 10 5 6e 1a 3d 3d 4f 3a 26 6 1b f
FIXUPS: 438d9 a a a a a a a a a a d a a a a a fffff009 6 c 6 c 6 120 50
FIXUPS: 42b53 32 37 31 59 28 14 c7 1f 4a 4d 2ec fa 23 30 77 5 2f 40 27
FIXUPS: 43582 d3 16 3a 1175 7d 54 c3 ee 38 7b e7 8c e ffffedeb 17 2c 5b
FIXUPS: 43b72 30 71 25 ffffe72f 9a 1b6 13a 11 9d 2b a 10 51 b5 17 72 6
FIXUPS: 457ef e c ffffe593 c 1c da 55 9 c9 11 1c 27 2b fe 46 8f 14 6c 8c
FIXUPS: 443c5 63 15 2a 41 97 aa 2c e1 2c 2c 72 af0 2e 1d 15 9 16 32 48
FIXUPS: 453b4 37 50 71 3c 6c 51 2c 50 33 1e 34 20 6 28 15 11 1f 11 14 e
FIXUPS: 457af a 22 2c50 fffff45c 5 ffffd4c5 1a 14 77 b 14 c 22 bf 15 1e
FIXUPS: 44f82 29 39 30 1e 2c 1f 3e 4f 33 21 55 17 3a 17 41 32 12

 320 bytes saved through ICF

